Archive member included to satisfy reference by file (symbol)

.\CortexM3\ARM_GCC_541\Debug\ZumoBot.a(PWM.o)
                              .\CortexM3\ARM_GCC_541\Debug\Motor.o (PWM_Stop)
.\CortexM3\ARM_GCC_541\Debug\ZumoBot.a(I2C.o)
                              .\CortexM3\ARM_GCC_541\Debug\Nunchuk.o (I2C_Start)
.\CortexM3\ARM_GCC_541\Debug\ZumoBot.a(I2C_INT.o)
                              .\CortexM3\ARM_GCC_541\Debug\ZumoBot.a(I2C.o) (I2C_ISR)
.\CortexM3\ARM_GCC_541\Debug\ZumoBot.a(I2C_PM.o)
                              .\CortexM3\ARM_GCC_541\Debug\ZumoBot.a(I2C.o) (I2C_backup)
.\CortexM3\ARM_GCC_541\Debug\ZumoBot.a(I2C_MASTER.o)
                              .\CortexM3\ARM_GCC_541\Debug\I2C_made.o (I2C_MasterWriteBuf)
.\CortexM3\ARM_GCC_541\Debug\ZumoBot.a(CyLib.o)
                              .\CortexM3\ARM_GCC_541\Debug\Cm3Start.o (CyHalt)
.\CortexM3\ARM_GCC_541\Debug\ZumoBot.a(cyPm.o)
                              .\CortexM3\ARM_GCC_541\Debug\ZumoBot.a(CyLib.o) (CyPmReadStatus)
.\CortexM3\ARM_GCC_541\Debug\ZumoBot.a(MotorDirLeft.o)
                              .\CortexM3\ARM_GCC_541\Debug\Motor.o (MotorDirLeft_Write)
.\CortexM3\ARM_GCC_541\Debug\ZumoBot.a(MotorDirRight.o)
                              .\CortexM3\ARM_GCC_541\Debug\Motor.o (MotorDirRight_Write)
.\CortexM3\ARM_GCC_541\Debug\ZumoBot.a(IR_led.o)
                              .\CortexM3\ARM_GCC_541\Debug\main.o (IR_led_Write)
.\CortexM3\ARM_GCC_541\Debug\ZumoBot.a(sensor_isr.o)
                              .\CortexM3\ARM_GCC_541\Debug\main.o (sensor_isr_StartEx)
.\CortexM3\ARM_GCC_541\Debug\ZumoBot.a(UART_1.o)
                              .\CortexM3\ARM_GCC_541\Debug\main.o (UART_1_Start)
.\CortexM3\ARM_GCC_541\Debug\ZumoBot.a(IR_receiver.o)
                              .\CortexM3\ARM_GCC_541\Debug\IR.o (IR_receiver_Read)
.\CortexM3\ARM_GCC_541\Debug\ZumoBot.a(Trig.o)
                              .\CortexM3\ARM_GCC_541\Debug\Ultra.o (Trig_Write)
.\CortexM3\ARM_GCC_541\Debug\ZumoBot.a(Timer.o)
                              .\CortexM3\ARM_GCC_541\Debug\Ultra.o (Timer_Stop)
.\CortexM3\ARM_GCC_541\Debug\ZumoBot.a(Echo.o)
                              .\CortexM3\ARM_GCC_541\Debug\Ultra.o (Echo_Read)
.\CortexM3\ARM_GCC_541\Debug\ZumoBot.a(ultra_isr.o)
                              .\CortexM3\ARM_GCC_541\Debug\Ultra.o (ultra_isr_StartEx)
.\CortexM3\ARM_GCC_541\Debug\ZumoBot.a(UART_1_IntClock.o)
                              .\CortexM3\ARM_GCC_541\Debug\ZumoBot.a(UART_1.o) (UART_1_IntClock_Start)
.\CortexM3\ARM_GCC_541\Debug\ZumoBot.a(Buzzer_PWM.o)
                              .\CortexM3\ARM_GCC_541\Debug\Beep.o (Buzzer_PWM_Stop)
.\CortexM3\ARM_GCC_541\Debug\ZumoBot.a(L3.o)
                              .\CortexM3\ARM_GCC_541\Debug\Reflectance.o (L3_Write)
.\CortexM3\ARM_GCC_541\Debug\ZumoBot.a(Timer_L3.o)
                              .\CortexM3\ARM_GCC_541\Debug\Reflectance.o (Timer_L3_ReadStatusRegister)
.\CortexM3\ARM_GCC_541\Debug\ZumoBot.a(Timer_R3.o)
                              .\CortexM3\ARM_GCC_541\Debug\Reflectance.o (Timer_R3_ReadStatusRegister)
.\CortexM3\ARM_GCC_541\Debug\ZumoBot.a(Timer_R1.o)
                              .\CortexM3\ARM_GCC_541\Debug\Reflectance.o (Timer_R1_ReadStatusRegister)
.\CortexM3\ARM_GCC_541\Debug\ZumoBot.a(R1.o)
                              .\CortexM3\ARM_GCC_541\Debug\Reflectance.o (R1_Write)
.\CortexM3\ARM_GCC_541\Debug\ZumoBot.a(R3.o)
                              .\CortexM3\ARM_GCC_541\Debug\Reflectance.o (R3_Write)
.\CortexM3\ARM_GCC_541\Debug\ZumoBot.a(Timer_L1.o)
                              .\CortexM3\ARM_GCC_541\Debug\Reflectance.o (Timer_L1_ReadStatusRegister)
.\CortexM3\ARM_GCC_541\Debug\ZumoBot.a(L1.o)
                              .\CortexM3\ARM_GCC_541\Debug\Reflectance.o (L1_Write)
.\CortexM3\ARM_GCC_541\Debug\ZumoBot.a(CyBootAsmGnu.o)
                              .\CortexM3\ARM_GCC_541\Debug\cyfitter_cfg.o (CyDelayCycles)
.\CortexM3\ARM_GCC_541\Debug\ZumoBot.a(CyFlash.o)
                              .\CortexM3\ARM_GCC_541\Debug\ZumoBot.a(cyPm.o) (CyFlash_SetWaitCycles)
.\CortexM3\ARM_GCC_541\Debug\ZumoBot.a(CySpc.o)
                              .\CortexM3\ARM_GCC_541\Debug\ZumoBot.a(CyFlash.o) (CySpcStart)
j:/psoc/psoc creator/4.1/psoc creator/import/gnu/arm/5.4.1/bin/../lib/gcc/arm-none-eabi/5.4.1/../../../../arm-none-eabi/lib/armv7-m\libm.a(lib_a-w_atan2.o)
                              .\CortexM3\ARM_GCC_541\Debug\Accel.o (atan2)
j:/psoc/psoc creator/4.1/psoc creator/import/gnu/arm/5.4.1/bin/../lib/gcc/arm-none-eabi/5.4.1/../../../../arm-none-eabi/lib/armv7-m\libm.a(lib_a-w_pow.o)
                              .\CortexM3\ARM_GCC_541\Debug\Ambient.o (pow)
j:/psoc/psoc creator/4.1/psoc creator/import/gnu/arm/5.4.1/bin/../lib/gcc/arm-none-eabi/5.4.1/../../../../arm-none-eabi/lib/armv7-m\libm.a(lib_a-e_atan2.o)
[...]
Memory Configuration

Name             Origin             Length             Attributes
rom              0x00000000         0x00040000         xr
ram              0x1fff8000         0x00010000         xrw
*default*        0x00000000         0xffffffff

Linker script and memory map

LOAD j:/psoc/psoc creator/4.1/psoc creator/import/gnu/arm/5.4.1/bin/../lib/gcc/arm-none-eabi/5.4.1/armv7-m/crti.o
LOAD j:/psoc/psoc creator/4.1/psoc creator/import/gnu/arm/5.4.1/bin/../lib/gcc/arm-none-eabi/5.4.1/armv7-m/crtbegin.o
LOAD j:/psoc/psoc creator/4.1/psoc creator/import/gnu/arm/5.4.1/bin/../lib/gcc/arm-none-eabi/5.4.1/../../../../arm-none-eabi/lib/armv7-m/crt0.o
START GROUP
LOAD .\CortexM3\ARM_GCC_541\Debug\main.o
LOAD .\CortexM3\ARM_GCC_541\Debug\Accel.o
LOAD .\CortexM3\ARM_GCC_541\Debug\Ambient.o
LOAD .\CortexM3\ARM_GCC_541\Debug\Gyro.o
LOAD .\CortexM3\ARM_GCC_541\Debug\I2C_made.o
LOAD .\CortexM3\ARM_GCC_541\Debug\IR.o
LOAD .\CortexM3\ARM_GCC_541\Debug\Magnet.o
LOAD .\CortexM3\ARM_GCC_541\Debug\Motor.o
LOAD .\CortexM3\ARM_GCC_541\Debug\Nunchuk.o
LOAD .\CortexM3\ARM_GCC_541\Debug\Reflectance.o
LOAD .\CortexM3\ARM_GCC_541\Debug\Ultra.o
LOAD .\CortexM3\ARM_GCC_541\Debug\Beep.o
LOAD .\CortexM3\ARM_GCC_541\Debug\cyfitter_cfg.o
LOAD .\CortexM3\ARM_GCC_541\Debug\cymetadata.o
LOAD .\CortexM3\ARM_GCC_541\Debug\Cm3Start.o
LOAD .\CortexM3\ARM_GCC_541\Debug\ZumoBot.a
LOAD J:\PSoC\PSoC Creator\4.1\PSoC Creator\psoc\content\cycomponentlibrary\CyComponentLibrary.cylib\CortexM3\ARM_GCC_541\Debug\CyComponentLibrary.a
LOAD j:/psoc/psoc creator/4.1/psoc creator/import/gnu/arm/5.4.1/bin/../lib/gcc/arm-none-eabi/5.4.1/../../../../arm-none-eabi/lib/armv7-m\libm.a
END GROUP
START GROUP
LOAD j:/psoc/psoc creator/4.1/psoc creator/import/gnu/arm/5.4.1/bin/../lib/gcc/arm-none-eabi/5.4.1/armv7-m\libgcc.a
LOAD j:/psoc/psoc creator/4.1/psoc creator/import/gnu/arm/5.4.1/bin/../lib/gcc/arm-none-eabi/5.4.1/../../../../arm-none-eabi/lib/armv7-m\libg.a
LOAD j:/psoc/psoc creator/4.1/psoc creator/import/gnu/arm/5.4.1/bin/../lib/gcc/arm-none-eabi/5.4.1/../../../../arm-none-eabi/lib/armv7-m\libc.a
END GROUP
LOAD j:/psoc/psoc creator/4.1/psoc creator/import/gnu/arm/5.4.1/bin/../lib/gcc/arm-none-eabi/5.4.1/armv7-m/crtend.o
LOAD j:/psoc/psoc creator/4.1/psoc creator/import/gnu/arm/5.4.1/bin/../lib/gcc/arm-none-eabi/5.4.1/armv7-m/crtn.o
START GROUP
LOAD j:/psoc/psoc creator/4.1/psoc creator/import/gnu/arm/5.4.1/bin/../lib/gcc/arm-none-eabi/5.4.1/armv7-m\libgcc.a
LOAD j:/psoc/psoc creator/4.1/psoc creator/import/gnu/arm/5.4.1/bin/../lib/gcc/arm-none-eabi/5.4.1/../../../../arm-none-eabi/lib/armv7-m\libc.a
LOAD j:/psoc/psoc creator/4.1/psoc creator/import/gnu/arm/5.4.1/bin/../lib/gcc/arm-none-eabi/5.4.1/../../../../arm-none-eabi/lib/armv7-m\libnosys.a
END GROUP
                0x00000000                CY_APPL_ORIGIN = 0x0
                0x00000100                CY_FLASH_ROW_SIZE = 0x100
                0x00000020                CY_ECC_ROW_SIZE = 0x20
                0x00000000                CY_EE_IN_BTLDR = 0x0
                0x00000000                CY_APPL_LOADABLE = 0x0
                0x00000800                CY_EE_SIZE = 0x800
                0x00000001                CY_APPL_NUM = 0x1
                0x00000001                CY_APPL_MAX = 0x1
                0x00000040                CY_METADATA_SIZE = 0x40
                0x00000000                CY_APPL_LOADABLE = 0x0
                0x00000000                CY_CHECKSUM_EXCLUDE_SIZE = ALIGN (0x0, CY_FLASH_ROW_SIZE)
                [!provide]                PROVIDE (__cy_heap_start, _end)
                0x00000001                PROVIDE (__cy_region_num, ((__cy_regions_end - __cy_regions) / 0x10))
                0x20008000                PROVIDE (__cy_stack, (ORIGIN (ram) + LENGTH (ram)))
                [!provide]                PROVIDE (__cy_heap_end, (__cy_stack - 0x800))

.cybootloader   0x00000000        0x0
 *(.cybootloader)
                0x00000000                appl1_start = CY_APPL_ORIGIN?CY_APPL_ORIGIN:ALIGN (CY_FLASH_ROW_SIZE)
                0x0001ff00                appl2_start = (appl1_start + ALIGN ((((LENGTH (rom) - appl1_start) - (0x2 * CY_FLASH_ROW_SIZE)) / 0x2), CY_FLASH_ROW_SIZE))
                0x00000000                appl_start = (CY_APPL_NUM == 0x1)?appl1_start:appl2_start
                0x00000000                ecc_offset = ((appl_start / CY_FLASH_ROW_SIZE) * CY_ECC_ROW_SIZE)
                0x00000000                ee_offset = (CY_APPL_LOADABLE && ! (CY_EE_IN_BTLDR))?((CY_EE_SIZE / CY_APPL_MAX) * (CY_APPL_NUM - 0x1)):0x0
                0x00000800                ee_size = (CY_APPL_LOADABLE && ! (CY_EE_IN_BTLDR))?(CY_EE_SIZE / CY_APPL_MAX):CY_EE_SIZE
                [!provide]                PROVIDE (CY_ECC_OFFSET, ecc_offset)

.text           0x00000000     0x1188
 CREATE_OBJECT_SYMBOLS
                0x00000000                PROVIDE (__cy_interrupt_vector, RomVectors)
 *(.romvectors)
 .romvectors    0x00000000       0x10 .\CortexM3\ARM_GCC_541\Debug\Cm3Start.o
                0x00000000                RomVectors
                0x00000001                ASSERT ((. != __cy_interrupt_vector), No interrupt vector)
                0x00000001                ASSERT (CY_APPL_ORIGIN?(SIZEOF (.cybootloader) <= CY_APPL_ORIGIN):0x1, Wrong image location)
                0x00000010                PROVIDE (__cy_reset, Reset)
 *(.text.Reset)
 .text.Reset    0x00000010       0x18 .\CortexM3\ARM_GCC_541\Debug\Cm3Start.o
                0x00000010                Reset
                0x00000001                ASSERT ((. != __cy_reset), No reset code)
 *(.dma_init)
                0x00000001                ASSERT ((((appl_start + .) <= 0x10000) || 0x1), DMA Init must be within the first 64k of flash)
 *(.text .text.* .gnu.linkonce.t.*)
 .text          0x00000028       0x5c j:/psoc/psoc creator/4.1/psoc creator/import/gnu/arm/5.4.1/bin/../lib/gcc/arm-none-eabi/5.4.1/armv7-m/crtbegin.o
 .text.main     0x00000084       0xac .\CortexM3\ARM_GCC_541\Debug\main.o
                0x00000084                main
 .text.wait_going_down
                0x00000130        0xc .\CortexM3\ARM_GCC_541\Debug\IR.o
                0x00000130                wait_going_down
 .text.count_downtime
                0x0000013c       0x14 .\CortexM3\ARM_GCC_541\Debug\IR.o
                0x0000013c                count_downtime
 .text.count_uptime
                0x00000150       0x14 .\CortexM3\ARM_GCC_541\Debug\IR.o
                0x00000150                count_uptime
 .text.get_IR   0x00000164       0x60 .\CortexM3\ARM_GCC_541\Debug\IR.o
                0x00000164                get_IR
 .text.motor_start
                0x000001c4        0x8 .\CortexM3\ARM_GCC_541\Debug\Motor.o
                0x000001c4                motor_start
 .text.motor_forward
                0x000001cc       0x28 .\CortexM3\ARM_GCC_541\Debug\Motor.o
                0x000001cc                motor_forward
 .text.motor_turn
                0x000001f4       0x18 .\CortexM3\ARM_GCC_541\Debug\Motor.o
                0x000001f4                motor_turn
 .text.motor_backward
                0x0000020c       0x28 .\CortexM3\ARM_GCC_541\Debug\Motor.o
                0x0000020c                motor_backward
 .text.sensor_isr_handler
                0x00000234      0x108 .\CortexM3\ARM_GCC_541\Debug\Reflectance.o
                0x00000234                sensor_isr_handler
 .text.reflectance_start
                0x0000033c       0x20 .\CortexM3\ARM_GCC_541\Debug\Reflectance.o
                0x0000033c                reflectance_start
 .text.reflectance_read
                0x0000035c       0x10 .\CortexM3\ARM_GCC_541\Debug\Reflectance.o
                0x0000035c                reflectance_read
 .text.reflectance_digital
                0x0000036c       0x6c .\CortexM3\ARM_GCC_541\Debug\Reflectance.o
                0x0000036c                reflectance_digital
 .text.CyClockStartupError
                0x000003d8        0x4 .\CortexM3\ARM_GCC_541\Debug\cyfitter_cfg.o
 .text.cfg_write_bytes32
                0x000003dc       0x34 .\CortexM3\ARM_GCC_541\Debug\cyfitter_cfg.o
 .text.CYMEMZERO
                0x00000410        0xc .\CortexM3\ARM_GCC_541\Debug\cyfitter_cfg.o
 .text.ClockSetup
                0x0000041c       0xf0 .\CortexM3\ARM_GCC_541\Debug\cyfitter_cfg.o
 .text.AnalogSetDefault
                0x0000050c       0x80 .\CortexM3\ARM_GCC_541\Debug\cyfitter_cfg.o
 .text.CYCONFIGCPY
                0x0000058c        0x8 .\CortexM3\ARM_GCC_541\Debug\cyfitter_cfg.o
 .text.cyfitter_cfg
                0x00000594      0x144 .\CortexM3\ARM_GCC_541\Debug\cyfitter_cfg.o
                0x00000594                cyfitter_cfg
 .text.IntDefaultHandler
                0x000006d8       0x10 .\CortexM3\ARM_GCC_541\Debug\Cm3Start.o
                0x000006d8                IntDefaultHandler
 .text.Start_c  0x000006e8       0x4c .\CortexM3\ARM_GCC_541\Debug\Cm3Start.o
                0x000006e8                Start_c
 .text.initialize_psoc
                0x00000734       0x68 .\CortexM3\ARM_GCC_541\Debug\Cm3Start.o
                0x00000734                initialize_psoc
 .text.PWM_Enable
                0x0000079c       0x10 .\CortexM3\ARM_GCC_541\Debug\ZumoBot.a(PWM.o)
                0x0000079c                PWM_Enable
 .text.PWM_WriteCounter
                0x000007ac        0xc .\CortexM3\ARM_GCC_541\Debug\ZumoBot.a(PWM.o)
                0x000007ac                PWM_WriteCounter
 .text.PWM_WritePeriod
                0x000007b8        0xc .\CortexM3\ARM_GCC_541\Debug\ZumoBot.a(PWM.o)
                0x000007b8                PWM_WritePeriod
 .text.PWM_WriteCompare1
                0x000007c4        0xc .\CortexM3\ARM_GCC_541\Debug\ZumoBot.a(PWM.o)
                0x000007c4                PWM_WriteCompare1
 .text.PWM_WriteCompare2
                0x000007d0        0xc .\CortexM3\ARM_GCC_541\Debug\ZumoBot.a(PWM.o)
                0x000007d0                PWM_WriteCompare2
 .text.PWM_SetInterruptMode
                0x000007dc        0xc .\CortexM3\ARM_GCC_541\Debug\ZumoBot.a(PWM.o)
                0x000007dc                PWM_SetInterruptMode
 .text.PWM_ReadStatusRegister
                0x000007e8        0xc .\CortexM3\ARM_GCC_541\Debug\ZumoBot.a(PWM.o)
                0x000007e8                PWM_ReadStatusRegister
 .text.PWM_ReadCapture
                0x000007f4        0xc .\CortexM3\ARM_GCC_541\Debug\ZumoBot.a(PWM.o)
                0x000007f4                PWM_ReadCapture
 .text.PWM_ClearFIFO
                0x00000800       0x14 .\CortexM3\ARM_GCC_541\Debug\ZumoBot.a(PWM.o)
                0x00000800                PWM_ClearFIFO
 .text.PWM_Init
                0x00000814       0x58 .\CortexM3\ARM_GCC_541\Debug\ZumoBot.a(PWM.o)
                0x00000814                PWM_Init
 .text.PWM_Start
                0x0000086c       0x1c .\CortexM3\ARM_GCC_541\Debug\ZumoBot.a(PWM.o)
                0x0000086c                PWM_Start
 .text.CyDelay  0x00000888       0x2c .\CortexM3\ARM_GCC_541\Debug\ZumoBot.a(CyLib.o)
                0x00000888                CyDelay
 .text.CyDelayUs
                0x000008b4       0x14 .\CortexM3\ARM_GCC_541\Debug\ZumoBot.a(CyLib.o)
                0x000008b4                CyDelayUs
 .text.MotorDirLeft_Write
                0x000008c8       0x18 .\CortexM3\ARM_GCC_541\Debug\ZumoBot.a(MotorDirLeft.o)
                0x000008c8                MotorDirLeft_Write
 .text.MotorDirRight_Write
                0x000008e0       0x18 .\CortexM3\ARM_GCC_541\Debug\ZumoBot.a(MotorDirRight.o)
                0x000008e0                MotorDirRight_Write
 .text.IR_led_Write
                0x000008f8       0x18 .\CortexM3\ARM_GCC_541\Debug\ZumoBot.a(IR_led.o)
                0x000008f8                IR_led_Write
 .text.sensor_isr_SetVector
                0x00000910        0xc .\CortexM3\ARM_GCC_541\Debug\ZumoBot.a(sensor_isr.o)
                0x00000910                sensor_isr_SetVector
 .text.sensor_isr_SetPriority
                0x0000091c       0x10 .\CortexM3\ARM_GCC_541\Debug\ZumoBot.a(sensor_isr.o)
                0x0000091c                sensor_isr_SetPriority
 .text.sensor_isr_Enable
                0x0000092c        0xc .\CortexM3\ARM_GCC_541\Debug\ZumoBot.a(sensor_isr.o)
                0x0000092c                sensor_isr_Enable
 .text.sensor_isr_Disable
                0x00000938        0xc .\CortexM3\ARM_GCC_541\Debug\ZumoBot.a(sensor_isr.o)
                0x00000938                sensor_isr_Disable
 .text.sensor_isr_StartEx
                0x00000944       0x1c .\CortexM3\ARM_GCC_541\Debug\ZumoBot.a(sensor_isr.o)
                0x00000944                sensor_isr_StartEx
 .text.UART_1_Init
                0x00000960       0x28 .\CortexM3\ARM_GCC_541\Debug\ZumoBot.a(UART_1.o)
                0x00000960                UART_1_Init
 .text.UART_1_Enable
                0x00000988       0x38 .\CortexM3\ARM_GCC_541\Debug\ZumoBot.a(UART_1.o)
                0x00000988                UART_1_Enable
 .text.UART_1_Start
                0x000009c0       0x1c .\CortexM3\ARM_GCC_541\Debug\ZumoBot.a(UART_1.o)
                0x000009c0                UART_1_Start
 .text.IR_receiver_Read
                0x000009dc        0xc .\CortexM3\ARM_GCC_541\Debug\ZumoBot.a(IR_receiver.o)
                0x000009dc                IR_receiver_Read
 .text.UART_1_IntClock_Start
                0x000009e8       0x1c .\CortexM3\ARM_GCC_541\Debug\ZumoBot.a(UART_1_IntClock.o)
                0x000009e8                UART_1_IntClock_Start
 .text.L3_Write
                0x00000a04       0x18 .\CortexM3\ARM_GCC_541\Debug\ZumoBot.a(L3.o)
                0x00000a04                L3_Write
 .text.L3_SetDriveMode
                0x00000a1c       0x18 .\CortexM3\ARM_GCC_541\Debug\ZumoBot.a(L3.o)
                0x00000a1c                L3_SetDriveMode
 .text.Timer_L3_Enable
                0x00000a34       0x28 .\CortexM3\ARM_GCC_541\Debug\ZumoBot.a(Timer_L3.o)
                0x00000a34                Timer_L3_Enable
 .text.Timer_L3_SetInterruptMode
                0x00000a5c        0xc .\CortexM3\ARM_GCC_541\Debug\ZumoBot.a(Timer_L3.o)
                0x00000a5c                Timer_L3_SetInterruptMode
 .text.Timer_L3_ReadStatusRegister
                0x00000a68        0xc .\CortexM3\ARM_GCC_541\Debug\ZumoBot.a(Timer_L3.o)
                0x00000a68                Timer_L3_ReadStatusRegister
 .text.Timer_L3_ReadPeriod
                0x00000a74        0xc .\CortexM3\ARM_GCC_541\Debug\ZumoBot.a(Timer_L3.o)
                0x00000a74                Timer_L3_ReadPeriod
 .text.Timer_L3_WritePeriod
                0x00000a80        0xc .\CortexM3\ARM_GCC_541\Debug\ZumoBot.a(Timer_L3.o)
                0x00000a80                Timer_L3_WritePeriod
 .text.Timer_L3_ReadCapture
                0x00000a8c        0xc .\CortexM3\ARM_GCC_541\Debug\ZumoBot.a(Timer_L3.o)
                0x00000a8c                Timer_L3_ReadCapture
 .text.Timer_L3_WriteCounter
                0x00000a98        0xc .\CortexM3\ARM_GCC_541\Debug\ZumoBot.a(Timer_L3.o)
                0x00000a98                Timer_L3_WriteCounter
 .text.Timer_L3_Init
                0x00000aa4       0x68 .\CortexM3\ARM_GCC_541\Debug\ZumoBot.a(Timer_L3.o)
                0x00000aa4                Timer_L3_Init
 .text.Timer_L3_Start
                0x00000b0c       0x1c .\CortexM3\ARM_GCC_541\Debug\ZumoBot.a(Timer_L3.o)
                0x00000b0c                Timer_L3_Start
 .text.Timer_R3_Enable
                0x00000b28       0x28 .\CortexM3\ARM_GCC_541\Debug\ZumoBot.a(Timer_R3.o)
                0x00000b28                Timer_R3_Enable
 .text.Timer_R3_SetInterruptMode
                0x00000b50        0xc .\CortexM3\ARM_GCC_541\Debug\ZumoBot.a(Timer_R3.o)
                0x00000b50                Timer_R3_SetInterruptMode
 .text.Timer_R3_ReadStatusRegister
                0x00000b5c        0xc .\CortexM3\ARM_GCC_541\Debug\ZumoBot.a(Timer_R3.o)
                0x00000b5c                Timer_R3_ReadStatusRegister
 .text.Timer_R3_ReadPeriod
                0x00000b68        0xc .\CortexM3\ARM_GCC_541\Debug\ZumoBot.a(Timer_R3.o)
                0x00000b68                Timer_R3_ReadPeriod
 .text.Timer_R3_WritePeriod
                0x00000b74        0xc .\CortexM3\ARM_GCC_541\Debug\ZumoBot.a(Timer_R3.o)
                0x00000b74                Timer_R3_WritePeriod
 .text.Timer_R3_ReadCapture
                0x00000b80        0xc .\CortexM3\ARM_GCC_541\Debug\ZumoBot.a(Timer_R3.o)
                0x00000b80                Timer_R3_ReadCapture
 .text.Timer_R3_WriteCounter
                0x00000b8c        0xc .\CortexM3\ARM_GCC_541\Debug\ZumoBot.a(Timer_R3.o)
                0x00000b8c                Timer_R3_WriteCounter
 .text.Timer_R3_Init
                0x00000b98       0x68 .\CortexM3\ARM_GCC_541\Debug\ZumoBot.a(Timer_R3.o)
                0x00000b98                Timer_R3_Init
 .text.Timer_R3_Start
                0x00000c00       0x1c .\CortexM3\ARM_GCC_541\Debug\ZumoBot.a(Timer_R3.o)
                0x00000c00                Timer_R3_Start
 .text.Timer_R1_Enable
                0x00000c1c       0x28 .\CortexM3\ARM_GCC_541\Debug\ZumoBot.a(Timer_R1.o)
                0x00000c1c                Timer_R1_Enable
 .text.Timer_R1_SetInterruptMode
                0x00000c44        0xc .\CortexM3\ARM_GCC_541\Debug\ZumoBot.a(Timer_R1.o)
                0x00000c44                Timer_R1_SetInterruptMode
 .text.Timer_R1_ReadStatusRegister
                0x00000c50        0xc .\CortexM3\ARM_GCC_541\Debug\ZumoBot.a(Timer_R1.o)
                0x00000c50                Timer_R1_ReadStatusRegister
 .text.Timer_R1_ReadPeriod
                0x00000c5c        0xc .\CortexM3\ARM_GCC_541\Debug\ZumoBot.a(Timer_R1.o)
                0x00000c5c                Timer_R1_ReadPeriod
 .text.Timer_R1_WritePeriod
                0x00000c68        0xc .\CortexM3\ARM_GCC_541\Debug\ZumoBot.a(Timer_R1.o)
                0x00000c68                Timer_R1_WritePeriod
 .text.Timer_R1_ReadCapture
                0x00000c74        0xc .\CortexM3\ARM_GCC_541\Debug\ZumoBot.a(Timer_R1.o)
                0x00000c74                Timer_R1_ReadCapture
 .text.Timer_R1_WriteCounter
                0x00000c80        0xc .\CortexM3\ARM_GCC_541\Debug\ZumoBot.a(Timer_R1.o)
                0x00000c80                Timer_R1_WriteCounter
 .text.Timer_R1_Init
                0x00000c8c       0x68 .\CortexM3\ARM_GCC_541\Debug\ZumoBot.a(Timer_R1.o)
                0x00000c8c                Timer_R1_Init
 .text.Timer_R1_Start
                0x00000cf4       0x1c .\CortexM3\ARM_GCC_541\Debug\ZumoBot.a(Timer_R1.o)
                0x00000cf4                Timer_R1_Start
 .text.R1_Write
                0x00000d10       0x18 .\CortexM3\ARM_GCC_541\Debug\ZumoBot.a(R1.o)
                0x00000d10                R1_Write
 .text.R1_SetDriveMode
                0x00000d28       0x18 .\CortexM3\ARM_GCC_541\Debug\ZumoBot.a(R1.o)
                0x00000d28                R1_SetDriveMode
 .text.R3_Write
                0x00000d40       0x18 .\CortexM3\ARM_GCC_541\Debug\ZumoBot.a(R3.o)
                0x00000d40                R3_Write
 .text.R3_SetDriveMode
                0x00000d58       0x18 .\CortexM3\ARM_GCC_541\Debug\ZumoBot.a(R3.o)
                0x00000d58                R3_SetDriveMode
 .text.Timer_L1_Enable
                0x00000d70       0x28 .\CortexM3\ARM_GCC_541\Debug\ZumoBot.a(Timer_L1.o)
                0x00000d70                Timer_L1_Enable
 .text.Timer_L1_SetInterruptMode
                0x00000d98        0xc .\CortexM3\ARM_GCC_541\Debug\ZumoBot.a(Timer_L1.o)
                0x00000d98                Timer_L1_SetInterruptMode
 .text.Timer_L1_ReadStatusRegister
                0x00000da4        0xc .\CortexM3\ARM_GCC_541\Debug\ZumoBot.a(Timer_L1.o)
                0x00000da4                Timer_L1_ReadStatusRegister
 .text.Timer_L1_ReadPeriod
                0x00000db0        0xc .\CortexM3\ARM_GCC_541\Debug\ZumoBot.a(Timer_L1.o)
                0x00000db0                Timer_L1_ReadPeriod
 .text.Timer_L1_WritePeriod
                0x00000dbc        0xc .\CortexM3\ARM_GCC_541\Debug\ZumoBot.a(Timer_L1.o)
                0x00000dbc                Timer_L1_WritePeriod
 .text.Timer_L1_ReadCapture
                0x00000dc8        0xc .\CortexM3\ARM_GCC_541\Debug\ZumoBot.a(Timer_L1.o)
                0x00000dc8                Timer_L1_ReadCapture
 .text.Timer_L1_WriteCounter
                0x00000dd4        0xc .\CortexM3\ARM_GCC_541\Debug\ZumoBot.a(Timer_L1.o)
                0x00000dd4                Timer_L1_WriteCounter
 .text.Timer_L1_Init
                0x00000de0       0x68 .\CortexM3\ARM_GCC_541\Debug\ZumoBot.a(Timer_L1.o)
                0x00000de0                Timer_L1_Init
 .text.Timer_L1_Start
                0x00000e48       0x1c .\CortexM3\ARM_GCC_541\Debug\ZumoBot.a(Timer_L1.o)
                0x00000e48                Timer_L1_Start
 .text.L1_Write
                0x00000e64       0x18 .\CortexM3\ARM_GCC_541\Debug\ZumoBot.a(L1.o)
                0x00000e64                L1_Write
 .text.L1_SetDriveMode
                0x00000e7c       0x18 .\CortexM3\ARM_GCC_541\Debug\ZumoBot.a(L1.o)
                0x00000e7c                L1_SetDriveMode
 *fill*         0x00000e94        0x4 
 .text          0x00000e98       0x20 .\CortexM3\ARM_GCC_541\Debug\ZumoBot.a(CyBootAsmGnu.o)
                0x00000e98                CyDelayCycles
                0x00000ea8                CyEnterCriticalSection
                0x00000eb0                CyExitCriticalSection
 .text.__errno  0x00000eb8        0xc j:/psoc/psoc creator/4.1/psoc creator/import/gnu/arm/5.4.1/bin/../lib/gcc/arm-none-eabi/5.4.1/../../../../arm-none-eabi/lib/armv7-m\libg.a(lib_a-errno.o)
                0x00000eb8                __errno
 .text.__libc_init_array
                0x00000ec4       0x50 j:/psoc/psoc creator/4.1/psoc creator/import/gnu/arm/5.4.1/bin/../lib/gcc/arm-none-eabi/5.4.1/../../../../arm-none-eabi/lib/armv7-m\libg.a(lib_a-init.o)
                0x00000ec4                __libc_init_array
 .text          0x00000f14       0xec j:/psoc/psoc creator/4.1/psoc creator/import/gnu/arm/5.4.1/bin/../lib/gcc/arm-none-eabi/5.4.1/../../../../arm-none-eabi/lib/armv7-m\libg.a(lib_a-memcpy.o)
                0x00000f14                memcpy
 .text.memset   0x00001000       0x9c j:/psoc/psoc creator/4.1/psoc creator/import/gnu/arm/5.4.1/bin/../lib/gcc/arm-none-eabi/5.4.1/../../../../arm-none-eabi/lib/armv7-m\libg.a(lib_a-memset.o)
                0x00001000                memset
 .text.startup.register_fini
                0x0000109c       0x14 j:/psoc/psoc creator/4.1/psoc creator/import/gnu/arm/5.4.1/bin/../lib/gcc/arm-none-eabi/5.4.1/../../../../arm-none-eabi/lib/armv7-m\libg.a(lib_a-__call_atexit.o)
 .text.atexit   0x000010b0        0xc j:/psoc/psoc creator/4.1/psoc creator/import/gnu/arm/5.4.1/bin/../lib/gcc/arm-none-eabi/5.4.1/../../../../arm-none-eabi/lib/armv7-m\libg.a(lib_a-atexit.o)
                0x000010b0                atexit
 .text.__libc_fini_array
                0x000010bc       0x28 j:/psoc/psoc creator/4.1/psoc creator/import/gnu/arm/5.4.1/bin/../lib/gcc/arm-none-eabi/5.4.1/../../../../arm-none-eabi/lib/armv7-m\libg.a(lib_a-fini.o)
                0x000010bc                __libc_fini_array
 .text.__register_exitproc
                0x000010e4       0xa4 j:/psoc/psoc creator/4.1/psoc creator/import/gnu/arm/5.4.1/bin/../lib/gcc/arm-none-eabi/5.4.1/../../../../arm-none-eabi/lib/armv7-m\libg.a(lib_a-__atexit.o)
                0x000010e4                __register_exitproc
 *(.plt)
 *(.gnu.warning)
 *(.glue_7t)
 .glue_7t       0x00001188        0x0 linker stubs
 *(.glue_7)
 .glue_7        0x00001188        0x0 linker stubs
 *(.vfp11_veneer)
 .vfp11_veneer  0x00001188        0x0 linker stubs
 *(.bootloader)
 *(.ARM.extab* .gnu.linkonce.armextab.*)
 *(.gcc_except_table)

.v4_bx          0x00001188        0x0
 .v4_bx         0x00001188        0x0 linker stubs

.iplt           0x00001188        0x0
 .iplt          0x00001188        0x0 j:/psoc/psoc creator/4.1/psoc creator/import/gnu/arm/5.4.1/bin/../lib/gcc/arm-none-eabi/5.4.1/armv7-m/crtbegin.o

.eh_frame_hdr
 *(.eh_frame_hdr)

.eh_frame       0x00001188        0x4
 *(.eh_frame)
 .eh_frame      0x00001188        0x0 j:/psoc/psoc creator/4.1/psoc creator/import/gnu/arm/5.4.1/bin/../lib/gcc/arm-none-eabi/5.4.1/armv7-m/crtbegin.o
 .eh_frame      0x00001188        0x4 j:/psoc/psoc creator/4.1/psoc creator/import/gnu/arm/5.4.1/bin/../lib/gcc/arm-none-eabi/5.4.1/armv7-m/crtend.o
                [!provide]                PROVIDE (__exidx_start, .)

.ARM.exidx
 *(.ARM.exidx* .gnu.linkonce.armexidx.*)
                0x0000118c                __exidx_end = .

.rodata         0x0000118c       0x7c
 *(.rodata .rodata.* .gnu.linkonce.r.*)
 .rodata        0x0000118c       0x3a .\CortexM3\ARM_GCC_541\Debug\cyfitter_cfg.o
 *fill*         0x000011c6        0x2 
 .rodata.str1.4
                0x000011c8        0x4 j:/psoc/psoc creator/4.1/psoc creator/import/gnu/arm/5.4.1/bin/../lib/gcc/arm-none-eabi/5.4.1/../../../../arm-none-eabi/lib/armv7-m\libg.a(lib_a-impure.o)
                                  0x2 (size before relaxing)
 .rodata._global_impure_ptr
                0x000011cc        0x4 j:/psoc/psoc creator/4.1/psoc creator/import/gnu/arm/5.4.1/bin/../lib/gcc/arm-none-eabi/5.4.1/../../../../arm-none-eabi/lib/armv7-m\libg.a(lib_a-impure.o)
                0x000011cc                _global_impure_ptr
                0x000011d0                . = ALIGN (0x4)
 *(.init)
 .init          0x000011d0        0x4 j:/psoc/psoc creator/4.1/psoc creator/import/gnu/arm/5.4.1/bin/../lib/gcc/arm-none-eabi/5.4.1/armv7-m/crti.o
                0x000011d0                _init
 .init          0x000011d4        0x8 j:/psoc/psoc creator/4.1/psoc creator/import/gnu/arm/5.4.1/bin/../lib/gcc/arm-none-eabi/5.4.1/armv7-m/crtn.o
                0x000011dc                . = ALIGN (0x4)
                0x000011dc                __preinit_array_start = .
 *(.preinit_array)
                0x000011dc                __preinit_array_end = .
                0x000011dc                . = ALIGN (0x4)
                0x000011dc                __init_array_start = .
 *(SORT(.init_array.*))
 .init_array.00000
                0x000011dc        0x4 j:/psoc/psoc creator/4.1/psoc creator/import/gnu/arm/5.4.1/bin/../lib/gcc/arm-none-eabi/5.4.1/../../../../arm-none-eabi/lib/armv7-m\libg.a(lib_a-__call_atexit.o)
 *(.init_array)
 .init_array    0x000011e0        0x4 j:/psoc/psoc creator/4.1/psoc creator/import/gnu/arm/5.4.1/bin/../lib/gcc/arm-none-eabi/5.4.1/armv7-m/crtbegin.o
 .init_array    0x000011e4        0x4 .\CortexM3\ARM_GCC_541\Debug\Cm3Start.o
                0x000011e8                __init_array_end = .
                0x000011e8                . = ALIGN (0x4)
 *(.fini)
 .fini          0x000011e8        0x4 j:/psoc/psoc creator/4.1/psoc creator/import/gnu/arm/5.4.1/bin/../lib/gcc/arm-none-eabi/5.4.1/armv7-m/crti.o
                0x000011e8                _fini
 .fini          0x000011ec        0x8 j:/psoc/psoc creator/4.1/psoc creator/import/gnu/arm/5.4.1/bin/../lib/gcc/arm-none-eabi/5.4.1/armv7-m/crtn.o
                0x000011f4                . = ALIGN (0x4)
                0x000011f4                __fini_array_start = .
 *(.fini_array)
 .fini_array    0x000011f4        0x4 j:/psoc/psoc creator/4.1/psoc creator/import/gnu/arm/5.4.1/bin/../lib/gcc/arm-none-eabi/5.4.1/armv7-m/crtbegin.o
 *(SORT(.fini_array.*))
                0x000011f8                __fini_array_end = .
                0x000011f8                . = ALIGN (0x4)
 *crtbegin.o(.ctors)
 *(EXCLUDE_FILE(*crtend.o) .ctors)
 *(SORT(.ctors.*))
 *crtend.o(.ctors)
                0x000011f8                . = ALIGN (0x4)
 *crtbegin.o(.dtors)
 *(EXCLUDE_FILE(*crtend.o) .dtors)
 *(SORT(.dtors.*))
 *crtend.o(.dtors)
                0x000011f8                . = ALIGN (0x4)
                0x000011f8                __cy_regions = .
                0x000011f8        0x4 LONG 0x1208 __cy_region_init_ram
                0x000011fc        0x4 LONG 0x1fff80c8 __cy_region_start_data
                0x00001200        0x4 LONG 0x450 __cy_region_init_size_ram
                0x00001204        0x4 LONG 0x38 __cy_region_zero_size_ram
                0x00001208                __cy_regions_end = .
                0x00001208                . = ALIGN (0x8)
                0x00001208                _etext = .

.cy_checksum_exclude
                0x00001208        0x0
 *(.cy_checksum_exclude)

.ramvectors     0x1fff8000       0xc0
                0x1fff8000                __cy_region_start_ram = .
 *(.ramvectors)
 .ramvectors    0x1fff8000       0xc0 .\CortexM3\ARM_GCC_541\Debug\Cm3Start.o
                0x1fff8000                CyRamVectors

.noinit         0x1fff80c0        0x1
 *(.noinit)
 .noinit        0x1fff80c0        0x1 .\CortexM3\ARM_GCC_541\Debug\ZumoBot.a(CyLib.o)
                0x1fff80c0                CyResetStatus

.data           0x1fff80c8      0x450 load address 0x00001208
                0x1fff80c8                __cy_region_start_data = .
 *(.jcr)
 .jcr           0x1fff80c8        0x0 j:/psoc/psoc creator/4.1/psoc creator/import/gnu/arm/5.4.1/bin/../lib/gcc/arm-none-eabi/5.4.1/armv7-m/crtbegin.o
 .jcr           0x1fff80c8        0x4 j:/psoc/psoc creator/4.1/psoc creator/import/gnu/arm/5.4.1/bin/../lib/gcc/arm-none-eabi/5.4.1/armv7-m/crtend.o
 *(.got.plt)
 *(.got)
 *(.shdata)
 *(.data .data.* .gnu.linkonce.d.*)
 .data          0x1fff80cc        0x8 .\CortexM3\ARM_GCC_541\Debug\Reflectance.o
 .data          0x1fff80d4       0x10 .\CortexM3\ARM_GCC_541\Debug\ZumoBot.a(CyLib.o)
                0x1fff80d4                cydelay_32k_ms
                0x1fff80d8                cydelay_freq_khz
                0x1fff80dc                cydelay_freq_mhz
                0x1fff80e0                cydelay_freq_hz
 *fill*         0x1fff80e4        0x4 
 .data.impure_data
                0x1fff80e8      0x428 j:/psoc/psoc creator/4.1/psoc creator/import/gnu/arm/5.4.1/bin/../lib/gcc/arm-none-eabi/5.4.1/../../../../arm-none-eabi/lib/armv7-m\libg.a(lib_a-impure.o)
 .data._impure_ptr
                0x1fff8510        0x4 j:/psoc/psoc creator/4.1/psoc creator/import/gnu/arm/5.4.1/bin/../lib/gcc/arm-none-eabi/5.4.1/../../../../arm-none-eabi/lib/armv7-m\libg.a(lib_a-impure.o)
                0x1fff8510                _impure_ptr
                0x1fff8518                . = ALIGN (0x8)
 *fill*         0x1fff8514        0x4 
 *(.ram)
                0x1fff8518                _edata = .

.igot.plt       0x1fff8518        0x0 load address 0x00001658
 .igot.plt      0x1fff8518        0x0 j:/psoc/psoc creator/4.1/psoc creator/import/gnu/arm/5.4.1/bin/../lib/gcc/arm-none-eabi/5.4.1/armv7-m/crtbegin.o

.bss            0x1fff8518       0x38 load address 0x00001658
                0x1fff8518                PROVIDE (__bss_start__, .)
 *(.shbss)
 *(.bss .bss.* .gnu.linkonce.b.*)
 .bss           0x1fff8518       0x1c j:/psoc/psoc creator/4.1/psoc creator/import/gnu/arm/5.4.1/bin/../lib/gcc/arm-none-eabi/5.4.1/armv7-m/crtbegin.o
 .bss           0x1fff8534       0x10 .\CortexM3\ARM_GCC_541\Debug\Reflectance.o
 .bss           0x1fff8544        0x1 .\CortexM3\ARM_GCC_541\Debug\ZumoBot.a(PWM.o)
                0x1fff8544                PWM_initVar
 .bss           0x1fff8545        0x2 .\CortexM3\ARM_GCC_541\Debug\ZumoBot.a(UART_1.o)
                0x1fff8545                UART_1_initVar
 .bss           0x1fff8547        0x1 .\CortexM3\ARM_GCC_541\Debug\ZumoBot.a(Timer_L3.o)
                0x1fff8547                Timer_L3_initVar
 .bss           0x1fff8548        0x1 .\CortexM3\ARM_GCC_541\Debug\ZumoBot.a(Timer_R3.o)
                0x1fff8548                Timer_R3_initVar
 .bss           0x1fff8549        0x1 .\CortexM3\ARM_GCC_541\Debug\ZumoBot.a(Timer_R1.o)
                0x1fff8549                Timer_R1_initVar
 .bss           0x1fff854a        0x1 .\CortexM3\ARM_GCC_541\Debug\ZumoBot.a(Timer_L1.o)
                0x1fff854a                Timer_L1_initVar
 *(COMMON)
                0x1fff8550                . = ALIGN (0x8)
 *fill*         0x1fff854b        0x5 
 *(.ram.b)
                0x1fff8550                _end = .
                0x1fff8550                __end = .
                0x1fff8550                PROVIDE (end, .)
                0x1fff8550                PROVIDE (__bss_end__, .)
                0x00001208                __cy_region_init_ram = LOADADDR (.data)
                0x00000450                __cy_region_init_size_ram = (_edata - ADDR (.data))
                0x00000038                __cy_region_zero_size_ram = (_end - _edata)

.heap           0x1fff8550      0x800 load address 0x00001658
                0x1fff8550                . = _end
                0x1fff8d50                . = (. + 0x800)
 *fill*         0x1fff8550      0x800 
                0x1fff8d50                __cy_heap_limit = .

.stack          0x20007800      0x800
                0x20007800                __cy_stack_limit = .
                0x20008000                . = (. + 0x800)
 *fill*         0x20007800      0x800 
                0x00000001                ASSERT ((__cy_stack_limit >= __cy_heap_limit), region RAM overflowed with stack)
                0x00000000                cy_checksum_exclude_size = (CY_APPL_LOADABLE == 0x1)?SIZEOF (.cy_checksum_exclude):0x0
                0x00000001                ASSERT ((cy_checksum_exclude_size <= CY_CHECKSUM_EXCLUDE_SIZE), CY_BOOT: Section .cy_checksum_exclude size exceedes specified limit.)

.cyloadermeta
 *(.cyloadermeta)

.cyloadablemeta
 *(.cyloadablemeta)

.cyconfigecc    0x80000000      0x8c4
 *(.cyconfigecc)
 .cyconfigecc   0x80000000      0x8c4 .\CortexM3\ARM_GCC_541\Debug\cymetadata.o
                0x80000000                cy_meta_configecc

.cycustnvl      0x90000000        0x4
 *(.cycustnvl)
 .cycustnvl     0x90000000        0x4 .\CortexM3\ARM_GCC_541\Debug\cymetadata.o
                0x90000000                cy_meta_custnvl

.cywolatch      0x90100000        0x4
 *(.cywolatch)
 .cywolatch     0x90100000        0x4 .\CortexM3\ARM_GCC_541\Debug\cymetadata.o
                0x90100000                cy_meta_wonvl

.cyeeprom       0x90200000        0x0
 *(.cyeeprom)
                0x00000001                ASSERT ((. <= ((0x90200000 + ee_offset) + ee_size)), .cyeeprom data will not fit in EEPROM)

.cyflashprotect
                0x90400000      0x100
 *(.cyflashprotect)
 .cyflashprotect
                0x90400000      0x100 .\CortexM3\ARM_GCC_541\Debug\cymetadata.o
                0x90400000                cy_meta_flashprotect

.cymeta         0x90500000        0xc
 *(.cymeta)
 .cymeta        0x90500000        0xc .\CortexM3\ARM_GCC_541\Debug\cymetadata.o
                0x90500000                cy_metadata

.rel.dyn        0x00001658        0x0 load address 0x9050000c
 .rel.iplt      0x00001658        0x0 j:/psoc/psoc creator/4.1/psoc creator/import/gnu/arm/5.4.1/bin/../lib/gcc/arm-none-eabi/5.4.1/armv7-m/crtbegin.o

.stab
 *(.stab)

.stabstr
 *(.stabstr)

.debug
 *(.debug)

.line
 *(.line)

.debug_srcinfo
 *(.debug_srcinfo)

.debug_sfnames
 *(.debug_sfnames)

.debug_aranges  0x00000000     0x10a8
 *(.debug_aranges)
 .debug_aranges
                0x00000000       0x30 .\CortexM3\ARM_GCC_541\Debug\main.o
 .debug_aranges
                0x00000030       0x20 .\CortexM3\ARM_GCC_541\Debug\Accel.o
 .debug_aranges
                0x00000050       0x20 .\CortexM3\ARM_GCC_541\Debug\Ambient.o
 .debug_aranges
                0x00000070       0x20 .\CortexM3\ARM_GCC_541\Debug\Gyro.o
 .debug_aranges
                0x00000090       0x30 .\CortexM3\ARM_GCC_541\Debug\I2C_made.o
 .debug_aranges
                0x000000c0       0x40 .\CortexM3\ARM_GCC_541\Debug\IR.o
 .debug_aranges
                0x00000100       0x20 .\CortexM3\ARM_GCC_541\Debug\Magnet.o
 .debug_aranges
                0x00000120       0x48 .\CortexM3\ARM_GCC_541\Debug\Motor.o
 .debug_aranges
                0x00000168       0x30 .\CortexM3\ARM_GCC_541\Debug\Nunchuk.o
 .debug_aranges
                0x00000198       0x40 .\CortexM3\ARM_GCC_541\Debug\Reflectance.o
 .debug_aranges
                0x000001d8       0x38 .\CortexM3\ARM_GCC_541\Debug\Ultra.o
 .debug_aranges
                0x00000210       0x20 .\CortexM3\ARM_GCC_541\Debug\Beep.o
 .debug_aranges
                0x00000230       0x58 .\CortexM3\ARM_GCC_541\Debug\cyfitter_cfg.o
 .debug_aranges
                0x00000288       0x18 .\CortexM3\ARM_GCC_541\Debug\cymetadata.o
 .debug_aranges
                0x000002a0       0x48 .\CortexM3\ARM_GCC_541\Debug\Cm3Start.o
 .debug_aranges
                0x000002e8       0xa8 .\CortexM3\ARM_GCC_541\Debug\ZumoBot.a(PWM.o)
 .debug_aranges
                0x00000390       0x38 .\CortexM3\ARM_GCC_541\Debug\ZumoBot.a(I2C.o)
 .debug_aranges
                0x000003c8       0x20 .\CortexM3\ARM_GCC_541\Debug\ZumoBot.a(I2C_INT.o)
 .debug_aranges
                0x000003e8       0x38 .\CortexM3\ARM_GCC_541\Debug\ZumoBot.a(I2C_PM.o)
 .debug_aranges
                0x00000420       0x80 .\CortexM3\ARM_GCC_541\Debug\ZumoBot.a(I2C_MASTER.o)
 .debug_aranges
                0x000004a0      0x2a0 .\CortexM3\ARM_GCC_541\Debug\ZumoBot.a(CyLib.o)
 .debug_aranges
                0x00000740       0x98 .\CortexM3\ARM_GCC_541\Debug\ZumoBot.a(cyPm.o)
 .debug_aranges
                0x000007d8       0x38 .\CortexM3\ARM_GCC_541\Debug\ZumoBot.a(MotorDirLeft.o)
 .debug_aranges
                0x00000810       0x38 .\CortexM3\ARM_GCC_541\Debug\ZumoBot.a(MotorDirRight.o)
 .debug_aranges
                0x00000848       0x38 .\CortexM3\ARM_GCC_541\Debug\ZumoBot.a(IR_led.o)
 .debug_aranges
                0x00000880       0x80 .\CortexM3\ARM_GCC_541\Debug\ZumoBot.a(sensor_isr.o)
 .debug_aranges
                0x00000900       0xf0 .\CortexM3\ARM_GCC_541\Debug\ZumoBot.a(UART_1.o)
 .debug_aranges
                0x000009f0       0x38 .\CortexM3\ARM_GCC_541\Debug\ZumoBot.a(IR_receiver.o)
 .debug_aranges
                0x00000a28       0x38 .\CortexM3\ARM_GCC_541\Debug\ZumoBot.a(Trig.o)
 .debug_aranges
                0x00000a60       0x88 .\CortexM3\ARM_GCC_541\Debug\ZumoBot.a(Timer.o)
 .debug_aranges
                0x00000ae8       0x38 .\CortexM3\ARM_GCC_541\Debug\ZumoBot.a(Echo.o)
 .debug_aranges
                0x00000b20       0x80 .\CortexM3\ARM_GCC_541\Debug\ZumoBot.a(ultra_isr.o)
 .debug_aranges
                0x00000ba0       0x70 .\CortexM3\ARM_GCC_541\Debug\ZumoBot.a(UART_1_IntClock.o)
 .debug_aranges
                0x00000c10       0x80 .\CortexM3\ARM_GCC_541\Debug\ZumoBot.a(Buzzer_PWM.o)
 .debug_aranges
                0x00000c90       0x38 .\CortexM3\ARM_GCC_541\Debug\ZumoBot.a(L3.o)
 .debug_aranges
                0x00000cc8       0x88 .\CortexM3\ARM_GCC_541\Debug\ZumoBot.a(Timer_L3.o)
 .debug_aranges
                0x00000d50       0x88 .\CortexM3\ARM_GCC_541\Debug\ZumoBot.a(Timer_R3.o)
 .debug_aranges
                0x00000dd8       0x88 .\CortexM3\ARM_GCC_541\Debug\ZumoBot.a(Timer_R1.o)
 .debug_aranges
                0x00000e60       0x38 .\CortexM3\ARM_GCC_541\Debug\ZumoBot.a(R1.o)
 .debug_aranges
                0x00000e98       0x38 .\CortexM3\ARM_GCC_541\Debug\ZumoBot.a(R3.o)
 .debug_aranges
                0x00000ed0       0x88 .\CortexM3\ARM_GCC_541\Debug\ZumoBot.a(Timer_L1.o)
 .debug_aranges
                0x00000f58       0x38 .\CortexM3\ARM_GCC_541\Debug\ZumoBot.a(L1.o)
 .debug_aranges
                0x00000f90       0x20 .\CortexM3\ARM_GCC_541\Debug\ZumoBot.a(CyBootAsmGnu.o)
 .debug_aranges
                0x00000fb0       0x80 .\CortexM3\ARM_GCC_541\Debug\ZumoBot.a(CyFlash.o)
 .debug_aranges
                0x00001030       0x78 .\CortexM3\ARM_GCC_541\Debug\ZumoBot.a(CySpc.o)

.debug_pubnames
 *(.debug_pubnames)

.debug_info     0x00000000     0x8c8f
 *(.debug_info .gnu.linkonce.wi.*)
 .debug_info    0x00000000      0x474 .\CortexM3\ARM_GCC_541\Debug\main.o
 .debug_info    0x00000474      0x138 .\CortexM3\ARM_GCC_541\Debug\Accel.o
 .debug_info    0x000005ac      0x10e .\CortexM3\ARM_GCC_541\Debug\Ambient.o
 .debug_info    0x000006ba      0x10a .\CortexM3\ARM_GCC_541\Debug\Gyro.o
 .debug_info    0x000007c4      0x2e3 .\CortexM3\ARM_GCC_541\Debug\I2C_made.o
 .debug_info    0x00000aa7      0x22d .\CortexM3\ARM_GCC_541\Debug\IR.o
 .debug_info    0x00000cd4      0x145 .\CortexM3\ARM_GCC_541\Debug\Magnet.o
 .debug_info    0x00000e19      0x37f .\CortexM3\ARM_GCC_541\Debug\Motor.o
 .debug_info    0x00001198      0x2b6 .\CortexM3\ARM_GCC_541\Debug\Nunchuk.o
 .debug_info    0x0000144e      0x55f .\CortexM3\ARM_GCC_541\Debug\Reflectance.o
 .debug_info    0x000019ad      0x6ac .\CortexM3\ARM_GCC_541\Debug\Ultra.o
 .debug_info    0x00002059      0x194 .\CortexM3\ARM_GCC_541\Debug\Beep.o
 .debug_info    0x000021ed      0x63d .\CortexM3\ARM_GCC_541\Debug\cyfitter_cfg.o
 .debug_info    0x0000282a      0x139 .\CortexM3\ARM_GCC_541\Debug\cymetadata.o
 .debug_info    0x00002963      0x3b5 .\CortexM3\ARM_GCC_541\Debug\Cm3Start.o
 .debug_info    0x00002d18      0x383 .\CortexM3\ARM_GCC_541\Debug\ZumoBot.a(PWM.o)
 .debug_info    0x0000309b      0x2ad .\CortexM3\ARM_GCC_541\Debug\ZumoBot.a(I2C.o)
 .debug_info    0x00003348      0x184 .\CortexM3\ARM_GCC_541\Debug\ZumoBot.a(I2C_INT.o)
 .debug_info    0x000034cc      0x207 .\CortexM3\ARM_GCC_541\Debug\ZumoBot.a(I2C_PM.o)
 .debug_info    0x000036d3      0x407 .\CortexM3\ARM_GCC_541\Debug\ZumoBot.a(I2C_MASTER.o)
 .debug_info    0x00003ada     0x1374 .\CortexM3\ARM_GCC_541\Debug\ZumoBot.a(CyLib.o)
 .debug_info    0x00004e4e      0xa1d .\CortexM3\ARM_GCC_541\Debug\ZumoBot.a(cyPm.o)
 .debug_info    0x0000586b      0x11f .\CortexM3\ARM_GCC_541\Debug\ZumoBot.a(MotorDirLeft.o)
 .debug_info    0x0000598a      0x11f .\CortexM3\ARM_GCC_541\Debug\ZumoBot.a(MotorDirRight.o)
 .debug_info    0x00005aa9      0x11f .\CortexM3\ARM_GCC_541\Debug\ZumoBot.a(IR_led.o)
 .debug_info    0x00005bc8      0x2d2 .\CortexM3\ARM_GCC_541\Debug\ZumoBot.a(sensor_isr.o)
 .debug_info    0x00005e9a      0x60c .\CortexM3\ARM_GCC_541\Debug\ZumoBot.a(UART_1.o)
 .debug_info    0x000064a6      0x11f .\CortexM3\ARM_GCC_541\Debug\ZumoBot.a(IR_receiver.o)
 .debug_info    0x000065c5      0x11f .\CortexM3\ARM_GCC_541\Debug\ZumoBot.a(Trig.o)
 .debug_info    0x000066e4      0x2d3 .\CortexM3\ARM_GCC_541\Debug\ZumoBot.a(Timer.o)
 .debug_info    0x000069b7      0x11f .\CortexM3\ARM_GCC_541\Debug\ZumoBot.a(Echo.o)
 .debug_info    0x00006ad6      0x2d2 .\CortexM3\ARM_GCC_541\Debug\ZumoBot.a(ultra_isr.o)
 .debug_info    0x00006da8      0x283 .\CortexM3\ARM_GCC_541\Debug\ZumoBot.a(UART_1_IntClock.o)
 .debug_info    0x0000702b      0x279 .\CortexM3\ARM_GCC_541\Debug\ZumoBot.a(Buzzer_PWM.o)
 .debug_info    0x000072a4      0x11f .\CortexM3\ARM_GCC_541\Debug\ZumoBot.a(L3.o)
 .debug_info    0x000073c3      0x295 .\CortexM3\ARM_GCC_541\Debug\ZumoBot.a(Timer_L3.o)
 .debug_info    0x00007658      0x295 .\CortexM3\ARM_GCC_541\Debug\ZumoBot.a(Timer_R3.o)
 .debug_info    0x000078ed      0x295 .\CortexM3\ARM_GCC_541\Debug\ZumoBot.a(Timer_R1.o)
 .debug_info    0x00007b82      0x11f .\CortexM3\ARM_GCC_541\Debug\ZumoBot.a(R1.o)
 .debug_info    0x00007ca1      0x11f .\CortexM3\ARM_GCC_541\Debug\ZumoBot.a(R3.o)
 .debug_info    0x00007dc0      0x295 .\CortexM3\ARM_GCC_541\Debug\ZumoBot.a(Timer_L1.o)
 .debug_info    0x00008055      0x11f .\CortexM3\ARM_GCC_541\Debug\ZumoBot.a(L1.o)
 .debug_info    0x00008174       0x7a .\CortexM3\ARM_GCC_541\Debug\ZumoBot.a(CyBootAsmGnu.o)
 .debug_info    0x000081ee      0x5b8 .\CortexM3\ARM_GCC_541\Debug\ZumoBot.a(CyFlash.o)
 .debug_info    0x000087a6      0x4e9 .\CortexM3\ARM_GCC_541\Debug\ZumoBot.a(CySpc.o)

.debug_abbrev   0x00000000     0x2e9f
 *(.debug_abbrev)
 .debug_abbrev  0x00000000      0x145 .\CortexM3\ARM_GCC_541\Debug\main.o
 .debug_abbrev  0x00000145       0xae .\CortexM3\ARM_GCC_541\Debug\Accel.o
 .debug_abbrev  0x000001f3       0x8c .\CortexM3\ARM_GCC_541\Debug\Ambient.o
 .debug_abbrev  0x0000027f       0xa5 .\CortexM3\ARM_GCC_541\Debug\Gyro.o
 .debug_abbrev  0x00000324      0x124 .\CortexM3\ARM_GCC_541\Debug\I2C_made.o
 .debug_abbrev  0x00000448      0x100 .\CortexM3\ARM_GCC_541\Debug\IR.o
 .debug_abbrev  0x00000548       0xba .\CortexM3\ARM_GCC_541\Debug\Magnet.o
 .debug_abbrev  0x00000602       0xdd .\CortexM3\ARM_GCC_541\Debug\Motor.o
 .debug_abbrev  0x000006df       0xe4 .\CortexM3\ARM_GCC_541\Debug\Nunchuk.o
 .debug_abbrev  0x000007c3      0x11d .\CortexM3\ARM_GCC_541\Debug\Reflectance.o
 .debug_abbrev  0x000008e0      0x21b .\CortexM3\ARM_GCC_541\Debug\Ultra.o
 .debug_abbrev  0x00000afb       0xc9 .\CortexM3\ARM_GCC_541\Debug\Beep.o
 .debug_abbrev  0x00000bc4      0x20d .\CortexM3\ARM_GCC_541\Debug\cyfitter_cfg.o
 .debug_abbrev  0x00000dd1       0x77 .\CortexM3\ARM_GCC_541\Debug\cymetadata.o
 .debug_abbrev  0x00000e48      0x1e8 .\CortexM3\ARM_GCC_541\Debug\Cm3Start.o
 .debug_abbrev  0x00001030      0x133 .\CortexM3\ARM_GCC_541\Debug\ZumoBot.a(PWM.o)
 .debug_abbrev  0x00001163      0x10a .\CortexM3\ARM_GCC_541\Debug\ZumoBot.a(I2C.o)
 .debug_abbrev  0x0000126d       0xb6 .\CortexM3\ARM_GCC_541\Debug\ZumoBot.a(I2C_INT.o)
 .debug_abbrev  0x00001323       0xfe .\CortexM3\ARM_GCC_541\Debug\ZumoBot.a(I2C_PM.o)
 .debug_abbrev  0x00001421      0x13c .\CortexM3\ARM_GCC_541\Debug\ZumoBot.a(I2C_MASTER.o)
 .debug_abbrev  0x0000155d      0x254 .\CortexM3\ARM_GCC_541\Debug\ZumoBot.a(CyLib.o)
 .debug_abbrev  0x000017b1      0x1ab .\CortexM3\ARM_GCC_541\Debug\ZumoBot.a(cyPm.o)
 .debug_abbrev  0x0000195c       0x90 .\CortexM3\ARM_GCC_541\Debug\ZumoBot.a(MotorDirLeft.o)
 .debug_abbrev  0x000019ec       0x90 .\CortexM3\ARM_GCC_541\Debug\ZumoBot.a(MotorDirRight.o)
 .debug_abbrev  0x00001a7c       0x90 .\CortexM3\ARM_GCC_541\Debug\ZumoBot.a(IR_led.o)
 .debug_abbrev  0x00001b0c      0x173 .\CortexM3\ARM_GCC_541\Debug\ZumoBot.a(sensor_isr.o)
 .debug_abbrev  0x00001c7f      0x175 .\CortexM3\ARM_GCC_541\Debug\ZumoBot.a(UART_1.o)
 .debug_abbrev  0x00001df4       0x90 .\CortexM3\ARM_GCC_541\Debug\ZumoBot.a(IR_receiver.o)
 .debug_abbrev  0x00001e84       0x90 .\CortexM3\ARM_GCC_541\Debug\ZumoBot.a(Trig.o)
 .debug_abbrev  0x00001f14      0x13a .\CortexM3\ARM_GCC_541\Debug\ZumoBot.a(Timer.o)
 .debug_abbrev  0x0000204e       0x90 .\CortexM3\ARM_GCC_541\Debug\ZumoBot.a(Echo.o)
 .debug_abbrev  0x000020de      0x173 .\CortexM3\ARM_GCC_541\Debug\ZumoBot.a(ultra_isr.o)
 .debug_abbrev  0x00002251      0x139 .\CortexM3\ARM_GCC_541\Debug\ZumoBot.a(UART_1_IntClock.o)
 .debug_abbrev  0x0000238a      0x12d .\CortexM3\ARM_GCC_541\Debug\ZumoBot.a(Buzzer_PWM.o)
 .debug_abbrev  0x000024b7       0x90 .\CortexM3\ARM_GCC_541\Debug\ZumoBot.a(L3.o)
 .debug_abbrev  0x00002547      0x11a .\CortexM3\ARM_GCC_541\Debug\ZumoBot.a(Timer_L3.o)
 .debug_abbrev  0x00002661      0x11a .\CortexM3\ARM_GCC_541\Debug\ZumoBot.a(Timer_R3.o)
 .debug_abbrev  0x0000277b      0x11a .\CortexM3\ARM_GCC_541\Debug\ZumoBot.a(Timer_R1.o)
 .debug_abbrev  0x00002895       0x90 .\CortexM3\ARM_GCC_541\Debug\ZumoBot.a(R1.o)
 .debug_abbrev  0x00002925       0x90 .\CortexM3\ARM_GCC_541\Debug\ZumoBot.a(R3.o)
 .debug_abbrev  0x000029b5      0x11a .\CortexM3\ARM_GCC_541\Debug\ZumoBot.a(Timer_L1.o)
 .debug_abbrev  0x00002acf       0x90 .\CortexM3\ARM_GCC_541\Debug\ZumoBot.a(L1.o)
 .debug_abbrev  0x00002b5f       0x14 .\CortexM3\ARM_GCC_541\Debug\ZumoBot.a(CyBootAsmGnu.o)
 .debug_abbrev  0x00002b73      0x198 .\CortexM3\ARM_GCC_541\Debug\ZumoBot.a(CyFlash.o)
 .debug_abbrev  0x00002d0b      0x194 .\CortexM3\ARM_GCC_541\Debug\ZumoBot.a(CySpc.o)

.debug_line     0x00000000     0x4385
 *(.debug_line)
 .debug_line    0x00000000      0x211 .\CortexM3\ARM_GCC_541\Debug\main.o
 .debug_line    0x00000211      0x1a1 .\CortexM3\ARM_GCC_541\Debug\Accel.o
 .debug_line    0x000003b2       0xcc .\CortexM3\ARM_GCC_541\Debug\Ambient.o
 .debug_line    0x0000047e      0x146 .\CortexM3\ARM_GCC_541\Debug\Gyro.o
 .debug_line    0x000005c4      0x198 .\CortexM3\ARM_GCC_541\Debug\I2C_made.o
 .debug_line    0x0000075c      0x1da .\CortexM3\ARM_GCC_541\Debug\IR.o
 .debug_line    0x00000936      0x1a0 .\CortexM3\ARM_GCC_541\Debug\Magnet.o
 .debug_line    0x00000ad6      0x1dd .\CortexM3\ARM_GCC_541\Debug\Motor.o
 .debug_line    0x00000cb3      0x194 .\CortexM3\ARM_GCC_541\Debug\Nunchuk.o
 .debug_line    0x00000e47      0x246 .\CortexM3\ARM_GCC_541\Debug\Reflectance.o
 .debug_line    0x0000108d      0x1dc .\CortexM3\ARM_GCC_541\Debug\Ultra.o
 .debug_line    0x00001269      0x164 .\CortexM3\ARM_GCC_541\Debug\Beep.o
 .debug_line    0x000013cd      0x1f7 .\CortexM3\ARM_GCC_541\Debug\cyfitter_cfg.o
 .debug_line    0x000015c4      0x113 .\CortexM3\ARM_GCC_541\Debug\cymetadata.o
 .debug_line    0x000016d7      0x206 .\CortexM3\ARM_GCC_541\Debug\Cm3Start.o
 .debug_line    0x000018dd      0x1a7 .\CortexM3\ARM_GCC_541\Debug\ZumoBot.a(PWM.o)
 .debug_line    0x00001a84       0xd9 .\CortexM3\ARM_GCC_541\Debug\ZumoBot.a(I2C.o)
 .debug_line    0x00001b5d      0x114 .\CortexM3\ARM_GCC_541\Debug\ZumoBot.a(I2C_INT.o)
 .debug_line    0x00001c71       0xbb .\CortexM3\ARM_GCC_541\Debug\ZumoBot.a(I2C_PM.o)
 .debug_line    0x00001d2c      0x1fd .\CortexM3\ARM_GCC_541\Debug\ZumoBot.a(I2C_MASTER.o)
 .debug_line    0x00001f29      0x816 .\CortexM3\ARM_GCC_541\Debug\ZumoBot.a(CyLib.o)
 .debug_line    0x0000273f      0x364 .\CortexM3\ARM_GCC_541\Debug\ZumoBot.a(cyPm.o)
 .debug_line    0x00002aa3       0x99 .\CortexM3\ARM_GCC_541\Debug\ZumoBot.a(MotorDirLeft.o)
 .debug_line    0x00002b3c       0x9a .\CortexM3\ARM_GCC_541\Debug\ZumoBot.a(MotorDirRight.o)
 .debug_line    0x00002bd6       0x93 .\CortexM3\ARM_GCC_541\Debug\ZumoBot.a(IR_led.o)
 .debug_line    0x00002c69      0x137 .\CortexM3\ARM_GCC_541\Debug\ZumoBot.a(sensor_isr.o)
 .debug_line    0x00002da0      0x2c0 .\CortexM3\ARM_GCC_541\Debug\ZumoBot.a(UART_1.o)
 .debug_line    0x00003060       0x98 .\CortexM3\ARM_GCC_541\Debug\ZumoBot.a(IR_receiver.o)
 .debug_line    0x000030f8       0x91 .\CortexM3\ARM_GCC_541\Debug\ZumoBot.a(Trig.o)
 .debug_line    0x00003189      0x159 .\CortexM3\ARM_GCC_541\Debug\ZumoBot.a(Timer.o)
 .debug_line    0x000032e2       0x91 .\CortexM3\ARM_GCC_541\Debug\ZumoBot.a(Echo.o)
 .debug_line    0x00003373      0x136 .\CortexM3\ARM_GCC_541\Debug\ZumoBot.a(ultra_isr.o)
 .debug_line    0x000034a9      0x17e .\CortexM3\ARM_GCC_541\Debug\ZumoBot.a(UART_1_IntClock.o)
 .debug_line    0x00003627      0x13f .\CortexM3\ARM_GCC_541\Debug\ZumoBot.a(Buzzer_PWM.o)
 .debug_line    0x00003766       0x8f .\CortexM3\ARM_GCC_541\Debug\ZumoBot.a(L3.o)
 .debug_line    0x000037f5      0x156 .\CortexM3\ARM_GCC_541\Debug\ZumoBot.a(Timer_L3.o)
 .debug_line    0x0000394b      0x156 .\CortexM3\ARM_GCC_541\Debug\ZumoBot.a(Timer_R3.o)
 .debug_line    0x00003aa1      0x156 .\CortexM3\ARM_GCC_541\Debug\ZumoBot.a(Timer_R1.o)
 .debug_line    0x00003bf7       0x8f .\CortexM3\ARM_GCC_541\Debug\ZumoBot.a(R1.o)
 .debug_line    0x00003c86       0x8f .\CortexM3\ARM_GCC_541\Debug\ZumoBot.a(R3.o)
 .debug_line    0x00003d15      0x156 .\CortexM3\ARM_GCC_541\Debug\ZumoBot.a(Timer_L1.o)
 .debug_line    0x00003e6b       0x8f .\CortexM3\ARM_GCC_541\Debug\ZumoBot.a(L1.o)
 .debug_line    0x00003efa       0x66 .\CortexM3\ARM_GCC_541\Debug\ZumoBot.a(CyBootAsmGnu.o)
 .debug_line    0x00003f60      0x1e9 .\CortexM3\ARM_GCC_541\Debug\ZumoBot.a(CyFlash.o)
 .debug_line    0x00004149      0x23c .\CortexM3\ARM_GCC_541\Debug\ZumoBot.a(CySpc.o)

.debug_frame    0x00000000     0x28cc
 *(.debug_frame)
 .debug_frame   0x00000000       0x7c .\CortexM3\ARM_GCC_541\Debug\main.o
 .debug_frame   0x0000007c       0x38 .\CortexM3\ARM_GCC_541\Debug\Accel.o
 .debug_frame   0x000000b4       0x3c .\CortexM3\ARM_GCC_541\Debug\Ambient.o
 .debug_frame   0x000000f0       0x2c .\CortexM3\ARM_GCC_541\Debug\Gyro.o
 .debug_frame   0x0000011c       0x64 .\CortexM3\ARM_GCC_541\Debug\I2C_made.o
 .debug_frame   0x00000180       0xa4 .\CortexM3\ARM_GCC_541\Debug\IR.o
 .debug_frame   0x00000224       0x2c .\CortexM3\ARM_GCC_541\Debug\Magnet.o
 .debug_frame   0x00000250       0xc8 .\CortexM3\ARM_GCC_541\Debug\Motor.o
 .debug_frame   0x00000318       0x70 .\CortexM3\ARM_GCC_541\Debug\Nunchuk.o
 .debug_frame   0x00000388       0x90 .\CortexM3\ARM_GCC_541\Debug\Reflectance.o
 .debug_frame   0x00000418       0x74 .\CortexM3\ARM_GCC_541\Debug\Ultra.o
 .debug_frame   0x0000048c       0x30 .\CortexM3\ARM_GCC_541\Debug\Beep.o
 .debug_frame   0x000004bc       0xfc .\CortexM3\ARM_GCC_541\Debug\cyfitter_cfg.o
 .debug_frame   0x000005b8       0xb8 .\CortexM3\ARM_GCC_541\Debug\Cm3Start.o
 .debug_frame   0x00000670      0x154 .\CortexM3\ARM_GCC_541\Debug\ZumoBot.a(PWM.o)
 .debug_frame   0x000007c4       0x94 .\CortexM3\ARM_GCC_541\Debug\ZumoBot.a(I2C.o)
 .debug_frame   0x00000858       0x30 .\CortexM3\ARM_GCC_541\Debug\ZumoBot.a(I2C_INT.o)
 .debug_frame   0x00000888       0x74 .\CortexM3\ARM_GCC_541\Debug\ZumoBot.a(I2C_PM.o)
 .debug_frame   0x000008fc      0x138 .\CortexM3\ARM_GCC_541\Debug\ZumoBot.a(I2C_MASTER.o)
 .debug_frame   0x00000a34      0x738 .\CortexM3\ARM_GCC_541\Debug\ZumoBot.a(CyLib.o)
 .debug_frame   0x0000116c      0x1f8 .\CortexM3\ARM_GCC_541\Debug\ZumoBot.a(cyPm.o)
 .debug_frame   0x00001364       0x50 .\CortexM3\ARM_GCC_541\Debug\ZumoBot.a(MotorDirLeft.o)
 .debug_frame   0x000013b4       0x50 .\CortexM3\ARM_GCC_541\Debug\ZumoBot.a(MotorDirRight.o)
 .debug_frame   0x00001404       0x50 .\CortexM3\ARM_GCC_541\Debug\ZumoBot.a(IR_led.o)
 .debug_frame   0x00001454      0x104 .\CortexM3\ARM_GCC_541\Debug\ZumoBot.a(sensor_isr.o)
 .debug_frame   0x00001558      0x250 .\CortexM3\ARM_GCC_541\Debug\ZumoBot.a(UART_1.o)
 .debug_frame   0x000017a8       0x50 .\CortexM3\ARM_GCC_541\Debug\ZumoBot.a(IR_receiver.o)
 .debug_frame   0x000017f8       0x50 .\CortexM3\ARM_GCC_541\Debug\ZumoBot.a(Trig.o)
 .debug_frame   0x00001848      0x114 .\CortexM3\ARM_GCC_541\Debug\ZumoBot.a(Timer.o)
 .debug_frame   0x0000195c       0x50 .\CortexM3\ARM_GCC_541\Debug\ZumoBot.a(Echo.o)
 .debug_frame   0x000019ac      0x104 .\CortexM3\ARM_GCC_541\Debug\ZumoBot.a(ultra_isr.o)
 .debug_frame   0x00001ab0       0xe0 .\CortexM3\ARM_GCC_541\Debug\ZumoBot.a(UART_1_IntClock.o)
 .debug_frame   0x00001b90       0xf8 .\CortexM3\ARM_GCC_541\Debug\ZumoBot.a(Buzzer_PWM.o)
 .debug_frame   0x00001c88       0x50 .\CortexM3\ARM_GCC_541\Debug\ZumoBot.a(L3.o)
 .debug_frame   0x00001cd8      0x108 .\CortexM3\ARM_GCC_541\Debug\ZumoBot.a(Timer_L3.o)
 .debug_frame   0x00001de0      0x108 .\CortexM3\ARM_GCC_541\Debug\ZumoBot.a(Timer_R3.o)
 .debug_frame   0x00001ee8      0x108 .\CortexM3\ARM_GCC_541\Debug\ZumoBot.a(Timer_R1.o)
 .debug_frame   0x00001ff0       0x50 .\CortexM3\ARM_GCC_541\Debug\ZumoBot.a(R1.o)
 .debug_frame   0x00002040       0x50 .\CortexM3\ARM_GCC_541\Debug\ZumoBot.a(R3.o)
 .debug_frame   0x00002090      0x108 .\CortexM3\ARM_GCC_541\Debug\ZumoBot.a(Timer_L1.o)
 .debug_frame   0x00002198       0x50 .\CortexM3\ARM_GCC_541\Debug\ZumoBot.a(L1.o)
 .debug_frame   0x000021e8      0x174 .\CortexM3\ARM_GCC_541\Debug\ZumoBot.a(CyFlash.o)
 .debug_frame   0x0000235c      0x160 .\CortexM3\ARM_GCC_541\Debug\ZumoBot.a(CySpc.o)
 .debug_frame   0x000024bc       0x20 j:/psoc/psoc creator/4.1/psoc creator/import/gnu/arm/5.4.1/bin/../lib/gcc/arm-none-eabi/5.4.1/../../../../arm-none-eabi/lib/armv7-m\libm.a(lib_a-w_atan2.o)
 .debug_frame   0x000024dc       0x4c j:/psoc/psoc creator/4.1/psoc creator/import/gnu/arm/5.4.1/bin/../lib/gcc/arm-none-eabi/5.4.1/../../../../arm-none-eabi/lib/armv7-m\libm.a(lib_a-w_pow.o)
 .debug_frame   0x00002528       0x48 j:/psoc/psoc creator/4.1/psoc creator/import/gnu/arm/5.4.1/bin/../lib/gcc/arm-none-eabi/5.4.1/../../../../arm-none-eabi/lib/armv7-m\libm.a(lib_a-e_atan2.o)
 .debug_frame   0x00002570       0x68 j:/psoc/psoc creator/4.1/psoc creator/import/gnu/arm/5.4.1/bin/../lib/gcc/arm-none-eabi/5.4.1/../../../../arm-none-eabi/lib/armv7-m\libm.a(lib_a-e_pow.o)
 .debug_frame   0x000025d8       0x30 j:/psoc/psoc creator/4.1/psoc creator/import/gnu/arm/5.4.1/bin/../lib/gcc/arm-none-eabi/5.4.1/../../../../arm-none-eabi/lib/armv7-m\libm.a(lib_a-e_sqrt.o)
 .debug_frame   0x00002608       0x38 j:/psoc/psoc creator/4.1/psoc creator/import/gnu/arm/5.4.1/bin/../lib/gcc/arm-none-eabi/5.4.1/../../../../arm-none-eabi/lib/armv7-m\libm.a(lib_a-s_atan.o)
 .debug_frame   0x00002640       0x20 j:/psoc/psoc creator/4.1/psoc creator/import/gnu/arm/5.4.1/bin/../lib/gcc/arm-none-eabi/5.4.1/../../../../arm-none-eabi/lib/armv7-m\libm.a(lib_a-s_fabs.o)
 .debug_frame   0x00002660       0x20 j:/psoc/psoc creator/4.1/psoc creator/import/gnu/arm/5.4.1/bin/../lib/gcc/arm-none-eabi/5.4.1/../../../../arm-none-eabi/lib/armv7-m\libm.a(lib_a-s_finite.o)
 .debug_frame   0x00002680       0x20 j:/psoc/psoc creator/4.1/psoc creator/import/gnu/arm/5.4.1/bin/../lib/gcc/arm-none-eabi/5.4.1/../../../../arm-none-eabi/lib/armv7-m\libm.a(lib_a-s_matherr.o)
 .debug_frame   0x000026a0       0x20 j:/psoc/psoc creator/4.1/psoc creator/import/gnu/arm/5.4.1/bin/../lib/gcc/arm-none-eabi/5.4.1/../../../../arm-none-eabi/lib/armv7-m\libm.a(lib_a-s_nan.o)
 .debug_frame   0x000026c0       0x3c j:/psoc/psoc creator/4.1/psoc creator/import/gnu/arm/5.4.1/bin/../lib/gcc/arm-none-eabi/5.4.1/../../../../arm-none-eabi/lib/armv7-m\libm.a(lib_a-s_rint.o)
 .debug_frame   0x000026fc       0x30 j:/psoc/psoc creator/4.1/psoc creator/import/gnu/arm/5.4.1/bin/../lib/gcc/arm-none-eabi/5.4.1/../../../../arm-none-eabi/lib/armv7-m\libm.a(lib_a-s_scalbn.o)
 .debug_frame   0x0000272c       0x20 j:/psoc/psoc creator/4.1/psoc creator/import/gnu/arm/5.4.1/bin/../lib/gcc/arm-none-eabi/5.4.1/../../../../arm-none-eabi/lib/armv7-m\libm.a(lib_a-s_copysign.o)
 .debug_frame   0x0000274c       0x20 j:/psoc/psoc creator/4.1/psoc creator/import/gnu/arm/5.4.1/bin/../lib/gcc/arm-none-eabi/5.4.1/../../../../arm-none-eabi/lib/armv7-m\libg.a(lib_a-errno.o)
 .debug_frame   0x0000276c       0x28 j:/psoc/psoc creator/4.1/psoc creator/import/gnu/arm/5.4.1/bin/../lib/gcc/arm-none-eabi/5.4.1/../../../../arm-none-eabi/lib/armv7-m\libg.a(lib_a-exit.o)
 .debug_frame   0x00002794       0x2c j:/psoc/psoc creator/4.1/psoc creator/import/gnu/arm/5.4.1/bin/../lib/gcc/arm-none-eabi/5.4.1/../../../../arm-none-eabi/lib/armv7-m\libg.a(lib_a-init.o)
 .debug_frame   0x000027c0       0x34 j:/psoc/psoc creator/4.1/psoc creator/import/gnu/arm/5.4.1/bin/../lib/gcc/arm-none-eabi/5.4.1/../../../../arm-none-eabi/lib/armv7-m\libg.a(lib_a-memset.o)
 .debug_frame   0x000027f4       0x50 j:/psoc/psoc creator/4.1/psoc creator/import/gnu/arm/5.4.1/bin/../lib/gcc/arm-none-eabi/5.4.1/../../../../arm-none-eabi/lib/armv7-m\libg.a(lib_a-__call_atexit.o)
 .debug_frame   0x00002844       0x20 j:/psoc/psoc creator/4.1/psoc creator/import/gnu/arm/5.4.1/bin/../lib/gcc/arm-none-eabi/5.4.1/../../../../arm-none-eabi/lib/armv7-m\libg.a(lib_a-atexit.o)
 .debug_frame   0x00002864       0x34 j:/psoc/psoc creator/4.1/psoc creator/import/gnu/arm/5.4.1/bin/../lib/gcc/arm-none-eabi/5.4.1/../../../../arm-none-eabi/lib/armv7-m\libg.a(lib_a-fini.o)
 .debug_frame   0x00002898       0x34 j:/psoc/psoc creator/4.1/psoc creator/import/gnu/arm/5.4.1/bin/../lib/gcc/arm-none-eabi/5.4.1/../../../../arm-none-eabi/lib/armv7-m\libg.a(lib_a-__atexit.o)

.debug_str      0x00000000     0x2eba
 *(.debug_str)
 .debug_str     0x00000000      0x233 .\CortexM3\ARM_GCC_541\Debug\main.o
                                0x291 (size before relaxing)
 .debug_str     0x00000233       0x5e .\CortexM3\ARM_GCC_541\Debug\Accel.o
                                0x1e2 (size before relaxing)
 .debug_str     0x00000291       0x59 .\CortexM3\ARM_GCC_541\Debug\Ambient.o
                                0x199 (size before relaxing)
 .debug_str     0x000002ea       0x39 .\CortexM3\ARM_GCC_541\Debug\Gyro.o
                                0x1c4 (size before relaxing)
 .debug_str     0x00000323       0xa7 .\CortexM3\ARM_GCC_541\Debug\I2C_made.o
                                0x246 (size before relaxing)
 .debug_str     0x000003ca       0x68 .\CortexM3\ARM_GCC_541\Debug\IR.o
                                0x1f9 (size before relaxing)
 .debug_str     0x00000432       0x1d .\CortexM3\ARM_GCC_541\Debug\Magnet.o
                                0x1bd (size before relaxing)
 .debug_str     0x0000044f       0x9c .\CortexM3\ARM_GCC_541\Debug\Motor.o
                                0x27b (size before relaxing)
 .debug_str     0x000004eb       0x52 .\CortexM3\ARM_GCC_541\Debug\Nunchuk.o
                                0x239 (size before relaxing)
 .debug_str     0x0000053d      0x258 .\CortexM3\ARM_GCC_541\Debug\Reflectance.o
                                0x464 (size before relaxing)
 .debug_str     0x00000795      0x283 .\CortexM3\ARM_GCC_541\Debug\Ultra.o
                                0x44b (size before relaxing)
 .debug_str     0x00000a18       0x75 .\CortexM3\ARM_GCC_541\Debug\Beep.o
                                0x20e (size before relaxing)
 .debug_str     0x00000a8d      0x195 .\CortexM3\ARM_GCC_541\Debug\cyfitter_cfg.o
                                0x338 (size before relaxing)
 .debug_str     0x00000c22       0x75 .\CortexM3\ARM_GCC_541\Debug\cymetadata.o
                                0x1ce (size before relaxing)
 .debug_str     0x00000c97      0x13f .\CortexM3\ARM_GCC_541\Debug\Cm3Start.o
                                0x2f4 (size before relaxing)
 .debug_str     0x00000dd6       0xeb .\CortexM3\ARM_GCC_541\Debug\ZumoBot.a(PWM.o)
                                0x33a (size before relaxing)
 .debug_str     0x00000ec1       0xfd .\CortexM3\ARM_GCC_541\Debug\ZumoBot.a(I2C.o)
                                0x2cb (size before relaxing)
 .debug_str     0x00000fbe       0x86 .\CortexM3\ARM_GCC_541\Debug\ZumoBot.a(I2C_INT.o)
                                0x249 (size before relaxing)
 .debug_str     0x00001044       0x56 .\CortexM3\ARM_GCC_541\Debug\ZumoBot.a(I2C_PM.o)
                                0x267 (size before relaxing)
 .debug_str     0x0000109a      0x129 .\CortexM3\ARM_GCC_541\Debug\ZumoBot.a(I2C_MASTER.o)
                                0x38e (size before relaxing)
 .debug_str     0x000011c3      0x7a7 .\CortexM3\ARM_GCC_541\Debug\ZumoBot.a(CyLib.o)
                                0xa31 (size before relaxing)
 .debug_str     0x0000196a      0x359 .\CortexM3\ARM_GCC_541\Debug\ZumoBot.a(cyPm.o)
                                0x711 (size before relaxing)
 .debug_str     0x00001cc3       0x76 .\CortexM3\ARM_GCC_541\Debug\ZumoBot.a(MotorDirLeft.o)
                                0x1ef (size before relaxing)
 .debug_str     0x00001d39       0x6f .\CortexM3\ARM_GCC_541\Debug\ZumoBot.a(MotorDirRight.o)
                                0x1f4 (size before relaxing)
 .debug_str     0x00001da8       0x53 .\CortexM3\ARM_GCC_541\Debug\ZumoBot.a(IR_led.o)
                                0x1d1 (size before relaxing)
 .debug_str     0x00001dfb      0x119 .\CortexM3\ARM_GCC_541\Debug\ZumoBot.a(sensor_isr.o)
                                0x2d6 (size before relaxing)
 .debug_str     0x00001f14      0x2b2 .\CortexM3\ARM_GCC_541\Debug\ZumoBot.a(UART_1.o)
                                0x49d (size before relaxing)
 .debug_str     0x000021c6       0x68 .\CortexM3\ARM_GCC_541\Debug\ZumoBot.a(IR_receiver.o)
                                0x1ea (size before relaxing)
 .debug_str     0x0000222e       0x4b .\CortexM3\ARM_GCC_541\Debug\ZumoBot.a(Trig.o)
                                0x1c7 (size before relaxing)
 .debug_str     0x00002279       0xf3 .\CortexM3\ARM_GCC_541\Debug\ZumoBot.a(Timer.o)
                                0x30f (size before relaxing)
 .debug_str     0x0000236c       0x4c .\CortexM3\ARM_GCC_541\Debug\ZumoBot.a(Echo.o)
                                0x1c7 (size before relaxing)
 .debug_str     0x000023b8      0x10c .\CortexM3\ARM_GCC_541\Debug\ZumoBot.a(ultra_isr.o)
                                0x2c8 (size before relaxing)
 .debug_str     0x000024c4      0x197 .\CortexM3\ARM_GCC_541\Debug\ZumoBot.a(UART_1_IntClock.o)
                                0x338 (size before relaxing)
 .debug_str     0x0000265b      0x10b .\CortexM3\ARM_GCC_541\Debug\ZumoBot.a(Buzzer_PWM.o)
                                0x2f6 (size before relaxing)
 .debug_str     0x00002766       0x33 .\CortexM3\ARM_GCC_541\Debug\ZumoBot.a(L3.o)
                                0x1bd (size before relaxing)
 .debug_str     0x00002799      0x119 .\CortexM3\ARM_GCC_541\Debug\ZumoBot.a(Timer_L3.o)
                                0x30f (size before relaxing)
 .debug_str     0x000028b2      0x10d .\CortexM3\ARM_GCC_541\Debug\ZumoBot.a(Timer_R3.o)
                                0x30f (size before relaxing)
 .debug_str     0x000029bf      0x10d .\CortexM3\ARM_GCC_541\Debug\ZumoBot.a(Timer_R1.o)
                                0x30f (size before relaxing)
 .debug_str     0x00002acc       0x33 .\CortexM3\ARM_GCC_541\Debug\ZumoBot.a(R1.o)
                                0x1bd (size before relaxing)
 .debug_str     0x00002aff       0x33 .\CortexM3\ARM_GCC_541\Debug\ZumoBot.a(R3.o)
                                0x1bd (size before relaxing)
 .debug_str     0x00002b32      0x10d .\CortexM3\ARM_GCC_541\Debug\ZumoBot.a(Timer_L1.o)
                                0x30f (size before relaxing)
 .debug_str     0x00002c3f       0x33 .\CortexM3\ARM_GCC_541\Debug\ZumoBot.a(L1.o)
                                0x1bd (size before relaxing)
 .debug_str     0x00002c72      0x19c .\CortexM3\ARM_GCC_541\Debug\ZumoBot.a(CyFlash.o)
                                0x38b (size before relaxing)
 .debug_str     0x00002e0e       0xac .\CortexM3\ARM_GCC_541\Debug\ZumoBot.a(CySpc.o)
                                0x314 (size before relaxing)

.debug_loc      0x00000000     0x2dbe
 *(.debug_loc)
 .debug_loc     0x00000000      0x161 .\CortexM3\ARM_GCC_541\Debug\main.o
 .debug_loc     0x00000161       0x63 .\CortexM3\ARM_GCC_541\Debug\Accel.o
 .debug_loc     0x000001c4      0x154 .\CortexM3\ARM_GCC_541\Debug\Ambient.o
 .debug_loc     0x00000318       0x34 .\CortexM3\ARM_GCC_541\Debug\Gyro.o
 .debug_loc     0x0000034c       0xe0 .\CortexM3\ARM_GCC_541\Debug\I2C_made.o
 .debug_loc     0x0000042c       0xf3 .\CortexM3\ARM_GCC_541\Debug\IR.o
 .debug_loc     0x0000051f       0x50 .\CortexM3\ARM_GCC_541\Debug\Magnet.o
 .debug_loc     0x0000056f      0x11d .\CortexM3\ARM_GCC_541\Debug\Motor.o
 .debug_loc     0x0000068c       0x31 .\CortexM3\ARM_GCC_541\Debug\Nunchuk.o
 .debug_loc     0x000006bd       0x8e .\CortexM3\ARM_GCC_541\Debug\Reflectance.o
 .debug_loc     0x0000074b       0x6a .\CortexM3\ARM_GCC_541\Debug\Ultra.o
 .debug_loc     0x000007b5       0x3f .\CortexM3\ARM_GCC_541\Debug\Beep.o
 .debug_loc     0x000007f4      0x27f .\CortexM3\ARM_GCC_541\Debug\cyfitter_cfg.o
 .debug_loc     0x00000a73      0x144 .\CortexM3\ARM_GCC_541\Debug\Cm3Start.o
 .debug_loc     0x00000bb7       0x26 .\CortexM3\ARM_GCC_541\Debug\ZumoBot.a(PWM.o)
 .debug_loc     0x00000bdd       0x39 .\CortexM3\ARM_GCC_541\Debug\ZumoBot.a(I2C.o)
 .debug_loc     0x00000c16       0x29 .\CortexM3\ARM_GCC_541\Debug\ZumoBot.a(I2C_INT.o)
 .debug_loc     0x00000c3f       0x13 .\CortexM3\ARM_GCC_541\Debug\ZumoBot.a(I2C_PM.o)
 .debug_loc     0x00000c52      0x52f .\CortexM3\ARM_GCC_541\Debug\ZumoBot.a(I2C_MASTER.o)
 .debug_loc     0x00001181      0xa11 .\CortexM3\ARM_GCC_541\Debug\ZumoBot.a(CyLib.o)
 .debug_loc     0x00001b92      0x1e4 .\CortexM3\ARM_GCC_541\Debug\ZumoBot.a(cyPm.o)
 .debug_loc     0x00001d76       0x42 .\CortexM3\ARM_GCC_541\Debug\ZumoBot.a(MotorDirLeft.o)
 .debug_loc     0x00001db8       0x42 .\CortexM3\ARM_GCC_541\Debug\ZumoBot.a(MotorDirRight.o)
 .debug_loc     0x00001dfa       0x42 .\CortexM3\ARM_GCC_541\Debug\ZumoBot.a(IR_led.o)
 .debug_loc     0x00001e3c       0x56 .\CortexM3\ARM_GCC_541\Debug\ZumoBot.a(sensor_isr.o)
 .debug_loc     0x00001e92      0x258 .\CortexM3\ARM_GCC_541\Debug\ZumoBot.a(UART_1.o)
 .debug_loc     0x000020ea       0x42 .\CortexM3\ARM_GCC_541\Debug\ZumoBot.a(IR_receiver.o)
 .debug_loc     0x0000212c       0x42 .\CortexM3\ARM_GCC_541\Debug\ZumoBot.a(Trig.o)
 .debug_loc     0x0000216e       0x36 .\CortexM3\ARM_GCC_541\Debug\ZumoBot.a(Timer.o)
 .debug_loc     0x000021a4       0x42 .\CortexM3\ARM_GCC_541\Debug\ZumoBot.a(Echo.o)
 .debug_loc     0x000021e6       0x56 .\CortexM3\ARM_GCC_541\Debug\ZumoBot.a(ultra_isr.o)
 .debug_loc     0x0000223c      0x128 .\CortexM3\ARM_GCC_541\Debug\ZumoBot.a(UART_1_IntClock.o)
 .debug_loc     0x00002364       0x13 .\CortexM3\ARM_GCC_541\Debug\ZumoBot.a(Buzzer_PWM.o)
 .debug_loc     0x00002377       0x42 .\CortexM3\ARM_GCC_541\Debug\ZumoBot.a(L3.o)
 .debug_loc     0x000023b9       0x42 .\CortexM3\ARM_GCC_541\Debug\ZumoBot.a(R1.o)
 .debug_loc     0x000023fb       0x42 .\CortexM3\ARM_GCC_541\Debug\ZumoBot.a(R3.o)
 .debug_loc     0x0000243d       0x42 .\CortexM3\ARM_GCC_541\Debug\ZumoBot.a(L1.o)
 .debug_loc     0x0000247f      0x2f2 .\CortexM3\ARM_GCC_541\Debug\ZumoBot.a(CyFlash.o)
 .debug_loc     0x00002771      0x64d .\CortexM3\ARM_GCC_541\Debug\ZumoBot.a(CySpc.o)

.debug_macinfo
 *(.debug_macinfo)

.debug_ranges   0x00000000      0xdc0
 *(.debug_ranges)
 .debug_ranges  0x00000000       0x20 .\CortexM3\ARM_GCC_541\Debug\main.o
 .debug_ranges  0x00000020       0x10 .\CortexM3\ARM_GCC_541\Debug\Accel.o
 .debug_ranges  0x00000030       0x10 .\CortexM3\ARM_GCC_541\Debug\Ambient.o
 .debug_ranges  0x00000040       0x10 .\CortexM3\ARM_GCC_541\Debug\Gyro.o
 .debug_ranges  0x00000050       0x20 .\CortexM3\ARM_GCC_541\Debug\I2C_made.o
 .debug_ranges  0x00000070       0x30 .\CortexM3\ARM_GCC_541\Debug\IR.o
 .debug_ranges  0x000000a0       0x10 .\CortexM3\ARM_GCC_541\Debug\Magnet.o
 .debug_ranges  0x000000b0       0x38 .\CortexM3\ARM_GCC_541\Debug\Motor.o
 .debug_ranges  0x000000e8       0x20 .\CortexM3\ARM_GCC_541\Debug\Nunchuk.o
 .debug_ranges  0x00000108       0x30 .\CortexM3\ARM_GCC_541\Debug\Reflectance.o
 .debug_ranges  0x00000138       0x28 .\CortexM3\ARM_GCC_541\Debug\Ultra.o
 .debug_ranges  0x00000160       0x10 .\CortexM3\ARM_GCC_541\Debug\Beep.o
 .debug_ranges  0x00000170       0x48 .\CortexM3\ARM_GCC_541\Debug\cyfitter_cfg.o
 .debug_ranges  0x000001b8       0x38 .\CortexM3\ARM_GCC_541\Debug\Cm3Start.o
 .debug_ranges  0x000001f0       0x98 .\CortexM3\ARM_GCC_541\Debug\ZumoBot.a(PWM.o)
 .debug_ranges  0x00000288       0x28 .\CortexM3\ARM_GCC_541\Debug\ZumoBot.a(I2C.o)
 .debug_ranges  0x000002b0       0x10 .\CortexM3\ARM_GCC_541\Debug\ZumoBot.a(I2C_INT.o)
 .debug_ranges  0x000002c0       0x28 .\CortexM3\ARM_GCC_541\Debug\ZumoBot.a(I2C_PM.o)
 .debug_ranges  0x000002e8       0x70 .\CortexM3\ARM_GCC_541\Debug\ZumoBot.a(I2C_MASTER.o)
 .debug_ranges  0x00000358      0x290 .\CortexM3\ARM_GCC_541\Debug\ZumoBot.a(CyLib.o)
 .debug_ranges  0x000005e8       0x88 .\CortexM3\ARM_GCC_541\Debug\ZumoBot.a(cyPm.o)
 .debug_ranges  0x00000670       0x28 .\CortexM3\ARM_GCC_541\Debug\ZumoBot.a(MotorDirLeft.o)
 .debug_ranges  0x00000698       0x28 .\CortexM3\ARM_GCC_541\Debug\ZumoBot.a(MotorDirRight.o)
 .debug_ranges  0x000006c0       0x28 .\CortexM3\ARM_GCC_541\Debug\ZumoBot.a(IR_led.o)
 .debug_ranges  0x000006e8       0x70 .\CortexM3\ARM_GCC_541\Debug\ZumoBot.a(sensor_isr.o)
 .debug_ranges  0x00000758       0xe0 .\CortexM3\ARM_GCC_541\Debug\ZumoBot.a(UART_1.o)
 .debug_ranges  0x00000838       0x28 .\CortexM3\ARM_GCC_541\Debug\ZumoBot.a(IR_receiver.o)
 .debug_ranges  0x00000860       0x28 .\CortexM3\ARM_GCC_541\Debug\ZumoBot.a(Trig.o)
 .debug_ranges  0x00000888       0x78 .\CortexM3\ARM_GCC_541\Debug\ZumoBot.a(Timer.o)
 .debug_ranges  0x00000900       0x28 .\CortexM3\ARM_GCC_541\Debug\ZumoBot.a(Echo.o)
 .debug_ranges  0x00000928       0x70 .\CortexM3\ARM_GCC_541\Debug\ZumoBot.a(ultra_isr.o)
 .debug_ranges  0x00000998       0x60 .\CortexM3\ARM_GCC_541\Debug\ZumoBot.a(UART_1_IntClock.o)
 .debug_ranges  0x000009f8       0x70 .\CortexM3\ARM_GCC_541\Debug\ZumoBot.a(Buzzer_PWM.o)
 .debug_ranges  0x00000a68       0x28 .\CortexM3\ARM_GCC_541\Debug\ZumoBot.a(L3.o)
 .debug_ranges  0x00000a90       0x78 .\CortexM3\ARM_GCC_541\Debug\ZumoBot.a(Timer_L3.o)
 .debug_ranges  0x00000b08       0x78 .\CortexM3\ARM_GCC_541\Debug\ZumoBot.a(Timer_R3.o)
 .debug_ranges  0x00000b80       0x78 .\CortexM3\ARM_GCC_541\Debug\ZumoBot.a(Timer_R1.o)
 .debug_ranges  0x00000bf8       0x28 .\CortexM3\ARM_GCC_541\Debug\ZumoBot.a(R1.o)
 .debug_ranges  0x00000c20       0x28 .\CortexM3\ARM_GCC_541\Debug\ZumoBot.a(R3.o)
 .debug_ranges  0x00000c48       0x78 .\CortexM3\ARM_GCC_541\Debug\ZumoBot.a(Timer_L1.o)
 .debug_ranges  0x00000cc0       0x28 .\CortexM3\ARM_GCC_541\Debug\ZumoBot.a(L1.o)
 .debug_ranges  0x00000ce8       0x70 .\CortexM3\ARM_GCC_541\Debug\ZumoBot.a(CyFlash.o)
 .debug_ranges  0x00000d58       0x68 .\CortexM3\ARM_GCC_541\Debug\ZumoBot.a(CySpc.o)

.comment        0x00000000       0x6e
 .comment       0x00000000       0x6e .\CortexM3\ARM_GCC_541\Debug\main.o
                                 0x6f (size before relaxing)
 .comment       0x0000006e       0x6f .\CortexM3\ARM_GCC_541\Debug\Accel.o
 .comment       0x0000006e       0x6f .\CortexM3\ARM_GCC_541\Debug\Ambient.o
 .comment       0x0000006e       0x6f .\CortexM3\ARM_GCC_541\Debug\Gyro.o
 .comment       0x0000006e       0x6f .\CortexM3\ARM_GCC_541\Debug\I2C_made.o
 .comment       0x0000006e       0x6f .\CortexM3\ARM_GCC_541\Debug\IR.o
 .comment       0x0000006e       0x6f .\CortexM3\ARM_GCC_541\Debug\Magnet.o
 .comment       0x0000006e       0x6f .\CortexM3\ARM_GCC_541\Debug\Motor.o
 .comment       0x0000006e       0x6f .\CortexM3\ARM_GCC_541\Debug\Nunchuk.o
 .comment       0x0000006e       0x6f .\CortexM3\ARM_GCC_541\Debug\Reflectance.o
 .comment       0x0000006e       0x6f .\CortexM3\ARM_GCC_541\Debug\Ultra.o
 .comment       0x0000006e       0x6f .\CortexM3\ARM_GCC_541\Debug\Beep.o
 .comment       0x0000006e       0x6f .\CortexM3\ARM_GCC_541\Debug\cyfitter_cfg.o
 .comment       0x0000006e       0x6f .\CortexM3\ARM_GCC_541\Debug\cymetadata.o
 .comment       0x0000006e       0x6f .\CortexM3\ARM_GCC_541\Debug\Cm3Start.o
 .comment       0x0000006e       0x6f .\CortexM3\ARM_GCC_541\Debug\ZumoBot.a(PWM.o)
 .comment       0x0000006e       0x6f .\CortexM3\ARM_GCC_541\Debug\ZumoBot.a(I2C.o)
 .comment       0x0000006e       0x6f .\CortexM3\ARM_GCC_541\Debug\ZumoBot.a(I2C_INT.o)
 .comment       0x0000006e       0x6f .\CortexM3\ARM_GCC_541\Debug\ZumoBot.a(I2C_PM.o)
 .comment       0x0000006e       0x6f .\CortexM3\ARM_GCC_541\Debug\ZumoBot.a(I2C_MASTER.o)
 .comment       0x0000006e       0x6f .\CortexM3\ARM_GCC_541\Debug\ZumoBot.a(CyLib.o)
 .comment       0x0000006e       0x6f .\CortexM3\ARM_GCC_541\Debug\ZumoBot.a(cyPm.o)
 .comment       0x0000006e       0x6f .\CortexM3\ARM_GCC_541\Debug\ZumoBot.a(MotorDirLeft.o)
 .comment       0x0000006e       0x6f .\CortexM3\ARM_GCC_541\Debug\ZumoBot.a(MotorDirRight.o)
 .comment       0x0000006e       0x6f .\CortexM3\ARM_GCC_541\Debug\ZumoBot.a(IR_led.o)
 .comment       0x0000006e       0x6f .\CortexM3\ARM_GCC_541\Debug\ZumoBot.a(sensor_isr.o)
 .comment       0x0000006e       0x6f .\CortexM3\ARM_GCC_541\Debug\ZumoBot.a(UART_1.o)
 .comment       0x0000006e       0x6f .\CortexM3\ARM_GCC_541\Debug\ZumoBot.a(IR_receiver.o)
 .comment       0x0000006e       0x6f .\CortexM3\ARM_GCC_541\Debug\ZumoBot.a(Trig.o)
 .comment       0x0000006e       0x6f .\CortexM3\ARM_GCC_541\Debug\ZumoBot.a(Timer.o)
 .comment       0x0000006e       0x6f .\CortexM3\ARM_GCC_541\Debug\ZumoBot.a(Echo.o)
 .comment       0x0000006e       0x6f .\CortexM3\ARM_GCC_541\Debug\ZumoBot.a(ultra_isr.o)
 .comment       0x0000006e       0x6f .\CortexM3\ARM_GCC_541\Debug\ZumoBot.a(UART_1_IntClock.o)
 .comment       0x0000006e       0x6f .\CortexM3\ARM_GCC_541\Debug\ZumoBot.a(Buzzer_PWM.o)
 .comment       0x0000006e       0x6f .\CortexM3\ARM_GCC_541\Debug\ZumoBot.a(L3.o)
 .comment       0x0000006e       0x6f .\CortexM3\ARM_GCC_541\Debug\ZumoBot.a(Timer_L3.o)
 .comment       0x0000006e       0x6f .\CortexM3\ARM_GCC_541\Debug\ZumoBot.a(Timer_R3.o)
 .comment       0x0000006e       0x6f .\CortexM3\ARM_GCC_541\Debug\ZumoBot.a(Timer_R1.o)
 .comment       0x0000006e       0x6f .\CortexM3\ARM_GCC_541\Debug\ZumoBot.a(R1.o)
 .comment       0x0000006e       0x6f .\CortexM3\ARM_GCC_541\Debug\ZumoBot.a(R3.o)
 .comment       0x0000006e       0x6f .\CortexM3\ARM_GCC_541\Debug\ZumoBot.a(Timer_L1.o)
 .comment       0x0000006e       0x6f .\CortexM3\ARM_GCC_541\Debug\ZumoBot.a(L1.o)
 .comment       0x0000006e       0x6f .\CortexM3\ARM_GCC_541\Debug\ZumoBot.a(CyFlash.o)
 .comment       0x0000006e       0x6f .\CortexM3\ARM_GCC_541\Debug\ZumoBot.a(CySpc.o)

.debug_weaknames
 *(.debug_weaknames)

.debug_funcnames
 *(.debug_funcnames)

.debug_typenames
 *(.debug_typenames)

.debug_varnames
 *(.debug_varnames)

.note.gnu.arm.ident
 *(.note.gnu.arm.ident)

.ARM.attributes
                0x00000000       0x29
 *(.ARM.attributes)
 .ARM.attributes
                0x00000000       0x1d j:/psoc/psoc creator/4.1/psoc creator/import/gnu/arm/5.4.1/bin/../lib/gcc/arm-none-eabi/5.4.1/armv7-m/crti.o
 .ARM.attributes
                0x0000001d       0x2d j:/psoc/psoc creator/4.1/psoc creator/import/gnu/arm/5.4.1/bin/../lib/gcc/arm-none-eabi/5.4.1/armv7-m/crtbegin.o
 .ARM.attributes
                0x0000004a       0x1b j:/psoc/psoc creator/4.1/psoc creator/import/gnu/arm/5.4.1/bin/../lib/gcc/arm-none-eabi/5.4.1/../../../../arm-none-eabi/lib/armv7-m/crt0.o
 .ARM.attributes
                0x00000065       0x33 .\CortexM3\ARM_GCC_541\Debug\main.o
 .ARM.attributes
                0x00000098       0x33 .\CortexM3\ARM_GCC_541\Debug\Accel.o
 .ARM.attributes
                0x000000cb       0x33 .\CortexM3\ARM_GCC_541\Debug\Ambient.o
 .ARM.attributes
                0x000000fe       0x33 .\CortexM3\ARM_GCC_541\Debug\Gyro.o
 .ARM.attributes
                0x00000131       0x33 .\CortexM3\ARM_GCC_541\Debug\I2C_made.o
 .ARM.attributes
                0x00000164       0x33 .\CortexM3\ARM_GCC_541\Debug\IR.o
 .ARM.attributes
                0x00000197       0x33 .\CortexM3\ARM_GCC_541\Debug\Magnet.o
 .ARM.attributes
                0x000001ca       0x33 .\CortexM3\ARM_GCC_541\Debug\Motor.o
 .ARM.attributes
                0x000001fd       0x33 .\CortexM3\ARM_GCC_541\Debug\Nunchuk.o
 .ARM.attributes
                0x00000230       0x33 .\CortexM3\ARM_GCC_541\Debug\Reflectance.o
 .ARM.attributes
                0x00000263       0x33 .\CortexM3\ARM_GCC_541\Debug\Ultra.o
 .ARM.attributes
                0x00000296       0x33 .\CortexM3\ARM_GCC_541\Debug\Beep.o
 .ARM.attributes
                0x000002c9       0x33 .\CortexM3\ARM_GCC_541\Debug\cyfitter_cfg.o
 .ARM.attributes
                0x000002fc       0x33 .\CortexM3\ARM_GCC_541\Debug\cymetadata.o
 .ARM.attributes
                0x0000032f       0x33 .\CortexM3\ARM_GCC_541\Debug\Cm3Start.o
 .ARM.attributes
                0x00000362       0x33 .\CortexM3\ARM_GCC_541\Debug\ZumoBot.a(PWM.o)
 .ARM.attributes
                0x00000395       0x33 .\CortexM3\ARM_GCC_541\Debug\ZumoBot.a(I2C.o)
 .ARM.attributes
                0x000003c8       0x33 .\CortexM3\ARM_GCC_541\Debug\ZumoBot.a(I2C_INT.o)
 .ARM.attributes
                0x000003fb       0x33 .\CortexM3\ARM_GCC_541\Debug\ZumoBot.a(I2C_PM.o)
 .ARM.attributes
                0x0000042e       0x33 .\CortexM3\ARM_GCC_541\Debug\ZumoBot.a(I2C_MASTER.o)
 .ARM.attributes
                0x00000461       0x33 .\CortexM3\ARM_GCC_541\Debug\ZumoBot.a(CyLib.o)
 .ARM.attributes
                0x00000494       0x33 .\CortexM3\ARM_GCC_541\Debug\ZumoBot.a(cyPm.o)
 .ARM.attributes
                0x000004c7       0x33 .\CortexM3\ARM_GCC_541\Debug\ZumoBot.a(MotorDirLeft.o)
 .ARM.attributes
                0x000004fa       0x33 .\CortexM3\ARM_GCC_541\Debug\ZumoBot.a(MotorDirRight.o)
 .ARM.attributes
                0x0000052d       0x33 .\CortexM3\ARM_GCC_541\Debug\ZumoBot.a(IR_led.o)
 .ARM.attributes
                0x00000560       0x33 .\CortexM3\ARM_GCC_541\Debug\ZumoBot.a(sensor_isr.o)
 .ARM.attributes
                0x00000593       0x33 .\CortexM3\ARM_GCC_541\Debug\ZumoBot.a(UART_1.o)
 .ARM.attributes
                0x000005c6       0x33 .\CortexM3\ARM_GCC_541\Debug\ZumoBot.a(IR_receiver.o)
 .ARM.attributes
                0x000005f9       0x33 .\CortexM3\ARM_GCC_541\Debug\ZumoBot.a(Trig.o)
 .ARM.attributes
                0x0000062c       0x33 .\CortexM3\ARM_GCC_541\Debug\ZumoBot.a(Timer.o)
 .ARM.attributes
                0x0000065f       0x33 .\CortexM3\ARM_GCC_541\Debug\ZumoBot.a(Echo.o)
 .ARM.attributes
                0x00000692       0x33 .\CortexM3\ARM_GCC_541\Debug\ZumoBot.a(ultra_isr.o)
 .ARM.attributes
                0x000006c5       0x33 .\CortexM3\ARM_GCC_541\Debug\ZumoBot.a(UART_1_IntClock.o)
 .ARM.attributes
                0x000006f8       0x33 .\CortexM3\ARM_GCC_541\Debug\ZumoBot.a(Buzzer_PWM.o)
 .ARM.attributes
                0x0000072b       0x33 .\CortexM3\ARM_GCC_541\Debug\ZumoBot.a(L3.o)
 .ARM.attributes
                0x0000075e       0x33 .\CortexM3\ARM_GCC_541\Debug\ZumoBot.a(Timer_L3.o)
 .ARM.attributes
                0x00000791       0x33 .\CortexM3\ARM_GCC_541\Debug\ZumoBot.a(Timer_R3.o)
 .ARM.attributes
                0x000007c4       0x33 .\CortexM3\ARM_GCC_541\Debug\ZumoBot.a(Timer_R1.o)
 .ARM.attributes
                0x000007f7       0x33 .\CortexM3\ARM_GCC_541\Debug\ZumoBot.a(R1.o)
 .ARM.attributes
                0x0000082a       0x33 .\CortexM3\ARM_GCC_541\Debug\ZumoBot.a(R3.o)
 .ARM.attributes
                0x0000085d       0x33 .\CortexM3\ARM_GCC_541\Debug\ZumoBot.a(Timer_L1.o)
 .ARM.attributes
                0x00000890       0x33 .\CortexM3\ARM_GCC_541\Debug\ZumoBot.a(L1.o)
 .ARM.attributes
                0x000008c3       0x21 .\CortexM3\ARM_GCC_541\Debug\ZumoBot.a(CyBootAsmGnu.o)
 .ARM.attributes
                0x000008e4       0x33 .\CortexM3\ARM_GCC_541\Debug\ZumoBot.a(CyFlash.o)
 .ARM.attributes
                0x00000917       0x33 .\CortexM3\ARM_GCC_541\Debug\ZumoBot.a(CySpc.o)
 .ARM.attributes
                0x0000094a       0x2d j:/psoc/psoc creator/4.1/psoc creator/import/gnu/arm/5.4.1/bin/../lib/gcc/arm-none-eabi/5.4.1/../../../../arm-none-eabi/lib/armv7-m\libm.a(lib_a-w_atan2.o)
 .ARM.attributes
                0x00000977       0x2d j:/psoc/psoc creator/4.1/psoc creator/import/gnu/arm/5.4.1/bin/../lib/gcc/arm-none-eabi/5.4.1/../../../../arm-none-eabi/lib/armv7-m\libm.a(lib_a-w_pow.o)
 .ARM.attributes
                0x000009a4       0x2d j:/psoc/psoc creator/4.1/psoc creator/import/gnu/arm/5.4.1/bin/../lib/gcc/arm-none-eabi/5.4.1/../../../../arm-none-eabi/lib/armv7-m\libm.a(lib_a-e_atan2.o)
 .ARM.attributes
                0x000009d1       0x2d j:/psoc/psoc creator/4.1/psoc creator/import/gnu/arm/5.4.1/bin/../lib/gcc/arm-none-eabi/5.4.1/../../../../arm-none-eabi/lib/armv7-m\libm.a(lib_a-e_pow.o)
 .ARM.attributes
                0x000009fe       0x2d j:/psoc/psoc creator/4.1/psoc creator/import/gnu/arm/5.4.1/bin/../lib/gcc/arm-none-eabi/5.4.1/../../../../arm-none-eabi/lib/armv7-m\libm.a(lib_a-e_sqrt.o)
 .ARM.attributes
                0x00000a2b       0x2d j:/psoc/psoc creator/4.1/psoc creator/import/gnu/arm/5.4.1/bin/../lib/gcc/arm-none-eabi/5.4.1/../../../../arm-none-eabi/lib/armv7-m\libm.a(lib_a-s_atan.o)
 .ARM.attributes
                0x00000a58       0x2d j:/psoc/psoc creator/4.1/psoc creator/import/gnu/arm/5.4.1/bin/../lib/gcc/arm-none-eabi/5.4.1/../../../../arm-none-eabi/lib/armv7-m\libm.a(lib_a-s_fabs.o)
 .ARM.attributes
                0x00000a85       0x2d j:/psoc/psoc creator/4.1/psoc creator/import/gnu/arm/5.4.1/bin/../lib/gcc/arm-none-eabi/5.4.1/../../../../arm-none-eabi/lib/armv7-m\libm.a(lib_a-s_finite.o)
 .ARM.attributes
                0x00000ab2       0x2d j:/psoc/psoc creator/4.1/psoc creator/import/gnu/arm/5.4.1/bin/../lib/gcc/arm-none-eabi/5.4.1/../../../../arm-none-eabi/lib/armv7-m\libm.a(lib_a-s_lib_ver.o)
 .ARM.attributes
                0x00000adf       0x2d j:/psoc/psoc creator/4.1/psoc creator/import/gnu/arm/5.4.1/bin/../lib/gcc/arm-none-eabi/5.4.1/../../../../arm-none-eabi/lib/armv7-m\libm.a(lib_a-s_matherr.o)
 .ARM.attributes
                0x00000b0c       0x2d j:/psoc/psoc creator/4.1/psoc creator/import/gnu/arm/5.4.1/bin/../lib/gcc/arm-none-eabi/5.4.1/../../../../arm-none-eabi/lib/armv7-m\libm.a(lib_a-s_nan.o)
 .ARM.attributes
                0x00000b39       0x2d j:/psoc/psoc creator/4.1/psoc creator/import/gnu/arm/5.4.1/bin/../lib/gcc/arm-none-eabi/5.4.1/../../../../arm-none-eabi/lib/armv7-m\libm.a(lib_a-s_rint.o)
 .ARM.attributes
                0x00000b66       0x2d j:/psoc/psoc creator/4.1/psoc creator/import/gnu/arm/5.4.1/bin/../lib/gcc/arm-none-eabi/5.4.1/../../../../arm-none-eabi/lib/armv7-m\libm.a(lib_a-s_scalbn.o)
 .ARM.attributes
                0x00000b93       0x2d j:/psoc/psoc creator/4.1/psoc creator/import/gnu/arm/5.4.1/bin/../lib/gcc/arm-none-eabi/5.4.1/../../../../arm-none-eabi/lib/armv7-m\libm.a(lib_a-s_copysign.o)
 .ARM.attributes
                0x00000bc0       0x1d j:/psoc/psoc creator/4.1/psoc creator/import/gnu/arm/5.4.1/bin/../lib/gcc/arm-none-eabi/5.4.1/armv7-m\libgcc.a(_arm_addsubdf3.o)
 .ARM.attributes
                0x00000bdd       0x1d j:/psoc/psoc creator/4.1/psoc creator/import/gnu/arm/5.4.1/bin/../lib/gcc/arm-none-eabi/5.4.1/armv7-m\libgcc.a(_arm_muldivdf3.o)
 .ARM.attributes
                0x00000bfa       0x1d j:/psoc/psoc creator/4.1/psoc creator/import/gnu/arm/5.4.1/bin/../lib/gcc/arm-none-eabi/5.4.1/armv7-m\libgcc.a(_arm_cmpdf2.o)
 .ARM.attributes
                0x00000c17       0x1d j:/psoc/psoc creator/4.1/psoc creator/import/gnu/arm/5.4.1/bin/../lib/gcc/arm-none-eabi/5.4.1/armv7-m\libgcc.a(_arm_unorddf2.o)
 .ARM.attributes
                0x00000c34       0x1d j:/psoc/psoc creator/4.1/psoc creator/import/gnu/arm/5.4.1/bin/../lib/gcc/arm-none-eabi/5.4.1/armv7-m\libgcc.a(_arm_addsubsf3.o)
 .ARM.attributes
                0x00000c51       0x1d j:/psoc/psoc creator/4.1/psoc creator/import/gnu/arm/5.4.1/bin/../lib/gcc/arm-none-eabi/5.4.1/armv7-m\libgcc.a(_arm_muldivsf3.o)
 .ARM.attributes
                0x00000c6e       0x1d j:/psoc/psoc creator/4.1/psoc creator/import/gnu/arm/5.4.1/bin/../lib/gcc/arm-none-eabi/5.4.1/armv7-m\libgcc.a(_arm_fixunssfsi.o)
 .ARM.attributes
                0x00000c8b       0x2d j:/psoc/psoc creator/4.1/psoc creator/import/gnu/arm/5.4.1/bin/../lib/gcc/arm-none-eabi/5.4.1/../../../../arm-none-eabi/lib/armv7-m\libg.a(lib_a-errno.o)
 .ARM.attributes
                0x00000cb8       0x2d j:/psoc/psoc creator/4.1/psoc creator/import/gnu/arm/5.4.1/bin/../lib/gcc/arm-none-eabi/5.4.1/../../../../arm-none-eabi/lib/armv7-m\libg.a(lib_a-exit.o)
 .ARM.attributes
                0x00000ce5       0x2d j:/psoc/psoc creator/4.1/psoc creator/import/gnu/arm/5.4.1/bin/../lib/gcc/arm-none-eabi/5.4.1/../../../../arm-none-eabi/lib/armv7-m\libg.a(lib_a-impure.o)
 .ARM.attributes
                0x00000d12       0x2d j:/psoc/psoc creator/4.1/psoc creator/import/gnu/arm/5.4.1/bin/../lib/gcc/arm-none-eabi/5.4.1/../../../../arm-none-eabi/lib/armv7-m\libg.a(lib_a-init.o)
 .ARM.attributes
                0x00000d3f       0x1b j:/psoc/psoc creator/4.1/psoc creator/import/gnu/arm/5.4.1/bin/../lib/gcc/arm-none-eabi/5.4.1/../../../../arm-none-eabi/lib/armv7-m\libg.a(lib_a-memcpy.o)
 .ARM.attributes
                0x00000d5a       0x2d j:/psoc/psoc creator/4.1/psoc creator/import/gnu/arm/5.4.1/bin/../lib/gcc/arm-none-eabi/5.4.1/../../../../arm-none-eabi/lib/armv7-m\libg.a(lib_a-memset.o)
 .ARM.attributes
                0x00000d87       0x2d j:/psoc/psoc creator/4.1/psoc creator/import/gnu/arm/5.4.1/bin/../lib/gcc/arm-none-eabi/5.4.1/../../../../arm-none-eabi/lib/armv7-m\libg.a(lib_a-__call_atexit.o)
 .ARM.attributes
                0x00000db4       0x2d j:/psoc/psoc creator/4.1/psoc creator/import/gnu/arm/5.4.1/bin/../lib/gcc/arm-none-eabi/5.4.1/../../../../arm-none-eabi/lib/armv7-m\libg.a(lib_a-atexit.o)
 .ARM.attributes
                0x00000de1       0x2d j:/psoc/psoc creator/4.1/psoc creator/import/gnu/arm/5.4.1/bin/../lib/gcc/arm-none-eabi/5.4.1/../../../../arm-none-eabi/lib/armv7-m\libg.a(lib_a-fini.o)
 .ARM.attributes
                0x00000e0e       0x2d j:/psoc/psoc creator/4.1/psoc creator/import/gnu/arm/5.4.1/bin/../lib/gcc/arm-none-eabi/5.4.1/../../../../arm-none-eabi/lib/armv7-m\libg.a(lib_a-__atexit.o)
 .ARM.attributes
                0x00000e3b       0x2d j:/psoc/psoc creator/4.1/psoc creator/import/gnu/arm/5.4.1/bin/../lib/gcc/arm-none-eabi/5.4.1/armv7-m/crtend.o
 .ARM.attributes
                0x00000e68       0x1d j:/psoc/psoc creator/4.1/psoc creator/import/gnu/arm/5.4.1/bin/../lib/gcc/arm-none-eabi/5.4.1/armv7-m/crtn.o

/DISCARD/
 *(.note.GNU-stack)
OUTPUT(J:\Project\Steve Brain\Zumo01\ZumoBot.cydsn\CortexM3\ARM_GCC_541\Debug\ZumoBot.elf elf32-littlearm)
