Archive member included to satisfy reference by file (symbol)

.\CortexM3\ARM_GCC_541\Debug\ZumoBot.a(PWM.o)
                              .\CortexM3\ARM_GCC_541\Debug\Motor.o (PWM_Stop)
.\CortexM3\ARM_GCC_541\Debug\ZumoBot.a(I2C.o)
                              .\CortexM3\ARM_GCC_541\Debug\Nunchuk.o (I2C_Start)
.\CortexM3\ARM_GCC_541\Debug\ZumoBot.a(I2C_INT.o)
                              .\CortexM3\ARM_GCC_541\Debug\ZumoBot.a(I2C.o) (I2C_ISR)
.\CortexM3\ARM_GCC_541\Debug\ZumoBot.a(I2C_PM.o)
                              .\CortexM3\ARM_GCC_541\Debug\ZumoBot.a(I2C.o) (I2C_backup)
.\CortexM3\ARM_GCC_541\Debug\ZumoBot.a(I2C_MASTER.o)
                              .\CortexM3\ARM_GCC_541\Debug\I2C_made.o (I2C_MasterWriteBuf)
.\CortexM3\ARM_GCC_541\Debug\ZumoBot.a(CyLib.o)
                              .\CortexM3\ARM_GCC_541\Debug\Cm3Start.o (CyHalt)
.\CortexM3\ARM_GCC_541\Debug\ZumoBot.a(cyPm.o)
                              .\CortexM3\ARM_GCC_541\Debug\ZumoBot.a(CyLib.o) (CyPmReadStatus)
.\CortexM3\ARM_GCC_541\Debug\ZumoBot.a(MotorDirLeft.o)
                              .\CortexM3\ARM_GCC_541\Debug\Motor.o (MotorDirLeft_Write)
.\CortexM3\ARM_GCC_541\Debug\ZumoBot.a(MotorDirRight.o)
                              .\CortexM3\ARM_GCC_541\Debug\Motor.o (MotorDirRight_Write)
.\CortexM3\ARM_GCC_541\Debug\ZumoBot.a(sensor_isr.o)
                              .\CortexM3\ARM_GCC_541\Debug\Reflectance.o (sensor_isr_StartEx)
.\CortexM3\ARM_GCC_541\Debug\ZumoBot.a(UART_1.o)
                              .\CortexM3\ARM_GCC_541\Debug\main.o (UART_1_Start)
.\CortexM3\ARM_GCC_541\Debug\ZumoBot.a(ADC_Battery.o)
                              .\CortexM3\ARM_GCC_541\Debug\main.o (ADC_Battery_Start)
.\CortexM3\ARM_GCC_541\Debug\ZumoBot.a(ADC_Battery_INT.o)
                              .\CortexM3\ARM_GCC_541\Debug\ZumoBot.a(ADC_Battery.o) (ADC_Battery_ISR)
.\CortexM3\ARM_GCC_541\Debug\ZumoBot.a(BatteryLed.o)
                              .\CortexM3\ARM_GCC_541\Debug\main.o (BatteryLed_Write)
.\CortexM3\ARM_GCC_541\Debug\ZumoBot.a(IR_receiver.o)
                              .\CortexM3\ARM_GCC_541\Debug\IR.o (IR_receiver_Read)
.\CortexM3\ARM_GCC_541\Debug\ZumoBot.a(Trig.o)
                              .\CortexM3\ARM_GCC_541\Debug\Ultra.o (Trig_Write)
.\CortexM3\ARM_GCC_541\Debug\ZumoBot.a(Timer.o)
                              .\CortexM3\ARM_GCC_541\Debug\Ultra.o (Timer_Stop)
.\CortexM3\ARM_GCC_541\Debug\ZumoBot.a(Echo.o)
                              .\CortexM3\ARM_GCC_541\Debug\Ultra.o (Echo_Read)
.\CortexM3\ARM_GCC_541\Debug\ZumoBot.a(ultra_isr.o)
                              .\CortexM3\ARM_GCC_541\Debug\Ultra.o (ultra_isr_StartEx)
.\CortexM3\ARM_GCC_541\Debug\ZumoBot.a(UART_1_IntClock.o)
                              .\CortexM3\ARM_GCC_541\Debug\ZumoBot.a(UART_1.o) (UART_1_IntClock_Start)
.\CortexM3\ARM_GCC_541\Debug\ZumoBot.a(ADC_Battery_theACLK.o)
                              .\CortexM3\ARM_GCC_541\Debug\ZumoBot.a(ADC_Battery.o) (ADC_Battery_theACLK_SetModeRegister)
.\CortexM3\ARM_GCC_541\Debug\ZumoBot.a(Buzzer_PWM.o)
                              .\CortexM3\ARM_GCC_541\Debug\Beep.o (Buzzer_PWM_Stop)
.\CortexM3\ARM_GCC_541\Debug\ZumoBot.a(L3.o)
                              .\CortexM3\ARM_GCC_541\Debug\Reflectance.o (L3_Write)
.\CortexM3\ARM_GCC_541\Debug\ZumoBot.a(Timer_L3.o)
                              .\CortexM3\ARM_GCC_541\Debug\Reflectance.o (Timer_L3_ReadStatusRegister)
.\CortexM3\ARM_GCC_541\Debug\ZumoBot.a(Timer_R3.o)
                              .\CortexM3\ARM_GCC_541\Debug\Reflectance.o (Timer_R3_ReadStatusRegister)
.\CortexM3\ARM_GCC_541\Debug\ZumoBot.a(Timer_R1.o)
                              .\CortexM3\ARM_GCC_541\Debug\Reflectance.o (Timer_R1_ReadStatusRegister)
.\CortexM3\ARM_GCC_541\Debug\ZumoBot.a(R1.o)
                              .\CortexM3\ARM_GCC_541\Debug\Reflectance.o (R1_Write)
.\CortexM3\ARM_GCC_541\Debug\ZumoBot.a(R3.o)
                              .\CortexM3\ARM_GCC_541\Debug\Reflectance.o (R3_Write)
.\CortexM3\ARM_GCC_541\Debug\ZumoBot.a(Timer_L1.o)
                              .\CortexM3\ARM_GCC_541\Debug\Reflectance.o (Timer_L1_ReadStatusRegister)
.\CortexM3\ARM_GCC_541\Debug\ZumoBot.a(L1.o)
                              .\CortexM3\ARM_GCC_541\Debug\Reflectance.o (L1_Write)
.\CortexM3\ARM_GCC_541\Debug\ZumoBot.a(CyBootAsmGnu.o)
                              .\CortexM3\ARM_GCC_541\Debug\cyfitter_cfg.o (CyDelayCycles)
.\CortexM3\ARM_GCC_541\Debug\ZumoBot.a(CyFlash.o)
                              .\CortexM3\ARM_GCC_541\Debug\ZumoBot.a(cyPm.o) (CyFlash_SetWaitCycles)
.\CortexM3\ARM_GCC_541\Debug\ZumoBot.a(CySpc.o)
                              .\CortexM3\ARM_GCC_541\Debug\ZumoBot.a(CyFlash.o) (CySpcStart)
j:/psoc/psoc creator/4.1/psoc creator/import/gnu/arm/5.4.1/bin/../lib/gcc/arm-none-eabi/5.4.1/../../../../arm-none-eabi/lib/armv7-m\libm.a(lib_a-w_atan2.o)
                              .\CortexM3\ARM_GCC_541\Debug\Accel.o (atan2)
[...]
Memory Configuration

Name             Origin             Length             Attributes
rom              0x00000000         0x00040000         xr
ram              0x1fff8000         0x00010000         xrw
*default*        0x00000000         0xffffffff

Linker script and memory map

LOAD j:/psoc/psoc creator/4.1/psoc creator/import/gnu/arm/5.4.1/bin/../lib/gcc/arm-none-eabi/5.4.1/armv7-m/crti.o
LOAD j:/psoc/psoc creator/4.1/psoc creator/import/gnu/arm/5.4.1/bin/../lib/gcc/arm-none-eabi/5.4.1/armv7-m/crtbegin.o
LOAD j:/psoc/psoc creator/4.1/psoc creator/import/gnu/arm/5.4.1/bin/../lib/gcc/arm-none-eabi/5.4.1/../../../../arm-none-eabi/lib/armv7-m/crt0.o
START GROUP
LOAD .\CortexM3\ARM_GCC_541\Debug\main.o
LOAD .\CortexM3\ARM_GCC_541\Debug\Accel.o
LOAD .\CortexM3\ARM_GCC_541\Debug\Ambient.o
LOAD .\CortexM3\ARM_GCC_541\Debug\Gyro.o
LOAD .\CortexM3\ARM_GCC_541\Debug\I2C_made.o
LOAD .\CortexM3\ARM_GCC_541\Debug\IR.o
LOAD .\CortexM3\ARM_GCC_541\Debug\Magnet.o
LOAD .\CortexM3\ARM_GCC_541\Debug\Motor.o
LOAD .\CortexM3\ARM_GCC_541\Debug\Nunchuk.o
LOAD .\CortexM3\ARM_GCC_541\Debug\Reflectance.o
LOAD .\CortexM3\ARM_GCC_541\Debug\Ultra.o
LOAD .\CortexM3\ARM_GCC_541\Debug\Beep.o
LOAD .\CortexM3\ARM_GCC_541\Debug\cyfitter_cfg.o
LOAD .\CortexM3\ARM_GCC_541\Debug\cymetadata.o
LOAD .\CortexM3\ARM_GCC_541\Debug\Cm3Start.o
LOAD .\CortexM3\ARM_GCC_541\Debug\ZumoBot.a
LOAD J:\PSoC\PSoC Creator\4.1\PSoC Creator\psoc\content\cycomponentlibrary\CyComponentLibrary.cylib\CortexM3\ARM_GCC_541\Debug\CyComponentLibrary.a
LOAD j:/psoc/psoc creator/4.1/psoc creator/import/gnu/arm/5.4.1/bin/../lib/gcc/arm-none-eabi/5.4.1/../../../../arm-none-eabi/lib/armv7-m\libm.a
END GROUP
START GROUP
LOAD j:/psoc/psoc creator/4.1/psoc creator/import/gnu/arm/5.4.1/bin/../lib/gcc/arm-none-eabi/5.4.1/armv7-m\libgcc.a
LOAD j:/psoc/psoc creator/4.1/psoc creator/import/gnu/arm/5.4.1/bin/../lib/gcc/arm-none-eabi/5.4.1/../../../../arm-none-eabi/lib/armv7-m\libg.a
LOAD j:/psoc/psoc creator/4.1/psoc creator/import/gnu/arm/5.4.1/bin/../lib/gcc/arm-none-eabi/5.4.1/../../../../arm-none-eabi/lib/armv7-m\libc.a
END GROUP
LOAD j:/psoc/psoc creator/4.1/psoc creator/import/gnu/arm/5.4.1/bin/../lib/gcc/arm-none-eabi/5.4.1/armv7-m/crtend.o
LOAD j:/psoc/psoc creator/4.1/psoc creator/import/gnu/arm/5.4.1/bin/../lib/gcc/arm-none-eabi/5.4.1/armv7-m/crtn.o
START GROUP
LOAD j:/psoc/psoc creator/4.1/psoc creator/import/gnu/arm/5.4.1/bin/../lib/gcc/arm-none-eabi/5.4.1/armv7-m\libgcc.a
LOAD j:/psoc/psoc creator/4.1/psoc creator/import/gnu/arm/5.4.1/bin/../lib/gcc/arm-none-eabi/5.4.1/../../../../arm-none-eabi/lib/armv7-m\libc.a
LOAD j:/psoc/psoc creator/4.1/psoc creator/import/gnu/arm/5.4.1/bin/../lib/gcc/arm-none-eabi/5.4.1/../../../../arm-none-eabi/lib/armv7-m\libnosys.a
END GROUP
                0x00000000                CY_APPL_ORIGIN = 0x0
                0x00000100                CY_FLASH_ROW_SIZE = 0x100
                0x00000020                CY_ECC_ROW_SIZE = 0x20
                0x00000000                CY_EE_IN_BTLDR = 0x0
                0x00000000                CY_APPL_LOADABLE = 0x0
                0x00000800                CY_EE_SIZE = 0x800
                0x00000001                CY_APPL_NUM = 0x1
                0x00000001                CY_APPL_MAX = 0x1
                0x00000040                CY_METADATA_SIZE = 0x40
                0x00000000                CY_APPL_LOADABLE = 0x0
                0x00000000                CY_CHECKSUM_EXCLUDE_SIZE = ALIGN (0x0, CY_FLASH_ROW_SIZE)
                [!provide]                PROVIDE (__cy_heap_start, _end)
                0x00000001                PROVIDE (__cy_region_num, ((__cy_regions_end - __cy_regions) / 0x10))
                0x20008000                PROVIDE (__cy_stack, (ORIGIN (ram) + LENGTH (ram)))
                [!provide]                PROVIDE (__cy_heap_end, (__cy_stack - 0x800))

.cybootloader   0x00000000        0x0
 *(.cybootloader)
                0x00000000                appl1_start = CY_APPL_ORIGIN?CY_APPL_ORIGIN:ALIGN (CY_FLASH_ROW_SIZE)
                0x0001ff00                appl2_start = (appl1_start + ALIGN ((((LENGTH (rom) - appl1_start) - (0x2 * CY_FLASH_ROW_SIZE)) / 0x2), CY_FLASH_ROW_SIZE))
                0x00000000                appl_start = (CY_APPL_NUM == 0x1)?appl1_start:appl2_start
                0x00000000                ecc_offset = ((appl_start / CY_FLASH_ROW_SIZE) * CY_ECC_ROW_SIZE)
                0x00000000                ee_offset = (CY_APPL_LOADABLE && ! (CY_EE_IN_BTLDR))?((CY_EE_SIZE / CY_APPL_MAX) * (CY_APPL_NUM - 0x1)):0x0
                0x00000800                ee_size = (CY_APPL_LOADABLE && ! (CY_EE_IN_BTLDR))?(CY_EE_SIZE / CY_APPL_MAX):CY_EE_SIZE
                [!provide]                PROVIDE (CY_ECC_OFFSET, ecc_offset)

.text           0x00000000     0xafa0
 CREATE_OBJECT_SYMBOLS
                0x00000000                PROVIDE (__cy_interrupt_vector, RomVectors)
 *(.romvectors)
 .romvectors    0x00000000       0x10 .\CortexM3\ARM_GCC_541\Debug\Cm3Start.o
                0x00000000                RomVectors
                0x00000001                ASSERT ((. != __cy_interrupt_vector), No interrupt vector)
                0x00000001                ASSERT (CY_APPL_ORIGIN?(SIZEOF (.cybootloader) <= CY_APPL_ORIGIN):0x1, Wrong image location)
                0x00000010                PROVIDE (__cy_reset, Reset)
 *(.text.Reset)
 .text.Reset    0x00000010       0x18 .\CortexM3\ARM_GCC_541\Debug\Cm3Start.o
                0x00000010                Reset
                0x00000001                ASSERT ((. != __cy_reset), No reset code)
 *(.dma_init)
                0x00000001                ASSERT ((((appl_start + .) <= 0x10000) || 0x1), DMA Init must be within the first 64k of flash)
 *(.text .text.* .gnu.linkonce.t.*)
 .text          0x00000028       0x5c j:/psoc/psoc creator/4.1/psoc creator/import/gnu/arm/5.4.1/bin/../lib/gcc/arm-none-eabi/5.4.1/armv7-m/crtbegin.o
 .text.main     0x00000084       0xa0 .\CortexM3\ARM_GCC_541\Debug\main.o
                0x00000084                main
 .text._write   0x00000124       0x2c .\CortexM3\ARM_GCC_541\Debug\main.o
                0x00000124                _write
 .text._read    0x00000150       0x38 .\CortexM3\ARM_GCC_541\Debug\main.o
                0x00000150                _read
 .text.motor_start
                0x00000188        0x8 .\CortexM3\ARM_GCC_541\Debug\Motor.o
                0x00000188                motor_start
 .text.motor_stop
                0x00000190        0x8 .\CortexM3\ARM_GCC_541\Debug\Motor.o
                0x00000190                motor_stop
 .text.motor_forward
                0x00000198       0x28 .\CortexM3\ARM_GCC_541\Debug\Motor.o
                0x00000198                motor_forward
 .text.motor_turn
                0x000001c0       0x18 .\CortexM3\ARM_GCC_541\Debug\Motor.o
                0x000001c0                motor_turn
 .text.motor_backward
                0x000001d8       0x28 .\CortexM3\ARM_GCC_541\Debug\Motor.o
                0x000001d8                motor_backward
 .text.CyClockStartupError
                0x00000200        0x4 .\CortexM3\ARM_GCC_541\Debug\cyfitter_cfg.o
 .text.cfg_write_bytes32
                0x00000204       0x34 .\CortexM3\ARM_GCC_541\Debug\cyfitter_cfg.o
 .text.CYMEMZERO
                0x00000238        0xc .\CortexM3\ARM_GCC_541\Debug\cyfitter_cfg.o
 .text.ClockSetup
                0x00000244       0xf0 .\CortexM3\ARM_GCC_541\Debug\cyfitter_cfg.o
 .text.AnalogSetDefault
                0x00000334       0x80 .\CortexM3\ARM_GCC_541\Debug\cyfitter_cfg.o
 .text.CYCONFIGCPY
                0x000003b4        0x8 .\CortexM3\ARM_GCC_541\Debug\cyfitter_cfg.o
 .text.cyfitter_cfg
                0x000003bc      0x144 .\CortexM3\ARM_GCC_541\Debug\cyfitter_cfg.o
                0x000003bc                cyfitter_cfg
 .text.IntDefaultHandler
                0x00000500       0x10 .\CortexM3\ARM_GCC_541\Debug\Cm3Start.o
                0x00000500                IntDefaultHandler
 .text._sbrk    0x00000510       0x30 .\CortexM3\ARM_GCC_541\Debug\Cm3Start.o
                0x00000510                _sbrk
 .text.Start_c  0x00000540       0x4c .\CortexM3\ARM_GCC_541\Debug\Cm3Start.o
                0x00000540                Start_c
 .text.initialize_psoc
                0x0000058c       0x68 .\CortexM3\ARM_GCC_541\Debug\Cm3Start.o
                0x0000058c                initialize_psoc
 .text.PWM_Enable
                0x000005f4       0x10 .\CortexM3\ARM_GCC_541\Debug\ZumoBot.a(PWM.o)
                0x000005f4                PWM_Enable
 .text.PWM_Stop
                0x00000604       0x10 .\CortexM3\ARM_GCC_541\Debug\ZumoBot.a(PWM.o)
                0x00000604                PWM_Stop
 .text.PWM_WriteCounter
                0x00000614        0xc .\CortexM3\ARM_GCC_541\Debug\ZumoBot.a(PWM.o)
                0x00000614                PWM_WriteCounter
 .text.PWM_WritePeriod
                0x00000620        0xc .\CortexM3\ARM_GCC_541\Debug\ZumoBot.a(PWM.o)
                0x00000620                PWM_WritePeriod
 .text.PWM_WriteCompare1
                0x0000062c        0xc .\CortexM3\ARM_GCC_541\Debug\ZumoBot.a(PWM.o)
                0x0000062c                PWM_WriteCompare1
 .text.PWM_WriteCompare2
                0x00000638        0xc .\CortexM3\ARM_GCC_541\Debug\ZumoBot.a(PWM.o)
                0x00000638                PWM_WriteCompare2
 .text.PWM_SetInterruptMode
                0x00000644        0xc .\CortexM3\ARM_GCC_541\Debug\ZumoBot.a(PWM.o)
                0x00000644                PWM_SetInterruptMode
 .text.PWM_ReadStatusRegister
                0x00000650        0xc .\CortexM3\ARM_GCC_541\Debug\ZumoBot.a(PWM.o)
                0x00000650                PWM_ReadStatusRegister
 .text.PWM_ReadCapture
                0x0000065c        0xc .\CortexM3\ARM_GCC_541\Debug\ZumoBot.a(PWM.o)
                0x0000065c                PWM_ReadCapture
 .text.PWM_ClearFIFO
                0x00000668       0x14 .\CortexM3\ARM_GCC_541\Debug\ZumoBot.a(PWM.o)
                0x00000668                PWM_ClearFIFO
 .text.PWM_Init
                0x0000067c       0x58 .\CortexM3\ARM_GCC_541\Debug\ZumoBot.a(PWM.o)
                0x0000067c                PWM_Init
 .text.PWM_Start
                0x000006d4       0x1c .\CortexM3\ARM_GCC_541\Debug\ZumoBot.a(PWM.o)
                0x000006d4                PWM_Start
 .text.CyHalt   0x000006f0        0x4 .\CortexM3\ARM_GCC_541\Debug\ZumoBot.a(CyLib.o)
                0x000006f0                CyHalt
 .text.CyDelay  0x000006f4       0x2c .\CortexM3\ARM_GCC_541\Debug\ZumoBot.a(CyLib.o)
                0x000006f4                CyDelay
 .text.CyDelayUs
                0x00000720       0x14 .\CortexM3\ARM_GCC_541\Debug\ZumoBot.a(CyLib.o)
                0x00000720                CyDelayUs
 .text.CyIntSetVector
                0x00000734       0x28 .\CortexM3\ARM_GCC_541\Debug\ZumoBot.a(CyLib.o)
                0x00000734                CyIntSetVector
 .text.CyIntSetPriority
                0x0000075c       0x30 .\CortexM3\ARM_GCC_541\Debug\ZumoBot.a(CyLib.o)
                0x0000075c                CyIntSetPriority
 .text.MotorDirLeft_Write
                0x0000078c       0x18 .\CortexM3\ARM_GCC_541\Debug\ZumoBot.a(MotorDirLeft.o)
                0x0000078c                MotorDirLeft_Write
 .text.MotorDirRight_Write
                0x000007a4       0x18 .\CortexM3\ARM_GCC_541\Debug\ZumoBot.a(MotorDirRight.o)
                0x000007a4                MotorDirRight_Write
 .text.UART_1_Init
                0x000007bc       0x28 .\CortexM3\ARM_GCC_541\Debug\ZumoBot.a(UART_1.o)
                0x000007bc                UART_1_Init
 .text.UART_1_Enable
                0x000007e4       0x38 .\CortexM3\ARM_GCC_541\Debug\ZumoBot.a(UART_1.o)
                0x000007e4                UART_1_Enable
 .text.UART_1_Start
                0x0000081c       0x1c .\CortexM3\ARM_GCC_541\Debug\ZumoBot.a(UART_1.o)
                0x0000081c                UART_1_Start
 .text.UART_1_GetChar
                0x00000838       0x2c .\CortexM3\ARM_GCC_541\Debug\ZumoBot.a(UART_1.o)
                0x00000838                UART_1_GetChar
 .text.UART_1_PutChar
                0x00000864       0x18 .\CortexM3\ARM_GCC_541\Debug\ZumoBot.a(UART_1.o)
                0x00000864                UART_1_PutChar
 .text.ADC_Battery_CalcGain
                0x0000087c       0x64 .\CortexM3\ARM_GCC_541\Debug\ZumoBot.a(ADC_Battery.o)
 .text.ADC_Battery_Enable
                0x000008e0       0x94 .\CortexM3\ARM_GCC_541\Debug\ZumoBot.a(ADC_Battery.o)
                0x000008e0                ADC_Battery_Enable
 .text.ADC_Battery_SetResolution
                0x00000974       0x38 .\CortexM3\ARM_GCC_541\Debug\ZumoBot.a(ADC_Battery.o)
                0x00000974                ADC_Battery_SetResolution
 .text.ADC_Battery_Init
                0x000009ac       0x3c .\CortexM3\ARM_GCC_541\Debug\ZumoBot.a(ADC_Battery.o)
                0x000009ac                ADC_Battery_Init
 .text.ADC_Battery_Start
                0x000009e8       0x1c .\CortexM3\ARM_GCC_541\Debug\ZumoBot.a(ADC_Battery.o)
                0x000009e8                ADC_Battery_Start
 .text.ADC_Battery_ISR
                0x00000a04        0x4 .\CortexM3\ARM_GCC_541\Debug\ZumoBot.a(ADC_Battery_INT.o)
                0x00000a04                ADC_Battery_ISR
 .text.BatteryLed_Write
                0x00000a08       0x18 .\CortexM3\ARM_GCC_541\Debug\ZumoBot.a(BatteryLed.o)
                0x00000a08                BatteryLed_Write
 .text.UART_1_IntClock_Start
                0x00000a20       0x1c .\CortexM3\ARM_GCC_541\Debug\ZumoBot.a(UART_1_IntClock.o)
                0x00000a20                UART_1_IntClock_Start
 .text.ADC_Battery_theACLK_SetModeRegister
                0x00000a3c       0x14 .\CortexM3\ARM_GCC_541\Debug\ZumoBot.a(ADC_Battery_theACLK.o)
                0x00000a3c                ADC_Battery_theACLK_SetModeRegister
 .text          0x00000a50       0x20 .\CortexM3\ARM_GCC_541\Debug\ZumoBot.a(CyBootAsmGnu.o)
                0x00000a50                CyDelayCycles
                0x00000a60                CyEnterCriticalSection
                0x00000a68                CyExitCriticalSection
 .text          0x00000a70      0x370 j:/psoc/psoc creator/4.1/psoc creator/import/gnu/arm/5.4.1/bin/../lib/gcc/arm-none-eabi/5.4.1/armv7-m\libgcc.a(_arm_addsubdf3.o)
                0x00000a70                __aeabi_drsub
                0x00000a78                __aeabi_dsub
                0x00000a78                __subdf3
                0x00000a7c                __aeabi_dadd
                0x00000a7c                __adddf3
                0x00000cf4                __floatunsidf
                0x00000cf4                __aeabi_ui2d
                0x00000d14                __floatsidf
                0x00000d14                __aeabi_i2d
                0x00000d38                __aeabi_f2d
                0x00000d38                __extendsfdf2
                0x00000d74                __floatundidf
                0x00000d74                __aeabi_ul2d
                0x00000d84                __floatdidf
                0x00000d84                __aeabi_l2d
 .text          0x00000de0      0x424 j:/psoc/psoc creator/4.1/psoc creator/import/gnu/arm/5.4.1/bin/../lib/gcc/arm-none-eabi/5.4.1/armv7-m\libgcc.a(_arm_muldivdf3.o)
                0x00000de0                __aeabi_dmul
                0x00000de0                __muldf3
                0x00001034                __divdf3
                0x00001034                __aeabi_ddiv
 .text          0x00001204      0x110 j:/psoc/psoc creator/4.1/psoc creator/import/gnu/arm/5.4.1/bin/../lib/gcc/arm-none-eabi/5.4.1/armv7-m\libgcc.a(_arm_cmpdf2.o)
                0x00001204                __gtdf2
                0x00001204                __gedf2
                0x0000120c                __ltdf2
                0x0000120c                __ledf2
                0x00001214                __nedf2
                0x00001214                __eqdf2
                0x00001214                __cmpdf2
                0x00001290                __aeabi_cdrcmple
                0x000012a0                __aeabi_cdcmpeq
                0x000012a0                __aeabi_cdcmple
                0x000012b0                __aeabi_dcmpeq
                0x000012c4                __aeabi_dcmplt
                0x000012d8                __aeabi_dcmple
                0x000012ec                __aeabi_dcmpge
                0x00001300                __aeabi_dcmpgt
 .text          0x00001314       0x2c j:/psoc/psoc creator/4.1/psoc creator/import/gnu/arm/5.4.1/bin/../lib/gcc/arm-none-eabi/5.4.1/armv7-m\libgcc.a(_arm_unorddf2.o)
                0x00001314                __unorddf2
                0x00001314                __aeabi_dcmpun
 .text          0x00001340      0x2ec j:/psoc/psoc creator/4.1/psoc creator/import/gnu/arm/5.4.1/bin/../lib/gcc/arm-none-eabi/5.4.1/armv7-m\libgcc.a(_udivmoddi4.o)
                0x00001340                __udivmoddi4
 .text          0x0000162c        0x4 j:/psoc/psoc creator/4.1/psoc creator/import/gnu/arm/5.4.1/bin/../lib/gcc/arm-none-eabi/5.4.1/armv7-m\libgcc.a(_dvmd_tls.o)
                0x0000162c                __aeabi_idiv0
                0x0000162c                __aeabi_ldiv0
 .text.__errno  0x00001630        0xc j:/psoc/psoc creator/4.1/psoc creator/import/gnu/arm/5.4.1/bin/../lib/gcc/arm-none-eabi/5.4.1/../../../../arm-none-eabi/lib/armv7-m\libg.a(lib_a-errno.o)
                0x00001630                __errno
 .text.__libc_init_array
                0x0000163c       0x50 j:/psoc/psoc creator/4.1/psoc creator/import/gnu/arm/5.4.1/bin/../lib/gcc/arm-none-eabi/5.4.1/../../../../arm-none-eabi/lib/armv7-m\libg.a(lib_a-init.o)
                0x0000163c                __libc_init_array
 .text          0x0000168c       0xec j:/psoc/psoc creator/4.1/psoc creator/import/gnu/arm/5.4.1/bin/../lib/gcc/arm-none-eabi/5.4.1/../../../../arm-none-eabi/lib/armv7-m\libg.a(lib_a-memcpy.o)
                0x0000168c                memcpy
 .text.memset   0x00001778       0x9c j:/psoc/psoc creator/4.1/psoc creator/import/gnu/arm/5.4.1/bin/../lib/gcc/arm-none-eabi/5.4.1/../../../../arm-none-eabi/lib/armv7-m\libg.a(lib_a-memset.o)
                0x00001778                memset
 .text.printf   0x00001814       0x28 j:/psoc/psoc creator/4.1/psoc creator/import/gnu/arm/5.4.1/bin/../lib/gcc/arm-none-eabi/5.4.1/../../../../arm-none-eabi/lib/armv7-m\libg.a(lib_a-printf.o)
                0x00001814                printf
 .text._puts_r  0x0000183c       0x68 j:/psoc/psoc creator/4.1/psoc creator/import/gnu/arm/5.4.1/bin/../lib/gcc/arm-none-eabi/5.4.1/../../../../arm-none-eabi/lib/armv7-m\libg.a(lib_a-puts.o)
                0x0000183c                _puts_r
 .text.puts     0x000018a4       0x10 j:/psoc/psoc creator/4.1/psoc creator/import/gnu/arm/5.4.1/bin/../lib/gcc/arm-none-eabi/5.4.1/../../../../arm-none-eabi/lib/armv7-m\libg.a(lib_a-puts.o)
                0x000018a4                puts
 .text.scanf    0x000018b4       0x28 j:/psoc/psoc creator/4.1/psoc creator/import/gnu/arm/5.4.1/bin/../lib/gcc/arm-none-eabi/5.4.1/../../../../arm-none-eabi/lib/armv7-m\libg.a(lib_a-scanf.o)
                0x000018b4                scanf
 .text.strlen   0x000018dc       0x5c j:/psoc/psoc creator/4.1/psoc creator/import/gnu/arm/5.4.1/bin/../lib/gcc/arm-none-eabi/5.4.1/../../../../arm-none-eabi/lib/armv7-m\libg.a(lib_a-strlen-stub.o)
                0x000018dc                strlen
 .text._vfprintf_r
                0x00001938     0x1788 j:/psoc/psoc creator/4.1/psoc creator/import/gnu/arm/5.4.1/bin/../lib/gcc/arm-none-eabi/5.4.1/../../../../arm-none-eabi/lib/armv7-m\libg.a(lib_a-vfprintf.o)
                0x00001938                _vfprintf_r
 .text.__sbprintf
                0x000030c0       0x6c j:/psoc/psoc creator/4.1/psoc creator/import/gnu/arm/5.4.1/bin/../lib/gcc/arm-none-eabi/5.4.1/../../../../arm-none-eabi/lib/armv7-m\libg.a(lib_a-vfprintf.o)
 .text.__svfscanf_r
                0x0000312c      0xeac j:/psoc/psoc creator/4.1/psoc creator/import/gnu/arm/5.4.1/bin/../lib/gcc/arm-none-eabi/5.4.1/../../../../arm-none-eabi/lib/armv7-m\libg.a(lib_a-vfscanf.o)
                0x0000312c                __svfscanf_r
 .text._vfscanf_r
                0x00003fd8       0x28 j:/psoc/psoc creator/4.1/psoc creator/import/gnu/arm/5.4.1/bin/../lib/gcc/arm-none-eabi/5.4.1/../../../../arm-none-eabi/lib/armv7-m\libg.a(lib_a-vfscanf.o)
                0x00003fd8                _vfscanf_r
 .text.__swsetup_r
                0x00004000       0xc8 j:/psoc/psoc creator/4.1/psoc creator/import/gnu/arm/5.4.1/bin/../lib/gcc/arm-none-eabi/5.4.1/../../../../arm-none-eabi/lib/armv7-m\libg.a(lib_a-wsetup.o)
                0x00004000                __swsetup_r
 .text.startup.register_fini
                0x000040c8       0x14 j:/psoc/psoc creator/4.1/psoc creator/import/gnu/arm/5.4.1/bin/../lib/gcc/arm-none-eabi/5.4.1/../../../../arm-none-eabi/lib/armv7-m\libg.a(lib_a-__call_atexit.o)
 .text.atexit   0x000040dc        0xc j:/psoc/psoc creator/4.1/psoc creator/import/gnu/arm/5.4.1/bin/../lib/gcc/arm-none-eabi/5.4.1/../../../../arm-none-eabi/lib/armv7-m\libg.a(lib_a-atexit.o)
                0x000040dc                atexit
 .text.quorem   0x000040e8      0x12c j:/psoc/psoc creator/4.1/psoc creator/import/gnu/arm/5.4.1/bin/../lib/gcc/arm-none-eabi/5.4.1/../../../../arm-none-eabi/lib/armv7-m\libg.a(lib_a-dtoa.o)
 *fill*         0x00004214        0x4 
 .text._dtoa_r  0x00004218      0xe4c j:/psoc/psoc creator/4.1/psoc creator/import/gnu/arm/5.4.1/bin/../lib/gcc/arm-none-eabi/5.4.1/../../../../arm-none-eabi/lib/armv7-m\libg.a(lib_a-dtoa.o)
                0x00004218                _dtoa_r
 .text.__sflush_r
                0x00005064      0x148 j:/psoc/psoc creator/4.1/psoc creator/import/gnu/arm/5.4.1/bin/../lib/gcc/arm-none-eabi/5.4.1/../../../../arm-none-eabi/lib/armv7-m\libg.a(lib_a-fflush.o)
                0x00005064                __sflush_r
 .text._fflush_r
                0x000051ac       0x2c j:/psoc/psoc creator/4.1/psoc creator/import/gnu/arm/5.4.1/bin/../lib/gcc/arm-none-eabi/5.4.1/../../../../arm-none-eabi/lib/armv7-m\libg.a(lib_a-fflush.o)
                0x000051ac                _fflush_r
 .text.fflush   0x000051d8       0x24 j:/psoc/psoc creator/4.1/psoc creator/import/gnu/arm/5.4.1/bin/../lib/gcc/arm-none-eabi/5.4.1/../../../../arm-none-eabi/lib/armv7-m\libg.a(lib_a-fflush.o)
                0x000051d8                fflush
 .text._cleanup_r
                0x000051fc        0xc j:/psoc/psoc creator/4.1/psoc creator/import/gnu/arm/5.4.1/bin/../lib/gcc/arm-none-eabi/5.4.1/../../../../arm-none-eabi/lib/armv7-m\libg.a(lib_a-findfp.o)
                0x000051fc                _cleanup_r
 .text.__sinit.part.1
                0x00005208       0xf0 j:/psoc/psoc creator/4.1/psoc creator/import/gnu/arm/5.4.1/bin/../lib/gcc/arm-none-eabi/5.4.1/../../../../arm-none-eabi/lib/armv7-m\libg.a(lib_a-findfp.o)
 .text.__sinit  0x000052f8        0xc j:/psoc/psoc creator/4.1/psoc creator/import/gnu/arm/5.4.1/bin/../lib/gcc/arm-none-eabi/5.4.1/../../../../arm-none-eabi/lib/armv7-m\libg.a(lib_a-findfp.o)
                0x000052f8                __sinit
 .text.__sfp_lock_acquire
                0x00005304        0x4 j:/psoc/psoc creator/4.1/psoc creator/import/gnu/arm/5.4.1/bin/../lib/gcc/arm-none-eabi/5.4.1/../../../../arm-none-eabi/lib/armv7-m\libg.a(lib_a-findfp.o)
                0x00005304                __sfp_lock_acquire
 .text.__sfp_lock_release
                0x00005308        0x4 j:/psoc/psoc creator/4.1/psoc creator/import/gnu/arm/5.4.1/bin/../lib/gcc/arm-none-eabi/5.4.1/../../../../arm-none-eabi/lib/armv7-m\libg.a(lib_a-findfp.o)
                0x00005308                __sfp_lock_release
 .text.__libc_fini_array
                0x0000530c       0x28 j:/psoc/psoc creator/4.1/psoc creator/import/gnu/arm/5.4.1/bin/../lib/gcc/arm-none-eabi/5.4.1/../../../../arm-none-eabi/lib/armv7-m\libg.a(lib_a-fini.o)
                0x0000530c                __libc_fini_array
 .text._fread_r
                0x00005334      0x1a0 j:/psoc/psoc creator/4.1/psoc creator/import/gnu/arm/5.4.1/bin/../lib/gcc/arm-none-eabi/5.4.1/../../../../arm-none-eabi/lib/armv7-m\libg.a(lib_a-fread.o)
                0x00005334                _fread_r
 .text._malloc_trim_r
                0x000054d4       0x9c j:/psoc/psoc creator/4.1/psoc creator/import/gnu/arm/5.4.1/bin/../lib/gcc/arm-none-eabi/5.4.1/../../../../arm-none-eabi/lib/armv7-m\libg.a(lib_a-freer.o)
                0x000054d4                _malloc_trim_r
 .text._free_r  0x00005570      0x1d0 j:/psoc/psoc creator/4.1/psoc creator/import/gnu/arm/5.4.1/bin/../lib/gcc/arm-none-eabi/5.4.1/../../../../arm-none-eabi/lib/armv7-m\libg.a(lib_a-freer.o)
                0x00005570                _free_r
 .text.__sfvwrite_r
                0x00005740      0x308 j:/psoc/psoc creator/4.1/psoc creator/import/gnu/arm/5.4.1/bin/../lib/gcc/arm-none-eabi/5.4.1/../../../../arm-none-eabi/lib/armv7-m\libg.a(lib_a-fvwrite.o)
                0x00005740                __sfvwrite_r
 .text._fwalk   0x00005a48       0x48 j:/psoc/psoc creator/4.1/psoc creator/import/gnu/arm/5.4.1/bin/../lib/gcc/arm-none-eabi/5.4.1/../../../../arm-none-eabi/lib/armv7-m\libg.a(lib_a-fwalk.o)
                0x00005a48                _fwalk
 .text._fwalk_reent
                0x00005a90       0x50 j:/psoc/psoc creator/4.1/psoc creator/import/gnu/arm/5.4.1/bin/../lib/gcc/arm-none-eabi/5.4.1/../../../../arm-none-eabi/lib/armv7-m\libg.a(lib_a-fwalk.o)
                0x00005a90                _fwalk_reent
 .text.iswspace
                0x00005ae0       0x1c j:/psoc/psoc creator/4.1/psoc creator/import/gnu/arm/5.4.1/bin/../lib/gcc/arm-none-eabi/5.4.1/../../../../arm-none-eabi/lib/armv7-m\libg.a(lib_a-iswspace.o)
                0x00005ae0                iswspace
 .text.__locale_charset
                0x00005afc        0x8 j:/psoc/psoc creator/4.1/psoc creator/import/gnu/arm/5.4.1/bin/../lib/gcc/arm-none-eabi/5.4.1/../../../../arm-none-eabi/lib/armv7-m\libg.a(lib_a-locale.o)
                0x00005afc                __locale_charset
 .text.__locale_mb_cur_max
                0x00005b04        0xc j:/psoc/psoc creator/4.1/psoc creator/import/gnu/arm/5.4.1/bin/../lib/gcc/arm-none-eabi/5.4.1/../../../../arm-none-eabi/lib/armv7-m\libg.a(lib_a-locale.o)
                0x00005b04                __locale_mb_cur_max
 .text._localeconv_r
                0x00005b10        0x8 j:/psoc/psoc creator/4.1/psoc creator/import/gnu/arm/5.4.1/bin/../lib/gcc/arm-none-eabi/5.4.1/../../../../arm-none-eabi/lib/armv7-m\libg.a(lib_a-locale.o)
                0x00005b10                _localeconv_r
 .text.__swhatbuf_r
                0x00005b18       0x60 j:/psoc/psoc creator/4.1/psoc creator/import/gnu/arm/5.4.1/bin/../lib/gcc/arm-none-eabi/5.4.1/../../../../arm-none-eabi/lib/armv7-m\libg.a(lib_a-makebuf.o)
                0x00005b18                __swhatbuf_r
 .text.__smakebuf_r
                0x00005b78       0x88 j:/psoc/psoc creator/4.1/psoc creator/import/gnu/arm/5.4.1/bin/../lib/gcc/arm-none-eabi/5.4.1/../../../../arm-none-eabi/lib/armv7-m\libg.a(lib_a-makebuf.o)
                0x00005b78                __smakebuf_r
 .text._malloc_r
                0x00005c00      0x558 j:/psoc/psoc creator/4.1/psoc creator/import/gnu/arm/5.4.1/bin/../lib/gcc/arm-none-eabi/5.4.1/../../../../arm-none-eabi/lib/armv7-m\libg.a(lib_a-mallocr.o)
                0x00005c00                _malloc_r
 .text._mbrtowc_r
                0x00006158       0x5c j:/psoc/psoc creator/4.1/psoc creator/import/gnu/arm/5.4.1/bin/../lib/gcc/arm-none-eabi/5.4.1/../../../../arm-none-eabi/lib/armv7-m\libg.a(lib_a-mbrtowc.o)
                0x00006158                _mbrtowc_r
 .text.__ascii_mbtowc
                0x000061b4       0x2c j:/psoc/psoc creator/4.1/psoc creator/import/gnu/arm/5.4.1/bin/../lib/gcc/arm-none-eabi/5.4.1/../../../../arm-none-eabi/lib/armv7-m\libg.a(lib_a-mbtowc_r.o)
                0x000061b4                __ascii_mbtowc
 .text.memchr   0x000061e0       0x8c j:/psoc/psoc creator/4.1/psoc creator/import/gnu/arm/5.4.1/bin/../lib/gcc/arm-none-eabi/5.4.1/../../../../arm-none-eabi/lib/armv7-m\libg.a(lib_a-memchr-stub.o)
                0x000061e0                memchr
 .text.memmove  0x0000626c       0xc8 j:/psoc/psoc creator/4.1/psoc creator/import/gnu/arm/5.4.1/bin/../lib/gcc/arm-none-eabi/5.4.1/../../../../arm-none-eabi/lib/armv7-m\libg.a(lib_a-memmove.o)
                0x0000626c                memmove
 .text.__malloc_lock
                0x00006334        0x4 j:/psoc/psoc creator/4.1/psoc creator/import/gnu/arm/5.4.1/bin/../lib/gcc/arm-none-eabi/5.4.1/../../../../arm-none-eabi/lib/armv7-m\libg.a(lib_a-mlock.o)
                0x00006334                __malloc_lock
 .text.__malloc_unlock
                0x00006338        0x4 j:/psoc/psoc creator/4.1/psoc creator/import/gnu/arm/5.4.1/bin/../lib/gcc/arm-none-eabi/5.4.1/../../../../arm-none-eabi/lib/armv7-m\libg.a(lib_a-mlock.o)
                0x00006338                __malloc_unlock
 .text._Balloc  0x0000633c       0x50 j:/psoc/psoc creator/4.1/psoc creator/import/gnu/arm/5.4.1/bin/../lib/gcc/arm-none-eabi/5.4.1/../../../../arm-none-eabi/lib/armv7-m\libg.a(lib_a-mprec.o)
                0x0000633c                _Balloc
 .text._Bfree   0x0000638c       0x14 j:/psoc/psoc creator/4.1/psoc creator/import/gnu/arm/5.4.1/bin/../lib/gcc/arm-none-eabi/5.4.1/../../../../arm-none-eabi/lib/armv7-m\libg.a(lib_a-mprec.o)
                0x0000638c                _Bfree
 .text.__multadd
                0x000063a0       0x80 j:/psoc/psoc creator/4.1/psoc creator/import/gnu/arm/5.4.1/bin/../lib/gcc/arm-none-eabi/5.4.1/../../../../arm-none-eabi/lib/armv7-m\libg.a(lib_a-mprec.o)
                0x000063a0                __multadd
 .text.__s2b    0x00006420       0x98 j:/psoc/psoc creator/4.1/psoc creator/import/gnu/arm/5.4.1/bin/../lib/gcc/arm-none-eabi/5.4.1/../../../../arm-none-eabi/lib/armv7-m\libg.a(lib_a-mprec.o)
                0x00006420                __s2b
 .text.__hi0bits
                0x000064b8       0x40 j:/psoc/psoc creator/4.1/psoc creator/import/gnu/arm/5.4.1/bin/../lib/gcc/arm-none-eabi/5.4.1/../../../../arm-none-eabi/lib/armv7-m\libg.a(lib_a-mprec.o)
                0x000064b8                __hi0bits
 .text.__lo0bits
                0x000064f8       0x5c j:/psoc/psoc creator/4.1/psoc creator/import/gnu/arm/5.4.1/bin/../lib/gcc/arm-none-eabi/5.4.1/../../../../arm-none-eabi/lib/armv7-m\libg.a(lib_a-mprec.o)
                0x000064f8                __lo0bits
 .text.__i2b    0x00006554       0x14 j:/psoc/psoc creator/4.1/psoc creator/import/gnu/arm/5.4.1/bin/../lib/gcc/arm-none-eabi/5.4.1/../../../../arm-none-eabi/lib/armv7-m\libg.a(lib_a-mprec.o)
                0x00006554                __i2b
 .text.__multiply
                0x00006568      0x13c j:/psoc/psoc creator/4.1/psoc creator/import/gnu/arm/5.4.1/bin/../lib/gcc/arm-none-eabi/5.4.1/../../../../arm-none-eabi/lib/armv7-m\libg.a(lib_a-mprec.o)
                0x00006568                __multiply
 .text.__pow5mult
                0x000066a4       0xa0 j:/psoc/psoc creator/4.1/psoc creator/import/gnu/arm/5.4.1/bin/../lib/gcc/arm-none-eabi/5.4.1/../../../../arm-none-eabi/lib/armv7-m\libg.a(lib_a-mprec.o)
                0x000066a4                __pow5mult
 .text.__lshift
                0x00006744       0xac j:/psoc/psoc creator/4.1/psoc creator/import/gnu/arm/5.4.1/bin/../lib/gcc/arm-none-eabi/5.4.1/../../../../arm-none-eabi/lib/armv7-m\libg.a(lib_a-mprec.o)
                0x00006744                __lshift
 .text.__mcmp   0x000067f0       0x40 j:/psoc/psoc creator/4.1/psoc creator/import/gnu/arm/5.4.1/bin/../lib/gcc/arm-none-eabi/5.4.1/../../../../arm-none-eabi/lib/armv7-m\libg.a(lib_a-mprec.o)
                0x000067f0                __mcmp
 .text.__mdiff  0x00006830      0x128 j:/psoc/psoc creator/4.1/psoc creator/import/gnu/arm/5.4.1/bin/../lib/gcc/arm-none-eabi/5.4.1/../../../../arm-none-eabi/lib/armv7-m\libg.a(lib_a-mprec.o)
                0x00006830                __mdiff
 .text.__ulp    0x00006958       0x44 j:/psoc/psoc creator/4.1/psoc creator/import/gnu/arm/5.4.1/bin/../lib/gcc/arm-none-eabi/5.4.1/../../../../arm-none-eabi/lib/armv7-m\libg.a(lib_a-mprec.o)
                0x00006958                __ulp
 .text.__b2d    0x0000699c       0xd4 j:/psoc/psoc creator/4.1/psoc creator/import/gnu/arm/5.4.1/bin/../lib/gcc/arm-none-eabi/5.4.1/../../../../arm-none-eabi/lib/armv7-m\libg.a(lib_a-mprec.o)
                0x0000699c                __b2d
 .text.__d2b    0x00006a70       0xa8 j:/psoc/psoc creator/4.1/psoc creator/import/gnu/arm/5.4.1/bin/../lib/gcc/arm-none-eabi/5.4.1/../../../../arm-none-eabi/lib/armv7-m\libg.a(lib_a-mprec.o)
                0x00006a70                __d2b
 .text.__ratio  0x00006b18       0x54 j:/psoc/psoc creator/4.1/psoc creator/import/gnu/arm/5.4.1/bin/../lib/gcc/arm-none-eabi/5.4.1/../../../../arm-none-eabi/lib/armv7-m\libg.a(lib_a-mprec.o)
                0x00006b18                __ratio
 .text.__copybits
                0x00006b6c       0x48 j:/psoc/psoc creator/4.1/psoc creator/import/gnu/arm/5.4.1/bin/../lib/gcc/arm-none-eabi/5.4.1/../../../../arm-none-eabi/lib/armv7-m\libg.a(lib_a-mprec.o)
                0x00006b6c                __copybits
 .text.__any_on
                0x00006bb4       0x5c j:/psoc/psoc creator/4.1/psoc creator/import/gnu/arm/5.4.1/bin/../lib/gcc/arm-none-eabi/5.4.1/../../../../arm-none-eabi/lib/armv7-m\libg.a(lib_a-mprec.o)
                0x00006bb4                __any_on
 .text._realloc_r
                0x00006c10      0x3d4 j:/psoc/psoc creator/4.1/psoc creator/import/gnu/arm/5.4.1/bin/../lib/gcc/arm-none-eabi/5.4.1/../../../../arm-none-eabi/lib/armv7-m\libg.a(lib_a-reallocr.o)
                0x00006c10                _realloc_r
 .text.lflush   0x00006fe4       0x14 j:/psoc/psoc creator/4.1/psoc creator/import/gnu/arm/5.4.1/bin/../lib/gcc/arm-none-eabi/5.4.1/../../../../arm-none-eabi/lib/armv7-m\libg.a(lib_a-refill.o)
 .text.__srefill_r
                0x00006ff8      0x114 j:/psoc/psoc creator/4.1/psoc creator/import/gnu/arm/5.4.1/bin/../lib/gcc/arm-none-eabi/5.4.1/../../../../arm-none-eabi/lib/armv7-m\libg.a(lib_a-refill.o)
                0x00006ff8                __srefill_r
 .text._sbrk_r  0x0000710c       0x24 j:/psoc/psoc creator/4.1/psoc creator/import/gnu/arm/5.4.1/bin/../lib/gcc/arm-none-eabi/5.4.1/../../../../arm-none-eabi/lib/armv7-m\libg.a(lib_a-sbrkr.o)
                0x0000710c                _sbrk_r
 .text.__sccl   0x00007130       0x74 j:/psoc/psoc creator/4.1/psoc creator/import/gnu/arm/5.4.1/bin/../lib/gcc/arm-none-eabi/5.4.1/../../../../arm-none-eabi/lib/armv7-m\libg.a(lib_a-sccl.o)
                0x00007130                __sccl
 .text.nanf     0x000071a4        0x8 j:/psoc/psoc creator/4.1/psoc creator/import/gnu/arm/5.4.1/bin/../lib/gcc/arm-none-eabi/5.4.1/../../../../arm-none-eabi/lib/armv7-m\libg.a(lib_a-sf_nan.o)
                0x000071a4                nanf
 .text.sprintf  0x000071ac       0x4c j:/psoc/psoc creator/4.1/psoc creator/import/gnu/arm/5.4.1/bin/../lib/gcc/arm-none-eabi/5.4.1/../../../../arm-none-eabi/lib/armv7-m\libg.a(lib_a-sprintf.o)
                0x000071ac                sprintf
 .text.__sread  0x000071f8       0x24 j:/psoc/psoc creator/4.1/psoc creator/import/gnu/arm/5.4.1/bin/../lib/gcc/arm-none-eabi/5.4.1/../../../../arm-none-eabi/lib/armv7-m\libg.a(lib_a-stdio.o)
                0x000071f8                __sread
 .text.__swrite
                0x0000721c       0x3c j:/psoc/psoc creator/4.1/psoc creator/import/gnu/arm/5.4.1/bin/../lib/gcc/arm-none-eabi/5.4.1/../../../../arm-none-eabi/lib/armv7-m\libg.a(lib_a-stdio.o)
                0x0000721c                __swrite
 .text.__sseek  0x00007258       0x20 j:/psoc/psoc creator/4.1/psoc creator/import/gnu/arm/5.4.1/bin/../lib/gcc/arm-none-eabi/5.4.1/../../../../arm-none-eabi/lib/armv7-m\libg.a(lib_a-stdio.o)
                0x00007258                __sseek
 .text.__sclose
                0x00007278        0x8 j:/psoc/psoc creator/4.1/psoc creator/import/gnu/arm/5.4.1/bin/../lib/gcc/arm-none-eabi/5.4.1/../../../../arm-none-eabi/lib/armv7-m\libg.a(lib_a-stdio.o)
                0x00007278                __sclose
 .text.sulp     0x00007280       0x44 j:/psoc/psoc creator/4.1/psoc creator/import/gnu/arm/5.4.1/bin/../lib/gcc/arm-none-eabi/5.4.1/../../../../arm-none-eabi/lib/armv7-m\libg.a(lib_a-strtod.o)
 *fill*         0x000072c4        0x4 
 .text._strtod_r
                0x000072c8      0xecc j:/psoc/psoc creator/4.1/psoc creator/import/gnu/arm/5.4.1/bin/../lib/gcc/arm-none-eabi/5.4.1/../../../../arm-none-eabi/lib/armv7-m\libg.a(lib_a-strtod.o)
                0x000072c8                _strtod_r
 .text._strtol_r
                0x00008194      0x128 j:/psoc/psoc creator/4.1/psoc creator/import/gnu/arm/5.4.1/bin/../lib/gcc/arm-none-eabi/5.4.1/../../../../arm-none-eabi/lib/armv7-m\libg.a(lib_a-strtol.o)
                0x00008194                _strtol_r
 .text._strtoll_r
                0x000082bc      0x1b4 j:/psoc/psoc creator/4.1/psoc creator/import/gnu/arm/5.4.1/bin/../lib/gcc/arm-none-eabi/5.4.1/../../../../arm-none-eabi/lib/armv7-m\libg.a(lib_a-strtoll_r.o)
                0x000082bc                _strtoll_r
 .text._strtoul_r
                0x00008470      0x134 j:/psoc/psoc creator/4.1/psoc creator/import/gnu/arm/5.4.1/bin/../lib/gcc/arm-none-eabi/5.4.1/../../../../arm-none-eabi/lib/armv7-m\libg.a(lib_a-strtoul.o)
                0x00008470                _strtoul_r
 .text._strtoull_r
                0x000085a4      0x1c8 j:/psoc/psoc creator/4.1/psoc creator/import/gnu/arm/5.4.1/bin/../lib/gcc/arm-none-eabi/5.4.1/../../../../arm-none-eabi/lib/armv7-m\libg.a(lib_a-strtoull_r.o)
                0x000085a4                _strtoull_r
 .text._svfprintf_r
                0x0000876c     0x175c j:/psoc/psoc creator/4.1/psoc creator/import/gnu/arm/5.4.1/bin/../lib/gcc/arm-none-eabi/5.4.1/../../../../arm-none-eabi/lib/armv7-m\libg.a(lib_a-svfprintf.o)
                0x0000876c                _svfprintf_r
 .text.__submore
                0x00009ec8       0x7c j:/psoc/psoc creator/4.1/psoc creator/import/gnu/arm/5.4.1/bin/../lib/gcc/arm-none-eabi/5.4.1/../../../../arm-none-eabi/lib/armv7-m\libg.a(lib_a-ungetc.o)
                0x00009ec8                __submore
 .text._ungetc_r
                0x00009f44       0xe0 j:/psoc/psoc creator/4.1/psoc creator/import/gnu/arm/5.4.1/bin/../lib/gcc/arm-none-eabi/5.4.1/../../../../arm-none-eabi/lib/armv7-m\libg.a(lib_a-ungetc.o)
                0x00009f44                _ungetc_r
 .text.__sprint_r.part.0
                0x0000a024       0x78 j:/psoc/psoc creator/4.1/psoc creator/import/gnu/arm/5.4.1/bin/../lib/gcc/arm-none-eabi/5.4.1/../../../../arm-none-eabi/lib/armv7-m\libg.a(lib_a-vfiprintf.o)
 .text.__sprint_r
                0x0000a09c       0x14 j:/psoc/psoc creator/4.1/psoc creator/import/gnu/arm/5.4.1/bin/../lib/gcc/arm-none-eabi/5.4.1/../../../../arm-none-eabi/lib/armv7-m\libg.a(lib_a-vfiprintf.o)
                0x0000a09c                __sprint_r
 .text._write_r
                0x0000a0b0       0x2c j:/psoc/psoc creator/4.1/psoc creator/import/gnu/arm/5.4.1/bin/../lib/gcc/arm-none-eabi/5.4.1/../../../../arm-none-eabi/lib/armv7-m\libg.a(lib_a-writer.o)
                0x0000a0b0                _write_r
 .text.__register_exitproc
                0x0000a0dc       0xa4 j:/psoc/psoc creator/4.1/psoc creator/import/gnu/arm/5.4.1/bin/../lib/gcc/arm-none-eabi/5.4.1/../../../../arm-none-eabi/lib/armv7-m\libg.a(lib_a-__atexit.o)
                0x0000a0dc                __register_exitproc
 .text._calloc_r
                0x0000a180       0x60 j:/psoc/psoc creator/4.1/psoc creator/import/gnu/arm/5.4.1/bin/../lib/gcc/arm-none-eabi/5.4.1/../../../../arm-none-eabi/lib/armv7-m\libg.a(lib_a-callocr.o)
                0x0000a180                _calloc_r
 .text._close_r
                0x0000a1e0       0x24 j:/psoc/psoc creator/4.1/psoc creator/import/gnu/arm/5.4.1/bin/../lib/gcc/arm-none-eabi/5.4.1/../../../../arm-none-eabi/lib/armv7-m\libg.a(lib_a-closer.o)
                0x0000a1e0                _close_r
 .text._fclose_r
                0x0000a204       0x84 j:/psoc/psoc creator/4.1/psoc creator/import/gnu/arm/5.4.1/bin/../lib/gcc/arm-none-eabi/5.4.1/../../../../arm-none-eabi/lib/armv7-m\libg.a(lib_a-fclose.o)
                0x0000a204                _fclose_r
 .text.__fputwc
                0x0000a288       0x94 j:/psoc/psoc creator/4.1/psoc creator/import/gnu/arm/5.4.1/bin/../lib/gcc/arm-none-eabi/5.4.1/../../../../arm-none-eabi/lib/armv7-m\libg.a(lib_a-fputwc.o)
                0x0000a288                __fputwc
 .text._fputwc_r
                0x0000a31c       0x24 j:/psoc/psoc creator/4.1/psoc creator/import/gnu/arm/5.4.1/bin/../lib/gcc/arm-none-eabi/5.4.1/../../../../arm-none-eabi/lib/armv7-m\libg.a(lib_a-fputwc.o)
                0x0000a31c                _fputwc_r
 .text._fstat_r
                0x0000a340       0x28 j:/psoc/psoc creator/4.1/psoc creator/import/gnu/arm/5.4.1/bin/../lib/gcc/arm-none-eabi/5.4.1/../../../../arm-none-eabi/lib/armv7-m\libg.a(lib_a-fstatr.o)
                0x0000a340                _fstat_r
 .text.rshift   0x0000a368       0xa8 j:/psoc/psoc creator/4.1/psoc creator/import/gnu/arm/5.4.1/bin/../lib/gcc/arm-none-eabi/5.4.1/../../../../arm-none-eabi/lib/armv7-m\libg.a(lib_a-gdtoa-gethex.o)
 .text.__gethex
                0x0000a410      0x50c j:/psoc/psoc creator/4.1/psoc creator/import/gnu/arm/5.4.1/bin/../lib/gcc/arm-none-eabi/5.4.1/../../../../arm-none-eabi/lib/armv7-m\libg.a(lib_a-gdtoa-gethex.o)
                0x0000a410                __gethex
 .text.__match  0x0000a91c       0x30 j:/psoc/psoc creator/4.1/psoc creator/import/gnu/arm/5.4.1/bin/../lib/gcc/arm-none-eabi/5.4.1/../../../../arm-none-eabi/lib/armv7-m\libg.a(lib_a-gdtoa-hexnan.o)
                0x0000a91c                __match
 .text.__hexnan
                0x0000a94c      0x180 j:/psoc/psoc creator/4.1/psoc creator/import/gnu/arm/5.4.1/bin/../lib/gcc/arm-none-eabi/5.4.1/../../../../arm-none-eabi/lib/armv7-m\libg.a(lib_a-gdtoa-hexnan.o)
                0x0000a94c                __hexnan
 .text._isatty_r
                0x0000aacc       0x24 j:/psoc/psoc creator/4.1/psoc creator/import/gnu/arm/5.4.1/bin/../lib/gcc/arm-none-eabi/5.4.1/../../../../arm-none-eabi/lib/armv7-m\libg.a(lib_a-isattyr.o)
                0x0000aacc                _isatty_r
 .text._lseek_r
                0x0000aaf0       0x2c j:/psoc/psoc creator/4.1/psoc creator/import/gnu/arm/5.4.1/bin/../lib/gcc/arm-none-eabi/5.4.1/../../../../arm-none-eabi/lib/armv7-m\libg.a(lib_a-lseekr.o)
                0x0000aaf0                _lseek_r
 .text._read_r  0x0000ab1c       0x2c j:/psoc/psoc creator/4.1/psoc creator/import/gnu/arm/5.4.1/bin/../lib/gcc/arm-none-eabi/5.4.1/../../../../arm-none-eabi/lib/armv7-m\libg.a(lib_a-readr.o)
                0x0000ab1c                _read_r
 .text.strncmp  0x0000ab48       0x9c j:/psoc/psoc creator/4.1/psoc creator/import/gnu/arm/5.4.1/bin/../lib/gcc/arm-none-eabi/5.4.1/../../../../arm-none-eabi/lib/armv7-m\libg.a(lib_a-strncmp.o)
                0x0000ab48                strncmp
 .text.__ssprint_r
                0x0000abe4      0x100 j:/psoc/psoc creator/4.1/psoc creator/import/gnu/arm/5.4.1/bin/../lib/gcc/arm-none-eabi/5.4.1/../../../../arm-none-eabi/lib/armv7-m\libg.a(lib_a-svfiprintf.o)
                0x0000abe4                __ssprint_r
 .text.__swbuf_r
                0x0000ace4       0xac j:/psoc/psoc creator/4.1/psoc creator/import/gnu/arm/5.4.1/bin/../lib/gcc/arm-none-eabi/5.4.1/../../../../arm-none-eabi/lib/armv7-m\libg.a(lib_a-wbuf.o)
                0x0000ace4                __swbuf_r
 .text._wcrtomb_r
                0x0000ad90       0x54 j:/psoc/psoc creator/4.1/psoc creator/import/gnu/arm/5.4.1/bin/../lib/gcc/arm-none-eabi/5.4.1/../../../../arm-none-eabi/lib/armv7-m\libg.a(lib_a-wcrtomb.o)
                0x0000ad90                _wcrtomb_r
 .text.__ascii_wctomb
                0x0000ade4       0x1c j:/psoc/psoc creator/4.1/psoc creator/import/gnu/arm/5.4.1/bin/../lib/gcc/arm-none-eabi/5.4.1/../../../../arm-none-eabi/lib/armv7-m\libg.a(lib_a-wctomb_r.o)
                0x0000ade4                __ascii_wctomb
 .text          0x0000ae00       0x50 j:/psoc/psoc creator/4.1/psoc creator/import/gnu/arm/5.4.1/bin/../lib/gcc/arm-none-eabi/5.4.1/armv7-m\libgcc.a(_arm_fixdfsi.o)
                0x0000ae00                __aeabi_d2iz
                0x0000ae00                __fixdfsi
 .text          0x0000ae50       0x40 j:/psoc/psoc creator/4.1/psoc creator/import/gnu/arm/5.4.1/bin/../lib/gcc/arm-none-eabi/5.4.1/armv7-m\libgcc.a(_arm_fixunsdfsi.o)
                0x0000ae50                __aeabi_d2uiz
                0x0000ae50                __fixunsdfsi
 .text          0x0000ae90       0xa0 j:/psoc/psoc creator/4.1/psoc creator/import/gnu/arm/5.4.1/bin/../lib/gcc/arm-none-eabi/5.4.1/armv7-m\libgcc.a(_arm_truncdfsf2.o)
                0x0000ae90                __truncdfsf2
                0x0000ae90                __aeabi_d2f
 .text          0x0000af30       0x30 j:/psoc/psoc creator/4.1/psoc creator/import/gnu/arm/5.4.1/bin/../lib/gcc/arm-none-eabi/5.4.1/armv7-m\libgcc.a(_aeabi_uldivmod.o)
                0x0000af30                __aeabi_uldivmod
 .text._close   0x0000af60       0x10 j:/psoc/psoc creator/4.1/psoc creator/import/gnu/arm/5.4.1/bin/../lib/gcc/arm-none-eabi/5.4.1/../../../../arm-none-eabi/lib/armv7-m\libnosys.a(close.o)
                0x0000af60                _close
 .text._fstat   0x0000af70       0x10 j:/psoc/psoc creator/4.1/psoc creator/import/gnu/arm/5.4.1/bin/../lib/gcc/arm-none-eabi/5.4.1/../../../../arm-none-eabi/lib/armv7-m\libnosys.a(fstat.o)
                0x0000af70                _fstat
 .text._isatty  0x0000af80       0x10 j:/psoc/psoc creator/4.1/psoc creator/import/gnu/arm/5.4.1/bin/../lib/gcc/arm-none-eabi/5.4.1/../../../../arm-none-eabi/lib/armv7-m\libnosys.a(isatty.o)
                0x0000af80                _isatty
 .text._lseek   0x0000af90       0x10 j:/psoc/psoc creator/4.1/psoc creator/import/gnu/arm/5.4.1/bin/../lib/gcc/arm-none-eabi/5.4.1/../../../../arm-none-eabi/lib/armv7-m\libnosys.a(lseek.o)
                0x0000af90                _lseek
 *(.plt)
 *(.gnu.warning)
 *(.glue_7t)
 .glue_7t       0x0000afa0        0x0 linker stubs
 *(.glue_7)
 .glue_7        0x0000afa0        0x0 linker stubs
 *(.vfp11_veneer)
 .vfp11_veneer  0x0000afa0        0x0 linker stubs
 *(.bootloader)
 *(.ARM.extab* .gnu.linkonce.armextab.*)
 *(.gcc_except_table)

.v4_bx          0x0000afa0        0x0
 .v4_bx         0x0000afa0        0x0 linker stubs

.iplt           0x0000afa0        0x0
 .iplt          0x0000afa0        0x0 j:/psoc/psoc creator/4.1/psoc creator/import/gnu/arm/5.4.1/bin/../lib/gcc/arm-none-eabi/5.4.1/armv7-m/crtbegin.o

.eh_frame_hdr
 *(.eh_frame_hdr)

.eh_frame       0x0000afa0        0x4
 *(.eh_frame)
 .eh_frame      0x0000afa0        0x0 j:/psoc/psoc creator/4.1/psoc creator/import/gnu/arm/5.4.1/bin/../lib/gcc/arm-none-eabi/5.4.1/armv7-m/crtbegin.o
 .eh_frame      0x0000afa0        0x4 j:/psoc/psoc creator/4.1/psoc creator/import/gnu/arm/5.4.1/bin/../lib/gcc/arm-none-eabi/5.4.1/armv7-m/crtend.o
                [!provide]                PROVIDE (__exidx_start, .)

.ARM.exidx      0x0000afa4        0x8
 *(.ARM.exidx* .gnu.linkonce.armexidx.*)
 .ARM.exidx     0x0000afa4        0x8 j:/psoc/psoc creator/4.1/psoc creator/import/gnu/arm/5.4.1/bin/../lib/gcc/arm-none-eabi/5.4.1/armv7-m\libgcc.a(_udivmoddi4.o)
                0x0000afac                __exidx_end = .

.rodata         0x0000afb0      0x500
 *(.rodata .rodata.* .gnu.linkonce.r.*)
 .rodata.str1.4
                0x0000afb0       0x4b .\CortexM3\ARM_GCC_541\Debug\main.o
 *fill*         0x0000affb        0x1 
 .rodata        0x0000affc       0x3a .\CortexM3\ARM_GCC_541\Debug\cyfitter_cfg.o
 *fill*         0x0000b036        0x2 
 .rodata.str1.4
                0x0000b038        0x2 j:/psoc/psoc creator/4.1/psoc creator/import/gnu/arm/5.4.1/bin/../lib/gcc/arm-none-eabi/5.4.1/../../../../arm-none-eabi/lib/armv7-m\libg.a(lib_a-impure.o)
 *fill*         0x0000b03a        0x2 
 .rodata._global_impure_ptr
                0x0000b03c        0x4 j:/psoc/psoc creator/4.1/psoc creator/import/gnu/arm/5.4.1/bin/../lib/gcc/arm-none-eabi/5.4.1/../../../../arm-none-eabi/lib/armv7-m\libg.a(lib_a-impure.o)
                0x0000b03c                _global_impure_ptr
 .rodata.str1.4
                0x0000b040        0x2 j:/psoc/psoc creator/4.1/psoc creator/import/gnu/arm/5.4.1/bin/../lib/gcc/arm-none-eabi/5.4.1/../../../../arm-none-eabi/lib/armv7-m\libg.a(lib_a-puts.o)
 *fill*         0x0000b042        0x2 
 .rodata.blanks.7070
                0x0000b044       0x10 j:/psoc/psoc creator/4.1/psoc creator/import/gnu/arm/5.4.1/bin/../lib/gcc/arm-none-eabi/5.4.1/../../../../arm-none-eabi/lib/armv7-m\libg.a(lib_a-vfprintf.o)
 .rodata.str1.4
                0x0000b054       0x42 j:/psoc/psoc creator/4.1/psoc creator/import/gnu/arm/5.4.1/bin/../lib/gcc/arm-none-eabi/5.4.1/../../../../arm-none-eabi/lib/armv7-m\libg.a(lib_a-vfprintf.o)
 *fill*         0x0000b096        0x2 
 .rodata.zeroes.7071
                0x0000b098       0x10 j:/psoc/psoc creator/4.1/psoc creator/import/gnu/arm/5.4.1/bin/../lib/gcc/arm-none-eabi/5.4.1/../../../../arm-none-eabi/lib/armv7-m\libg.a(lib_a-vfprintf.o)
 .rodata.basefix.7038
                0x0000b0a8       0x22 j:/psoc/psoc creator/4.1/psoc creator/import/gnu/arm/5.4.1/bin/../lib/gcc/arm-none-eabi/5.4.1/../../../../arm-none-eabi/lib/armv7-m\libg.a(lib_a-vfscanf.o)
 *fill*         0x0000b0ca        0x2 
 .rodata.str1.4
                0x0000b0cc        0x5 j:/psoc/psoc creator/4.1/psoc creator/import/gnu/arm/5.4.1/bin/../lib/gcc/arm-none-eabi/5.4.1/../../../../arm-none-eabi/lib/armv7-m\libg.a(lib_a-vfscanf.o)
 *fill*         0x0000b0d1        0x3 
 .rodata._ctype_
                0x0000b0d4      0x101 j:/psoc/psoc creator/4.1/psoc creator/import/gnu/arm/5.4.1/bin/../lib/gcc/arm-none-eabi/5.4.1/../../../../arm-none-eabi/lib/armv7-m\libg.a(lib_a-ctype_.o)
                0x0000b0d4                _ctype_
 *fill*         0x0000b1d5        0x3 
 .rodata.str1.4
                0x0000b1d8       0x10 j:/psoc/psoc creator/4.1/psoc creator/import/gnu/arm/5.4.1/bin/../lib/gcc/arm-none-eabi/5.4.1/../../../../arm-none-eabi/lib/armv7-m\libg.a(lib_a-dtoa.o)
                                 0x12 (size before relaxing)
 .rodata.str1.4
                0x0000b1e8        0xa j:/psoc/psoc creator/4.1/psoc creator/import/gnu/arm/5.4.1/bin/../lib/gcc/arm-none-eabi/5.4.1/../../../../arm-none-eabi/lib/armv7-m\libg.a(lib_a-locale.o)
                                 0x12 (size before relaxing)
 .rodata.str1.4
                0x0000b1f2        0x1 j:/psoc/psoc creator/4.1/psoc creator/import/gnu/arm/5.4.1/bin/../lib/gcc/arm-none-eabi/5.4.1/../../../../arm-none-eabi/lib/armv7-m\libg.a(lib_a-mbrtowc.o)
 *fill*         0x0000b1f2        0x6 
 .rodata.__mprec_tens
                0x0000b1f8       0xc8 j:/psoc/psoc creator/4.1/psoc creator/import/gnu/arm/5.4.1/bin/../lib/gcc/arm-none-eabi/5.4.1/../../../../arm-none-eabi/lib/armv7-m\libg.a(lib_a-mprec.o)
                0x0000b1f8                __mprec_tens
 .rodata.__mprec_bigtens
                0x0000b2c0       0x28 j:/psoc/psoc creator/4.1/psoc creator/import/gnu/arm/5.4.1/bin/../lib/gcc/arm-none-eabi/5.4.1/../../../../arm-none-eabi/lib/armv7-m\libg.a(lib_a-mprec.o)
                0x0000b2c0                __mprec_bigtens
 .rodata.p05.5396
                0x0000b2e8        0xc j:/psoc/psoc creator/4.1/psoc creator/import/gnu/arm/5.4.1/bin/../lib/gcc/arm-none-eabi/5.4.1/../../../../arm-none-eabi/lib/armv7-m\libg.a(lib_a-mprec.o)
 *fill*         0x0000b2f4        0x4 
 .rodata.tinytens
                0x0000b2f8       0x28 j:/psoc/psoc creator/4.1/psoc creator/import/gnu/arm/5.4.1/bin/../lib/gcc/arm-none-eabi/5.4.1/../../../../arm-none-eabi/lib/armv7-m\libg.a(lib_a-strtod.o)
 .rodata.fpi.5357
                0x0000b320       0x14 j:/psoc/psoc creator/4.1/psoc creator/import/gnu/arm/5.4.1/bin/../lib/gcc/arm-none-eabi/5.4.1/../../../../arm-none-eabi/lib/armv7-m\libg.a(lib_a-strtod.o)
 .rodata.str1.4
                0x0000b334       0x10 j:/psoc/psoc creator/4.1/psoc creator/import/gnu/arm/5.4.1/bin/../lib/gcc/arm-none-eabi/5.4.1/../../../../arm-none-eabi/lib/armv7-m\libg.a(lib_a-strtod.o)
                                  0xf (size before relaxing)
 .rodata.fpinan.5393
                0x0000b344       0x14 j:/psoc/psoc creator/4.1/psoc creator/import/gnu/arm/5.4.1/bin/../lib/gcc/arm-none-eabi/5.4.1/../../../../arm-none-eabi/lib/armv7-m\libg.a(lib_a-strtod.o)
 .rodata.blanks.7055
                0x0000b358       0x10 j:/psoc/psoc creator/4.1/psoc creator/import/gnu/arm/5.4.1/bin/../lib/gcc/arm-none-eabi/5.4.1/../../../../arm-none-eabi/lib/armv7-m\libg.a(lib_a-svfprintf.o)
 .rodata.str1.4
                0x0000b368       0x42 j:/psoc/psoc creator/4.1/psoc creator/import/gnu/arm/5.4.1/bin/../lib/gcc/arm-none-eabi/5.4.1/../../../../arm-none-eabi/lib/armv7-m\libg.a(lib_a-svfprintf.o)
 .rodata.zeroes.7056
                0x0000b368       0x10 j:/psoc/psoc creator/4.1/psoc creator/import/gnu/arm/5.4.1/bin/../lib/gcc/arm-none-eabi/5.4.1/../../../../arm-none-eabi/lib/armv7-m\libg.a(lib_a-svfprintf.o)
 .rodata.__hexdig
                0x0000b378      0x100 j:/psoc/psoc creator/4.1/psoc creator/import/gnu/arm/5.4.1/bin/../lib/gcc/arm-none-eabi/5.4.1/../../../../arm-none-eabi/lib/armv7-m\libg.a(lib_a-gdtoa-gethex.o)
                0x0000b378                __hexdig
                0x0000b478                . = ALIGN (0x4)
 *(.init)
 .init          0x0000b478        0x4 j:/psoc/psoc creator/4.1/psoc creator/import/gnu/arm/5.4.1/bin/../lib/gcc/arm-none-eabi/5.4.1/armv7-m/crti.o
                0x0000b478                _init
 .init          0x0000b47c        0x8 j:/psoc/psoc creator/4.1/psoc creator/import/gnu/arm/5.4.1/bin/../lib/gcc/arm-none-eabi/5.4.1/armv7-m/crtn.o
                0x0000b484                . = ALIGN (0x4)
                0x0000b484                __preinit_array_start = .
 *(.preinit_array)
                0x0000b484                __preinit_array_end = .
                0x0000b484                . = ALIGN (0x4)
                0x0000b484                __init_array_start = .
 *(SORT(.init_array.*))
 .init_array.00000
                0x0000b484        0x4 j:/psoc/psoc creator/4.1/psoc creator/import/gnu/arm/5.4.1/bin/../lib/gcc/arm-none-eabi/5.4.1/../../../../arm-none-eabi/lib/armv7-m\libg.a(lib_a-__call_atexit.o)
 *(.init_array)
 .init_array    0x0000b488        0x4 j:/psoc/psoc creator/4.1/psoc creator/import/gnu/arm/5.4.1/bin/../lib/gcc/arm-none-eabi/5.4.1/armv7-m/crtbegin.o
 .init_array    0x0000b48c        0x4 .\CortexM3\ARM_GCC_541\Debug\Cm3Start.o
                0x0000b490                __init_array_end = .
                0x0000b490                . = ALIGN (0x4)
 *(.fini)
 .fini          0x0000b490        0x4 j:/psoc/psoc creator/4.1/psoc creator/import/gnu/arm/5.4.1/bin/../lib/gcc/arm-none-eabi/5.4.1/armv7-m/crti.o
                0x0000b490                _fini
 .fini          0x0000b494        0x8 j:/psoc/psoc creator/4.1/psoc creator/import/gnu/arm/5.4.1/bin/../lib/gcc/arm-none-eabi/5.4.1/armv7-m/crtn.o
                0x0000b49c                . = ALIGN (0x4)
                0x0000b49c                __fini_array_start = .
 *(.fini_array)
 .fini_array    0x0000b49c        0x4 j:/psoc/psoc creator/4.1/psoc creator/import/gnu/arm/5.4.1/bin/../lib/gcc/arm-none-eabi/5.4.1/armv7-m/crtbegin.o
 *(SORT(.fini_array.*))
                0x0000b4a0                __fini_array_end = .
                0x0000b4a0                . = ALIGN (0x4)
 *crtbegin.o(.ctors)
 *(EXCLUDE_FILE(*crtend.o) .ctors)
 *(SORT(.ctors.*))
 *crtend.o(.ctors)
                0x0000b4a0                . = ALIGN (0x4)
 *crtbegin.o(.dtors)
 *(EXCLUDE_FILE(*crtend.o) .dtors)
 *(SORT(.dtors.*))
 *crtend.o(.dtors)
                0x0000b4a0                . = ALIGN (0x4)
                0x0000b4a0                __cy_regions = .
                0x0000b4a0        0x4 LONG 0xb4b0 __cy_region_init_ram
                0x0000b4a4        0x4 LONG 0x1fff80c8 __cy_region_start_data
                0x0000b4a8        0x4 LONG 0x8c0 __cy_region_init_size_ram
                0x0000b4ac        0x4 LONG 0x68 __cy_region_zero_size_ram
                0x0000b4b0                __cy_regions_end = .
                0x0000b4b0                . = ALIGN (0x8)
                0x0000b4b0                _etext = .

.cy_checksum_exclude
                0x0000b4b0        0x0
 *(.cy_checksum_exclude)

.ramvectors     0x1fff8000       0xc0
                0x1fff8000                __cy_region_start_ram = .
 *(.ramvectors)
 .ramvectors    0x1fff8000       0xc0 .\CortexM3\ARM_GCC_541\Debug\Cm3Start.o
                0x1fff8000                CyRamVectors

.noinit         0x1fff80c0        0x1
 *(.noinit)
 .noinit        0x1fff80c0        0x1 .\CortexM3\ARM_GCC_541\Debug\ZumoBot.a(CyLib.o)
                0x1fff80c0                CyResetStatus

.data           0x1fff80c8      0x8c0 load address 0x0000b4b0
                0x1fff80c8                __cy_region_start_data = .
 *(.jcr)
 .jcr           0x1fff80c8        0x0 j:/psoc/psoc creator/4.1/psoc creator/import/gnu/arm/5.4.1/bin/../lib/gcc/arm-none-eabi/5.4.1/armv7-m/crtbegin.o
 .jcr           0x1fff80c8        0x4 j:/psoc/psoc creator/4.1/psoc creator/import/gnu/arm/5.4.1/bin/../lib/gcc/arm-none-eabi/5.4.1/armv7-m/crtend.o
 *(.got.plt)
 *(.got)
 *(.shdata)
 *(.data .data.* .gnu.linkonce.d.*)
 .data          0x1fff80cc        0x4 .\CortexM3\ARM_GCC_541\Debug\Cm3Start.o
 .data          0x1fff80d0       0x10 .\CortexM3\ARM_GCC_541\Debug\ZumoBot.a(CyLib.o)
                0x1fff80d0                cydelay_32k_ms
                0x1fff80d4                cydelay_freq_khz
                0x1fff80d8                cydelay_freq_mhz
                0x1fff80dc                cydelay_freq_hz
 .data.impure_data
                0x1fff80e0      0x428 j:/psoc/psoc creator/4.1/psoc creator/import/gnu/arm/5.4.1/bin/../lib/gcc/arm-none-eabi/5.4.1/../../../../arm-none-eabi/lib/armv7-m\libg.a(lib_a-impure.o)
 .data._impure_ptr
                0x1fff8508        0x4 j:/psoc/psoc creator/4.1/psoc creator/import/gnu/arm/5.4.1/bin/../lib/gcc/arm-none-eabi/5.4.1/../../../../arm-none-eabi/lib/armv7-m\libg.a(lib_a-impure.o)
                0x1fff8508                _impure_ptr
 .data.__ctype_ptr__
                0x1fff850c        0x4 j:/psoc/psoc creator/4.1/psoc creator/import/gnu/arm/5.4.1/bin/../lib/gcc/arm-none-eabi/5.4.1/../../../../arm-none-eabi/lib/armv7-m\libg.a(lib_a-ctype_.o)
                0x1fff850c                __ctype_ptr__
 .data.lconv    0x1fff8510       0x38 j:/psoc/psoc creator/4.1/psoc creator/import/gnu/arm/5.4.1/bin/../lib/gcc/arm-none-eabi/5.4.1/../../../../arm-none-eabi/lib/armv7-m\libg.a(lib_a-locale.o)
 .data.lc_ctype_charset
                0x1fff8548       0x20 j:/psoc/psoc creator/4.1/psoc creator/import/gnu/arm/5.4.1/bin/../lib/gcc/arm-none-eabi/5.4.1/../../../../arm-none-eabi/lib/armv7-m\libg.a(lib_a-locale.o)
 .data.__mb_cur_max
                0x1fff8568        0x4 j:/psoc/psoc creator/4.1/psoc creator/import/gnu/arm/5.4.1/bin/../lib/gcc/arm-none-eabi/5.4.1/../../../../arm-none-eabi/lib/armv7-m\libg.a(lib_a-locale.o)
                0x1fff8568                __mb_cur_max
 .data.__malloc_av_
                0x1fff856c      0x408 j:/psoc/psoc creator/4.1/psoc creator/import/gnu/arm/5.4.1/bin/../lib/gcc/arm-none-eabi/5.4.1/../../../../arm-none-eabi/lib/armv7-m\libg.a(lib_a-mallocr.o)
                0x1fff856c                __malloc_av_
 .data.__malloc_trim_threshold
                0x1fff8974        0x4 j:/psoc/psoc creator/4.1/psoc creator/import/gnu/arm/5.4.1/bin/../lib/gcc/arm-none-eabi/5.4.1/../../../../arm-none-eabi/lib/armv7-m\libg.a(lib_a-mallocr.o)
                0x1fff8974                __malloc_trim_threshold
 .data.__malloc_sbrk_base
                0x1fff8978        0x4 j:/psoc/psoc creator/4.1/psoc creator/import/gnu/arm/5.4.1/bin/../lib/gcc/arm-none-eabi/5.4.1/../../../../arm-none-eabi/lib/armv7-m\libg.a(lib_a-mallocr.o)
                0x1fff8978                __malloc_sbrk_base
 .data.__mbtowc
                0x1fff897c        0x4 j:/psoc/psoc creator/4.1/psoc creator/import/gnu/arm/5.4.1/bin/../lib/gcc/arm-none-eabi/5.4.1/../../../../arm-none-eabi/lib/armv7-m\libg.a(lib_a-mbtowc_r.o)
                0x1fff897c                __mbtowc
 .data.__wctomb
                0x1fff8980        0x4 j:/psoc/psoc creator/4.1/psoc creator/import/gnu/arm/5.4.1/bin/../lib/gcc/arm-none-eabi/5.4.1/../../../../arm-none-eabi/lib/armv7-m\libg.a(lib_a-wctomb_r.o)
                0x1fff8980                __wctomb
                0x1fff8988                . = ALIGN (0x8)
 *fill*         0x1fff8984        0x4 
 *(.ram)
                0x1fff8988                _edata = .

.igot.plt       0x1fff8988        0x0 load address 0x0000bd70
 .igot.plt      0x1fff8988        0x0 j:/psoc/psoc creator/4.1/psoc creator/import/gnu/arm/5.4.1/bin/../lib/gcc/arm-none-eabi/5.4.1/armv7-m/crtbegin.o

.bss            0x1fff8988       0x68 load address 0x0000bd70
                0x1fff8988                PROVIDE (__bss_start__, .)
 *(.shbss)
 *(.bss .bss.* .gnu.linkonce.b.*)
 .bss           0x1fff8988       0x1c j:/psoc/psoc creator/4.1/psoc creator/import/gnu/arm/5.4.1/bin/../lib/gcc/arm-none-eabi/5.4.1/armv7-m/crtbegin.o
 .bss           0x1fff89a4        0x1 .\CortexM3\ARM_GCC_541\Debug\ZumoBot.a(PWM.o)
                0x1fff89a4                PWM_initVar
 .bss           0x1fff89a5        0x2 .\CortexM3\ARM_GCC_541\Debug\ZumoBot.a(UART_1.o)
                0x1fff89a5                UART_1_initVar
 .bss           0x1fff89a7        0x1 .\CortexM3\ARM_GCC_541\Debug\ZumoBot.a(ADC_Battery.o)
                0x1fff89a7                ADC_Battery_initVar
 .bss.__malloc_max_total_mem
                0x1fff89a8        0x4 j:/psoc/psoc creator/4.1/psoc creator/import/gnu/arm/5.4.1/bin/../lib/gcc/arm-none-eabi/5.4.1/../../../../arm-none-eabi/lib/armv7-m\libg.a(lib_a-mallocr.o)
                0x1fff89a8                __malloc_max_total_mem
 .bss.__malloc_max_sbrked_mem
                0x1fff89ac        0x4 j:/psoc/psoc creator/4.1/psoc creator/import/gnu/arm/5.4.1/bin/../lib/gcc/arm-none-eabi/5.4.1/../../../../arm-none-eabi/lib/armv7-m\libg.a(lib_a-mallocr.o)
                0x1fff89ac                __malloc_max_sbrked_mem
 .bss.__malloc_top_pad
                0x1fff89b0        0x4 j:/psoc/psoc creator/4.1/psoc creator/import/gnu/arm/5.4.1/bin/../lib/gcc/arm-none-eabi/5.4.1/../../../../arm-none-eabi/lib/armv7-m\libg.a(lib_a-mallocr.o)
                0x1fff89b0                __malloc_top_pad
 .bss.__malloc_current_mallinfo
                0x1fff89b4       0x28 j:/psoc/psoc creator/4.1/psoc creator/import/gnu/arm/5.4.1/bin/../lib/gcc/arm-none-eabi/5.4.1/../../../../arm-none-eabi/lib/armv7-m\libg.a(lib_a-mallocr.o)
                0x1fff89b4                __malloc_current_mallinfo
 *(COMMON)
 COMMON         0x1fff89dc        0xc .\CortexM3\ARM_GCC_541\Debug\ZumoBot.a(ADC_Battery.o)
                0x1fff89dc                ADC_Battery_offset
                0x1fff89de                ADC_Battery_countsPerVolt
                0x1fff89e0                ADC_Battery_shift
                0x1fff89e4                ADC_Battery_countsPer10Volt
 COMMON         0x1fff89e8        0x4 j:/psoc/psoc creator/4.1/psoc creator/import/gnu/arm/5.4.1/bin/../lib/gcc/arm-none-eabi/5.4.1/../../../../arm-none-eabi/lib/armv7-m\libg.a(lib_a-reent.o)
                0x1fff89e8                errno
                0x1fff89f0                . = ALIGN (0x8)
 *fill*         0x1fff89ec        0x4 
 *(.ram.b)
                0x1fff89f0                _end = .
                0x1fff89f0                __end = .
                0x1fff89f0                PROVIDE (end, .)
                0x1fff89f0                PROVIDE (__bss_end__, .)
                0x0000b4b0                __cy_region_init_ram = LOADADDR (.data)
                0x000008c0                __cy_region_init_size_ram = (_edata - ADDR (.data))
                0x00000068                __cy_region_zero_size_ram = (_end - _edata)

.heap           0x1fff89f0      0x800 load address 0x0000bd70
                0x1fff89f0                . = _end
                0x1fff91f0                . = (. + 0x800)
 *fill*         0x1fff89f0      0x800 
                0x1fff91f0                __cy_heap_limit = .

.stack          0x20007800      0x800
                0x20007800                __cy_stack_limit = .
                0x20008000                . = (. + 0x800)
 *fill*         0x20007800      0x800 
                0x00000001                ASSERT ((__cy_stack_limit >= __cy_heap_limit), region RAM overflowed with stack)
                0x00000000                cy_checksum_exclude_size = (CY_APPL_LOADABLE == 0x1)?SIZEOF (.cy_checksum_exclude):0x0
                0x00000001                ASSERT ((cy_checksum_exclude_size <= CY_CHECKSUM_EXCLUDE_SIZE), CY_BOOT: Section .cy_checksum_exclude size exceedes specified limit.)

.cyloadermeta
 *(.cyloadermeta)

.cyloadablemeta
 *(.cyloadablemeta)

.cyconfigecc    0x80000000      0x8c4
 *(.cyconfigecc)
 .cyconfigecc   0x80000000      0x8c4 .\CortexM3\ARM_GCC_541\Debug\cymetadata.o
                0x80000000                cy_meta_configecc

.cycustnvl      0x90000000        0x4
 *(.cycustnvl)
 .cycustnvl     0x90000000        0x4 .\CortexM3\ARM_GCC_541\Debug\cymetadata.o
                0x90000000                cy_meta_custnvl

.cywolatch      0x90100000        0x4
 *(.cywolatch)
 .cywolatch     0x90100000        0x4 .\CortexM3\ARM_GCC_541\Debug\cymetadata.o
                0x90100000                cy_meta_wonvl

.cyeeprom       0x90200000        0x0
 *(.cyeeprom)
                0x00000001                ASSERT ((. <= ((0x90200000 + ee_offset) + ee_size)), .cyeeprom data will not fit in EEPROM)

.cyflashprotect
                0x90400000      0x100
 *(.cyflashprotect)
 .cyflashprotect
                0x90400000      0x100 .\CortexM3\ARM_GCC_541\Debug\cymetadata.o
                0x90400000                cy_meta_flashprotect

.cymeta         0x90500000        0xc
 *(.cymeta)
 .cymeta        0x90500000        0xc .\CortexM3\ARM_GCC_541\Debug\cymetadata.o
                0x90500000                cy_metadata

.rel.dyn        0x0000bd70        0x0 load address 0x9050000c
 .rel.iplt      0x0000bd70        0x0 j:/psoc/psoc creator/4.1/psoc creator/import/gnu/arm/5.4.1/bin/../lib/gcc/arm-none-eabi/5.4.1/armv7-m/crtbegin.o

.stab           0x00000000       0x6c
 *(.stab)
 .stab          0x00000000       0x24 j:/psoc/psoc creator/4.1/psoc creator/import/gnu/arm/5.4.1/bin/../lib/gcc/arm-none-eabi/5.4.1/../../../../arm-none-eabi/lib/armv7-m\libnosys.a(close.o)
 .stab          0x00000024       0x18 j:/psoc/psoc creator/4.1/psoc creator/import/gnu/arm/5.4.1/bin/../lib/gcc/arm-none-eabi/5.4.1/../../../../arm-none-eabi/lib/armv7-m\libnosys.a(fstat.o)
                                 0x24 (size before relaxing)
 .stab          0x0000003c       0x18 j:/psoc/psoc creator/4.1/psoc creator/import/gnu/arm/5.4.1/bin/../lib/gcc/arm-none-eabi/5.4.1/../../../../arm-none-eabi/lib/armv7-m\libnosys.a(isatty.o)
                                 0x24 (size before relaxing)
 .stab          0x00000054       0x18 j:/psoc/psoc creator/4.1/psoc creator/import/gnu/arm/5.4.1/bin/../lib/gcc/arm-none-eabi/5.4.1/../../../../arm-none-eabi/lib/armv7-m\libnosys.a(lseek.o)
                                 0x24 (size before relaxing)

.stabstr        0x00000000       0xe3
 *(.stabstr)
 .stabstr       0x00000000       0xe3 j:/psoc/psoc creator/4.1/psoc creator/import/gnu/arm/5.4.1/bin/../lib/gcc/arm-none-eabi/5.4.1/../../../../arm-none-eabi/lib/armv7-m\libnosys.a(close.o)

.debug
 *(.debug)

.line
 *(.line)

.debug_srcinfo
 *(.debug_srcinfo)

.debug_sfnames
 *(.debug_sfnames)

.debug_aranges  0x00000000     0x11d8
 *(.debug_aranges)
 .debug_aranges
                0x00000000       0x30 .\CortexM3\ARM_GCC_541\Debug\main.o
 .debug_aranges
                0x00000030       0x20 .\CortexM3\ARM_GCC_541\Debug\Accel.o
 .debug_aranges
                0x00000050       0x20 .\CortexM3\ARM_GCC_541\Debug\Ambient.o
 .debug_aranges
                0x00000070       0x20 .\CortexM3\ARM_GCC_541\Debug\Gyro.o
 .debug_aranges
                0x00000090       0x30 .\CortexM3\ARM_GCC_541\Debug\I2C_made.o
 .debug_aranges
                0x000000c0       0x40 .\CortexM3\ARM_GCC_541\Debug\IR.o
 .debug_aranges
                0x00000100       0x20 .\CortexM3\ARM_GCC_541\Debug\Magnet.o
 .debug_aranges
                0x00000120       0x40 .\CortexM3\ARM_GCC_541\Debug\Motor.o
 .debug_aranges
                0x00000160       0x30 .\CortexM3\ARM_GCC_541\Debug\Nunchuk.o
 .debug_aranges
                0x00000190       0x40 .\CortexM3\ARM_GCC_541\Debug\Reflectance.o
 .debug_aranges
                0x000001d0       0x38 .\CortexM3\ARM_GCC_541\Debug\Ultra.o
 .debug_aranges
                0x00000208       0x20 .\CortexM3\ARM_GCC_541\Debug\Beep.o
 .debug_aranges
                0x00000228       0x58 .\CortexM3\ARM_GCC_541\Debug\cyfitter_cfg.o
 .debug_aranges
                0x00000280       0x18 .\CortexM3\ARM_GCC_541\Debug\cymetadata.o
 .debug_aranges
                0x00000298       0x48 .\CortexM3\ARM_GCC_541\Debug\Cm3Start.o
 .debug_aranges
                0x000002e0       0xa8 .\CortexM3\ARM_GCC_541\Debug\ZumoBot.a(PWM.o)
 .debug_aranges
                0x00000388       0x38 .\CortexM3\ARM_GCC_541\Debug\ZumoBot.a(I2C.o)
 .debug_aranges
                0x000003c0       0x20 .\CortexM3\ARM_GCC_541\Debug\ZumoBot.a(I2C_INT.o)
 .debug_aranges
                0x000003e0       0x38 .\CortexM3\ARM_GCC_541\Debug\ZumoBot.a(I2C_PM.o)
 .debug_aranges
                0x00000418       0x80 .\CortexM3\ARM_GCC_541\Debug\ZumoBot.a(I2C_MASTER.o)
 .debug_aranges
                0x00000498      0x2a0 .\CortexM3\ARM_GCC_541\Debug\ZumoBot.a(CyLib.o)
 .debug_aranges
                0x00000738       0x98 .\CortexM3\ARM_GCC_541\Debug\ZumoBot.a(cyPm.o)
 .debug_aranges
                0x000007d0       0x38 .\CortexM3\ARM_GCC_541\Debug\ZumoBot.a(MotorDirLeft.o)
 .debug_aranges
                0x00000808       0x38 .\CortexM3\ARM_GCC_541\Debug\ZumoBot.a(MotorDirRight.o)
 .debug_aranges
                0x00000840       0x80 .\CortexM3\ARM_GCC_541\Debug\ZumoBot.a(sensor_isr.o)
 .debug_aranges
                0x000008c0       0xf0 .\CortexM3\ARM_GCC_541\Debug\ZumoBot.a(UART_1.o)
 .debug_aranges
                0x000009b0       0xa8 .\CortexM3\ARM_GCC_541\Debug\ZumoBot.a(ADC_Battery.o)
 .debug_aranges
                0x00000a58       0x20 .\CortexM3\ARM_GCC_541\Debug\ZumoBot.a(ADC_Battery_INT.o)
 .debug_aranges
                0x00000a78       0x38 .\CortexM3\ARM_GCC_541\Debug\ZumoBot.a(BatteryLed.o)
 .debug_aranges
                0x00000ab0       0x38 .\CortexM3\ARM_GCC_541\Debug\ZumoBot.a(IR_receiver.o)
 .debug_aranges
                0x00000ae8       0x38 .\CortexM3\ARM_GCC_541\Debug\ZumoBot.a(Trig.o)
 .debug_aranges
                0x00000b20       0x88 .\CortexM3\ARM_GCC_541\Debug\ZumoBot.a(Timer.o)
 .debug_aranges
                0x00000ba8       0x38 .\CortexM3\ARM_GCC_541\Debug\ZumoBot.a(Echo.o)
 .debug_aranges
                0x00000be0       0x80 .\CortexM3\ARM_GCC_541\Debug\ZumoBot.a(ultra_isr.o)
 .debug_aranges
                0x00000c60       0x70 .\CortexM3\ARM_GCC_541\Debug\ZumoBot.a(UART_1_IntClock.o)
 .debug_aranges
                0x00000cd0       0x70 .\CortexM3\ARM_GCC_541\Debug\ZumoBot.a(ADC_Battery_theACLK.o)
 .debug_aranges
                0x00000d40       0x80 .\CortexM3\ARM_GCC_541\Debug\ZumoBot.a(Buzzer_PWM.o)
 .debug_aranges
                0x00000dc0       0x38 .\CortexM3\ARM_GCC_541\Debug\ZumoBot.a(L3.o)
 .debug_aranges
                0x00000df8       0x88 .\CortexM3\ARM_GCC_541\Debug\ZumoBot.a(Timer_L3.o)
 .debug_aranges
                0x00000e80       0x88 .\CortexM3\ARM_GCC_541\Debug\ZumoBot.a(Timer_R3.o)
 .debug_aranges
                0x00000f08       0x88 .\CortexM3\ARM_GCC_541\Debug\ZumoBot.a(Timer_R1.o)
 .debug_aranges
                0x00000f90       0x38 .\CortexM3\ARM_GCC_541\Debug\ZumoBot.a(R1.o)
 .debug_aranges
                0x00000fc8       0x38 .\CortexM3\ARM_GCC_541\Debug\ZumoBot.a(R3.o)
 .debug_aranges
                0x00001000       0x88 .\CortexM3\ARM_GCC_541\Debug\ZumoBot.a(Timer_L1.o)
 .debug_aranges
                0x00001088       0x38 .\CortexM3\ARM_GCC_541\Debug\ZumoBot.a(L1.o)
 .debug_aranges
                0x000010c0       0x20 .\CortexM3\ARM_GCC_541\Debug\ZumoBot.a(CyBootAsmGnu.o)
 .debug_aranges
                0x000010e0       0x80 .\CortexM3\ARM_GCC_541\Debug\ZumoBot.a(CyFlash.o)
 .debug_aranges
                0x00001160       0x78 .\CortexM3\ARM_GCC_541\Debug\ZumoBot.a(CySpc.o)

.debug_pubnames
 *(.debug_pubnames)

.debug_info     0x00000000     0x9446
 *(.debug_info .gnu.linkonce.wi.*)
 .debug_info    0x00000000      0x3e8 .\CortexM3\ARM_GCC_541\Debug\main.o
 .debug_info    0x000003e8      0x138 .\CortexM3\ARM_GCC_541\Debug\Accel.o
 .debug_info    0x00000520      0x10e .\CortexM3\ARM_GCC_541\Debug\Ambient.o
 .debug_info    0x0000062e      0x10a .\CortexM3\ARM_GCC_541\Debug\Gyro.o
 .debug_info    0x00000738      0x2e3 .\CortexM3\ARM_GCC_541\Debug\I2C_made.o
 .debug_info    0x00000a1b      0x22d .\CortexM3\ARM_GCC_541\Debug\IR.o
 .debug_info    0x00000c48      0x145 .\CortexM3\ARM_GCC_541\Debug\Magnet.o
 .debug_info    0x00000d8d      0x2ed .\CortexM3\ARM_GCC_541\Debug\Motor.o
 .debug_info    0x0000107a      0x2b6 .\CortexM3\ARM_GCC_541\Debug\Nunchuk.o
 .debug_info    0x00001330      0x55f .\CortexM3\ARM_GCC_541\Debug\Reflectance.o
 .debug_info    0x0000188f      0x6ac .\CortexM3\ARM_GCC_541\Debug\Ultra.o
 .debug_info    0x00001f3b      0x194 .\CortexM3\ARM_GCC_541\Debug\Beep.o
 .debug_info    0x000020cf      0x63d .\CortexM3\ARM_GCC_541\Debug\cyfitter_cfg.o
 .debug_info    0x0000270c      0x139 .\CortexM3\ARM_GCC_541\Debug\cymetadata.o
 .debug_info    0x00002845      0x3b5 .\CortexM3\ARM_GCC_541\Debug\Cm3Start.o
 .debug_info    0x00002bfa      0x383 .\CortexM3\ARM_GCC_541\Debug\ZumoBot.a(PWM.o)
 .debug_info    0x00002f7d      0x2ad .\CortexM3\ARM_GCC_541\Debug\ZumoBot.a(I2C.o)
 .debug_info    0x0000322a      0x184 .\CortexM3\ARM_GCC_541\Debug\ZumoBot.a(I2C_INT.o)
 .debug_info    0x000033ae      0x207 .\CortexM3\ARM_GCC_541\Debug\ZumoBot.a(I2C_PM.o)
 .debug_info    0x000035b5      0x407 .\CortexM3\ARM_GCC_541\Debug\ZumoBot.a(I2C_MASTER.o)
 .debug_info    0x000039bc     0x1374 .\CortexM3\ARM_GCC_541\Debug\ZumoBot.a(CyLib.o)
 .debug_info    0x00004d30      0xa1d .\CortexM3\ARM_GCC_541\Debug\ZumoBot.a(cyPm.o)
 .debug_info    0x0000574d      0x11f .\CortexM3\ARM_GCC_541\Debug\ZumoBot.a(MotorDirLeft.o)
 .debug_info    0x0000586c      0x11f .\CortexM3\ARM_GCC_541\Debug\ZumoBot.a(MotorDirRight.o)
 .debug_info    0x0000598b      0x2d2 .\CortexM3\ARM_GCC_541\Debug\ZumoBot.a(sensor_isr.o)
 .debug_info    0x00005c5d      0x60c .\CortexM3\ARM_GCC_541\Debug\ZumoBot.a(UART_1.o)
 .debug_info    0x00006269      0x5c0 .\CortexM3\ARM_GCC_541\Debug\ZumoBot.a(ADC_Battery.o)
 .debug_info    0x00006829       0x92 .\CortexM3\ARM_GCC_541\Debug\ZumoBot.a(ADC_Battery_INT.o)
 .debug_info    0x000068bb      0x11f .\CortexM3\ARM_GCC_541\Debug\ZumoBot.a(BatteryLed.o)
 .debug_info    0x000069da      0x11f .\CortexM3\ARM_GCC_541\Debug\ZumoBot.a(IR_receiver.o)
 .debug_info    0x00006af9      0x11f .\CortexM3\ARM_GCC_541\Debug\ZumoBot.a(Trig.o)
 .debug_info    0x00006c18      0x2d3 .\CortexM3\ARM_GCC_541\Debug\ZumoBot.a(Timer.o)
 .debug_info    0x00006eeb      0x11f .\CortexM3\ARM_GCC_541\Debug\ZumoBot.a(Echo.o)
 .debug_info    0x0000700a      0x2d2 .\CortexM3\ARM_GCC_541\Debug\ZumoBot.a(ultra_isr.o)
 .debug_info    0x000072dc      0x283 .\CortexM3\ARM_GCC_541\Debug\ZumoBot.a(UART_1_IntClock.o)
 .debug_info    0x0000755f      0x283 .\CortexM3\ARM_GCC_541\Debug\ZumoBot.a(ADC_Battery_theACLK.o)
 .debug_info    0x000077e2      0x279 .\CortexM3\ARM_GCC_541\Debug\ZumoBot.a(Buzzer_PWM.o)
 .debug_info    0x00007a5b      0x11f .\CortexM3\ARM_GCC_541\Debug\ZumoBot.a(L3.o)
 .debug_info    0x00007b7a      0x295 .\CortexM3\ARM_GCC_541\Debug\ZumoBot.a(Timer_L3.o)
 .debug_info    0x00007e0f      0x295 .\CortexM3\ARM_GCC_541\Debug\ZumoBot.a(Timer_R3.o)
 .debug_info    0x000080a4      0x295 .\CortexM3\ARM_GCC_541\Debug\ZumoBot.a(Timer_R1.o)
 .debug_info    0x00008339      0x11f .\CortexM3\ARM_GCC_541\Debug\ZumoBot.a(R1.o)
 .debug_info    0x00008458      0x11f .\CortexM3\ARM_GCC_541\Debug\ZumoBot.a(R3.o)
 .debug_info    0x00008577      0x295 .\CortexM3\ARM_GCC_541\Debug\ZumoBot.a(Timer_L1.o)
 .debug_info    0x0000880c      0x11f .\CortexM3\ARM_GCC_541\Debug\ZumoBot.a(L1.o)
 .debug_info    0x0000892b       0x7a .\CortexM3\ARM_GCC_541\Debug\ZumoBot.a(CyBootAsmGnu.o)
 .debug_info    0x000089a5      0x5b8 .\CortexM3\ARM_GCC_541\Debug\ZumoBot.a(CyFlash.o)
 .debug_info    0x00008f5d      0x4e9 .\CortexM3\ARM_GCC_541\Debug\ZumoBot.a(CySpc.o)

.debug_abbrev   0x00000000     0x31cc
 *(.debug_abbrev)
 .debug_abbrev  0x00000000      0x14b .\CortexM3\ARM_GCC_541\Debug\main.o
 .debug_abbrev  0x0000014b       0xae .\CortexM3\ARM_GCC_541\Debug\Accel.o
 .debug_abbrev  0x000001f9       0x8c .\CortexM3\ARM_GCC_541\Debug\Ambient.o
 .debug_abbrev  0x00000285       0xa5 .\CortexM3\ARM_GCC_541\Debug\Gyro.o
 .debug_abbrev  0x0000032a      0x124 .\CortexM3\ARM_GCC_541\Debug\I2C_made.o
 .debug_abbrev  0x0000044e      0x100 .\CortexM3\ARM_GCC_541\Debug\IR.o
 .debug_abbrev  0x0000054e       0xba .\CortexM3\ARM_GCC_541\Debug\Magnet.o
 .debug_abbrev  0x00000608       0xdd .\CortexM3\ARM_GCC_541\Debug\Motor.o
 .debug_abbrev  0x000006e5       0xe4 .\CortexM3\ARM_GCC_541\Debug\Nunchuk.o
 .debug_abbrev  0x000007c9      0x11d .\CortexM3\ARM_GCC_541\Debug\Reflectance.o
 .debug_abbrev  0x000008e6      0x21b .\CortexM3\ARM_GCC_541\Debug\Ultra.o
 .debug_abbrev  0x00000b01       0xc9 .\CortexM3\ARM_GCC_541\Debug\Beep.o
 .debug_abbrev  0x00000bca      0x20d .\CortexM3\ARM_GCC_541\Debug\cyfitter_cfg.o
 .debug_abbrev  0x00000dd7       0x77 .\CortexM3\ARM_GCC_541\Debug\cymetadata.o
 .debug_abbrev  0x00000e4e      0x1e8 .\CortexM3\ARM_GCC_541\Debug\Cm3Start.o
 .debug_abbrev  0x00001036      0x133 .\CortexM3\ARM_GCC_541\Debug\ZumoBot.a(PWM.o)
 .debug_abbrev  0x00001169      0x10a .\CortexM3\ARM_GCC_541\Debug\ZumoBot.a(I2C.o)
 .debug_abbrev  0x00001273       0xb6 .\CortexM3\ARM_GCC_541\Debug\ZumoBot.a(I2C_INT.o)
 .debug_abbrev  0x00001329       0xfe .\CortexM3\ARM_GCC_541\Debug\ZumoBot.a(I2C_PM.o)
 .debug_abbrev  0x00001427      0x13c .\CortexM3\ARM_GCC_541\Debug\ZumoBot.a(I2C_MASTER.o)
 .debug_abbrev  0x00001563      0x254 .\CortexM3\ARM_GCC_541\Debug\ZumoBot.a(CyLib.o)
 .debug_abbrev  0x000017b7      0x1ab .\CortexM3\ARM_GCC_541\Debug\ZumoBot.a(cyPm.o)
 .debug_abbrev  0x00001962       0x90 .\CortexM3\ARM_GCC_541\Debug\ZumoBot.a(MotorDirLeft.o)
 .debug_abbrev  0x000019f2       0x90 .\CortexM3\ARM_GCC_541\Debug\ZumoBot.a(MotorDirRight.o)
 .debug_abbrev  0x00001a82      0x173 .\CortexM3\ARM_GCC_541\Debug\ZumoBot.a(sensor_isr.o)
 .debug_abbrev  0x00001bf5      0x175 .\CortexM3\ARM_GCC_541\Debug\ZumoBot.a(UART_1.o)
 .debug_abbrev  0x00001d6a      0x1ac .\CortexM3\ARM_GCC_541\Debug\ZumoBot.a(ADC_Battery.o)
 .debug_abbrev  0x00001f16       0x42 .\CortexM3\ARM_GCC_541\Debug\ZumoBot.a(ADC_Battery_INT.o)
 .debug_abbrev  0x00001f58       0x90 .\CortexM3\ARM_GCC_541\Debug\ZumoBot.a(BatteryLed.o)
 .debug_abbrev  0x00001fe8       0x90 .\CortexM3\ARM_GCC_541\Debug\ZumoBot.a(IR_receiver.o)
 .debug_abbrev  0x00002078       0x90 .\CortexM3\ARM_GCC_541\Debug\ZumoBot.a(Trig.o)
 .debug_abbrev  0x00002108      0x13a .\CortexM3\ARM_GCC_541\Debug\ZumoBot.a(Timer.o)
 .debug_abbrev  0x00002242       0x90 .\CortexM3\ARM_GCC_541\Debug\ZumoBot.a(Echo.o)
 .debug_abbrev  0x000022d2      0x173 .\CortexM3\ARM_GCC_541\Debug\ZumoBot.a(ultra_isr.o)
 .debug_abbrev  0x00002445      0x139 .\CortexM3\ARM_GCC_541\Debug\ZumoBot.a(UART_1_IntClock.o)
 .debug_abbrev  0x0000257e      0x139 .\CortexM3\ARM_GCC_541\Debug\ZumoBot.a(ADC_Battery_theACLK.o)
 .debug_abbrev  0x000026b7      0x12d .\CortexM3\ARM_GCC_541\Debug\ZumoBot.a(Buzzer_PWM.o)
 .debug_abbrev  0x000027e4       0x90 .\CortexM3\ARM_GCC_541\Debug\ZumoBot.a(L3.o)
 .debug_abbrev  0x00002874      0x11a .\CortexM3\ARM_GCC_541\Debug\ZumoBot.a(Timer_L3.o)
 .debug_abbrev  0x0000298e      0x11a .\CortexM3\ARM_GCC_541\Debug\ZumoBot.a(Timer_R3.o)
 .debug_abbrev  0x00002aa8      0x11a .\CortexM3\ARM_GCC_541\Debug\ZumoBot.a(Timer_R1.o)
 .debug_abbrev  0x00002bc2       0x90 .\CortexM3\ARM_GCC_541\Debug\ZumoBot.a(R1.o)
 .debug_abbrev  0x00002c52       0x90 .\CortexM3\ARM_GCC_541\Debug\ZumoBot.a(R3.o)
 .debug_abbrev  0x00002ce2      0x11a .\CortexM3\ARM_GCC_541\Debug\ZumoBot.a(Timer_L1.o)
 .debug_abbrev  0x00002dfc       0x90 .\CortexM3\ARM_GCC_541\Debug\ZumoBot.a(L1.o)
 .debug_abbrev  0x00002e8c       0x14 .\CortexM3\ARM_GCC_541\Debug\ZumoBot.a(CyBootAsmGnu.o)
 .debug_abbrev  0x00002ea0      0x198 .\CortexM3\ARM_GCC_541\Debug\ZumoBot.a(CyFlash.o)
 .debug_abbrev  0x00003038      0x194 .\CortexM3\ARM_GCC_541\Debug\ZumoBot.a(CySpc.o)

.debug_line     0x00000000     0x47b2
 *(.debug_line)
 .debug_line    0x00000000      0x252 .\CortexM3\ARM_GCC_541\Debug\main.o
 .debug_line    0x00000252      0x1a1 .\CortexM3\ARM_GCC_541\Debug\Accel.o
 .debug_line    0x000003f3       0xcc .\CortexM3\ARM_GCC_541\Debug\Ambient.o
 .debug_line    0x000004bf      0x146 .\CortexM3\ARM_GCC_541\Debug\Gyro.o
 .debug_line    0x00000605      0x198 .\CortexM3\ARM_GCC_541\Debug\I2C_made.o
 .debug_line    0x0000079d      0x1da .\CortexM3\ARM_GCC_541\Debug\IR.o
 .debug_line    0x00000977      0x1a0 .\CortexM3\ARM_GCC_541\Debug\Magnet.o
 .debug_line    0x00000b17      0x1c9 .\CortexM3\ARM_GCC_541\Debug\Motor.o
 .debug_line    0x00000ce0      0x194 .\CortexM3\ARM_GCC_541\Debug\Nunchuk.o
 .debug_line    0x00000e74      0x246 .\CortexM3\ARM_GCC_541\Debug\Reflectance.o
 .debug_line    0x000010ba      0x1dc .\CortexM3\ARM_GCC_541\Debug\Ultra.o
 .debug_line    0x00001296      0x164 .\CortexM3\ARM_GCC_541\Debug\Beep.o
 .debug_line    0x000013fa      0x1f7 .\CortexM3\ARM_GCC_541\Debug\cyfitter_cfg.o
 .debug_line    0x000015f1      0x113 .\CortexM3\ARM_GCC_541\Debug\cymetadata.o
 .debug_line    0x00001704      0x206 .\CortexM3\ARM_GCC_541\Debug\Cm3Start.o
 .debug_line    0x0000190a      0x1a7 .\CortexM3\ARM_GCC_541\Debug\ZumoBot.a(PWM.o)
 .debug_line    0x00001ab1       0xd9 .\CortexM3\ARM_GCC_541\Debug\ZumoBot.a(I2C.o)
 .debug_line    0x00001b8a      0x114 .\CortexM3\ARM_GCC_541\Debug\ZumoBot.a(I2C_INT.o)
 .debug_line    0x00001c9e       0xbb .\CortexM3\ARM_GCC_541\Debug\ZumoBot.a(I2C_PM.o)
 .debug_line    0x00001d59      0x1fd .\CortexM3\ARM_GCC_541\Debug\ZumoBot.a(I2C_MASTER.o)
 .debug_line    0x00001f56      0x816 .\CortexM3\ARM_GCC_541\Debug\ZumoBot.a(CyLib.o)
 .debug_line    0x0000276c      0x364 .\CortexM3\ARM_GCC_541\Debug\ZumoBot.a(cyPm.o)
 .debug_line    0x00002ad0       0x99 .\CortexM3\ARM_GCC_541\Debug\ZumoBot.a(MotorDirLeft.o)
 .debug_line    0x00002b69       0x9a .\CortexM3\ARM_GCC_541\Debug\ZumoBot.a(MotorDirRight.o)
 .debug_line    0x00002c03      0x137 .\CortexM3\ARM_GCC_541\Debug\ZumoBot.a(sensor_isr.o)
 .debug_line    0x00002d3a      0x2c0 .\CortexM3\ARM_GCC_541\Debug\ZumoBot.a(UART_1.o)
 .debug_line    0x00002ffa      0x222 .\CortexM3\ARM_GCC_541\Debug\ZumoBot.a(ADC_Battery.o)
 .debug_line    0x0000321c       0x58 .\CortexM3\ARM_GCC_541\Debug\ZumoBot.a(ADC_Battery_INT.o)
 .debug_line    0x00003274       0x97 .\CortexM3\ARM_GCC_541\Debug\ZumoBot.a(BatteryLed.o)
 .debug_line    0x0000330b       0x98 .\CortexM3\ARM_GCC_541\Debug\ZumoBot.a(IR_receiver.o)
 .debug_line    0x000033a3       0x91 .\CortexM3\ARM_GCC_541\Debug\ZumoBot.a(Trig.o)
 .debug_line    0x00003434      0x159 .\CortexM3\ARM_GCC_541\Debug\ZumoBot.a(Timer.o)
 .debug_line    0x0000358d       0x91 .\CortexM3\ARM_GCC_541\Debug\ZumoBot.a(Echo.o)
 .debug_line    0x0000361e      0x136 .\CortexM3\ARM_GCC_541\Debug\ZumoBot.a(ultra_isr.o)
 .debug_line    0x00003754      0x17e .\CortexM3\ARM_GCC_541\Debug\ZumoBot.a(UART_1_IntClock.o)
 .debug_line    0x000038d2      0x182 .\CortexM3\ARM_GCC_541\Debug\ZumoBot.a(ADC_Battery_theACLK.o)
 .debug_line    0x00003a54      0x13f .\CortexM3\ARM_GCC_541\Debug\ZumoBot.a(Buzzer_PWM.o)
 .debug_line    0x00003b93       0x8f .\CortexM3\ARM_GCC_541\Debug\ZumoBot.a(L3.o)
 .debug_line    0x00003c22      0x156 .\CortexM3\ARM_GCC_541\Debug\ZumoBot.a(Timer_L3.o)
 .debug_line    0x00003d78      0x156 .\CortexM3\ARM_GCC_541\Debug\ZumoBot.a(Timer_R3.o)
 .debug_line    0x00003ece      0x156 .\CortexM3\ARM_GCC_541\Debug\ZumoBot.a(Timer_R1.o)
 .debug_line    0x00004024       0x8f .\CortexM3\ARM_GCC_541\Debug\ZumoBot.a(R1.o)
 .debug_line    0x000040b3       0x8f .\CortexM3\ARM_GCC_541\Debug\ZumoBot.a(R3.o)
 .debug_line    0x00004142      0x156 .\CortexM3\ARM_GCC_541\Debug\ZumoBot.a(Timer_L1.o)
 .debug_line    0x00004298       0x8f .\CortexM3\ARM_GCC_541\Debug\ZumoBot.a(L1.o)
 .debug_line    0x00004327       0x66 .\CortexM3\ARM_GCC_541\Debug\ZumoBot.a(CyBootAsmGnu.o)
 .debug_line    0x0000438d      0x1e9 .\CortexM3\ARM_GCC_541\Debug\ZumoBot.a(CyFlash.o)
 .debug_line    0x00004576      0x23c .\CortexM3\ARM_GCC_541\Debug\ZumoBot.a(CySpc.o)

.debug_frame    0x00000000     0x42c4
 *(.debug_frame)
 .debug_frame   0x00000000       0x7c .\CortexM3\ARM_GCC_541\Debug\main.o
 .debug_frame   0x0000007c       0x38 .\CortexM3\ARM_GCC_541\Debug\Accel.o
 .debug_frame   0x000000b4       0x3c .\CortexM3\ARM_GCC_541\Debug\Ambient.o
 .debug_frame   0x000000f0       0x2c .\CortexM3\ARM_GCC_541\Debug\Gyro.o
 .debug_frame   0x0000011c       0x64 .\CortexM3\ARM_GCC_541\Debug\I2C_made.o
 .debug_frame   0x00000180       0xa4 .\CortexM3\ARM_GCC_541\Debug\IR.o
 .debug_frame   0x00000224       0x2c .\CortexM3\ARM_GCC_541\Debug\Magnet.o
 .debug_frame   0x00000250       0xa8 .\CortexM3\ARM_GCC_541\Debug\Motor.o
 .debug_frame   0x000002f8       0x70 .\CortexM3\ARM_GCC_541\Debug\Nunchuk.o
 .debug_frame   0x00000368       0x90 .\CortexM3\ARM_GCC_541\Debug\Reflectance.o
 .debug_frame   0x000003f8       0x74 .\CortexM3\ARM_GCC_541\Debug\Ultra.o
 .debug_frame   0x0000046c       0x30 .\CortexM3\ARM_GCC_541\Debug\Beep.o
 .debug_frame   0x0000049c       0xfc .\CortexM3\ARM_GCC_541\Debug\cyfitter_cfg.o
 .debug_frame   0x00000598       0xb8 .\CortexM3\ARM_GCC_541\Debug\Cm3Start.o
 .debug_frame   0x00000650      0x154 .\CortexM3\ARM_GCC_541\Debug\ZumoBot.a(PWM.o)
 .debug_frame   0x000007a4       0x94 .\CortexM3\ARM_GCC_541\Debug\ZumoBot.a(I2C.o)
 .debug_frame   0x00000838       0x30 .\CortexM3\ARM_GCC_541\Debug\ZumoBot.a(I2C_INT.o)
 .debug_frame   0x00000868       0x74 .\CortexM3\ARM_GCC_541\Debug\ZumoBot.a(I2C_PM.o)
 .debug_frame   0x000008dc      0x138 .\CortexM3\ARM_GCC_541\Debug\ZumoBot.a(I2C_MASTER.o)
 .debug_frame   0x00000a14      0x738 .\CortexM3\ARM_GCC_541\Debug\ZumoBot.a(CyLib.o)
 .debug_frame   0x0000114c      0x1f8 .\CortexM3\ARM_GCC_541\Debug\ZumoBot.a(cyPm.o)
 .debug_frame   0x00001344       0x50 .\CortexM3\ARM_GCC_541\Debug\ZumoBot.a(MotorDirLeft.o)
 .debug_frame   0x00001394       0x50 .\CortexM3\ARM_GCC_541\Debug\ZumoBot.a(MotorDirRight.o)
 .debug_frame   0x000013e4      0x104 .\CortexM3\ARM_GCC_541\Debug\ZumoBot.a(sensor_isr.o)
 .debug_frame   0x000014e8      0x250 .\CortexM3\ARM_GCC_541\Debug\ZumoBot.a(UART_1.o)
 .debug_frame   0x00001738      0x1b0 .\CortexM3\ARM_GCC_541\Debug\ZumoBot.a(ADC_Battery.o)
 .debug_frame   0x000018e8       0x20 .\CortexM3\ARM_GCC_541\Debug\ZumoBot.a(ADC_Battery_INT.o)
 .debug_frame   0x00001908       0x50 .\CortexM3\ARM_GCC_541\Debug\ZumoBot.a(BatteryLed.o)
 .debug_frame   0x00001958       0x50 .\CortexM3\ARM_GCC_541\Debug\ZumoBot.a(IR_receiver.o)
 .debug_frame   0x000019a8       0x50 .\CortexM3\ARM_GCC_541\Debug\ZumoBot.a(Trig.o)
 .debug_frame   0x000019f8      0x114 .\CortexM3\ARM_GCC_541\Debug\ZumoBot.a(Timer.o)
 .debug_frame   0x00001b0c       0x50 .\CortexM3\ARM_GCC_541\Debug\ZumoBot.a(Echo.o)
 .debug_frame   0x00001b5c      0x104 .\CortexM3\ARM_GCC_541\Debug\ZumoBot.a(ultra_isr.o)
 .debug_frame   0x00001c60       0xe0 .\CortexM3\ARM_GCC_541\Debug\ZumoBot.a(UART_1_IntClock.o)
 .debug_frame   0x00001d40       0xe0 .\CortexM3\ARM_GCC_541\Debug\ZumoBot.a(ADC_Battery_theACLK.o)
 .debug_frame   0x00001e20       0xf8 .\CortexM3\ARM_GCC_541\Debug\ZumoBot.a(Buzzer_PWM.o)
 .debug_frame   0x00001f18       0x50 .\CortexM3\ARM_GCC_541\Debug\ZumoBot.a(L3.o)
 .debug_frame   0x00001f68      0x108 .\CortexM3\ARM_GCC_541\Debug\ZumoBot.a(Timer_L3.o)
 .debug_frame   0x00002070      0x108 .\CortexM3\ARM_GCC_541\Debug\ZumoBot.a(Timer_R3.o)
 .debug_frame   0x00002178      0x108 .\CortexM3\ARM_GCC_541\Debug\ZumoBot.a(Timer_R1.o)
 .debug_frame   0x00002280       0x50 .\CortexM3\ARM_GCC_541\Debug\ZumoBot.a(R1.o)
 .debug_frame   0x000022d0       0x50 .\CortexM3\ARM_GCC_541\Debug\ZumoBot.a(R3.o)
 .debug_frame   0x00002320      0x108 .\CortexM3\ARM_GCC_541\Debug\ZumoBot.a(Timer_L1.o)
 .debug_frame   0x00002428       0x50 .\CortexM3\ARM_GCC_541\Debug\ZumoBot.a(L1.o)
 .debug_frame   0x00002478      0x174 .\CortexM3\ARM_GCC_541\Debug\ZumoBot.a(CyFlash.o)
 .debug_frame   0x000025ec      0x160 .\CortexM3\ARM_GCC_541\Debug\ZumoBot.a(CySpc.o)
 .debug_frame   0x0000274c       0x20 j:/psoc/psoc creator/4.1/psoc creator/import/gnu/arm/5.4.1/bin/../lib/gcc/arm-none-eabi/5.4.1/../../../../arm-none-eabi/lib/armv7-m\libm.a(lib_a-w_atan2.o)
 .debug_frame   0x0000276c       0x4c j:/psoc/psoc creator/4.1/psoc creator/import/gnu/arm/5.4.1/bin/../lib/gcc/arm-none-eabi/5.4.1/../../../../arm-none-eabi/lib/armv7-m\libm.a(lib_a-w_pow.o)
 .debug_frame   0x000027b8       0x48 j:/psoc/psoc creator/4.1/psoc creator/import/gnu/arm/5.4.1/bin/../lib/gcc/arm-none-eabi/5.4.1/../../../../arm-none-eabi/lib/armv7-m\libm.a(lib_a-e_atan2.o)
 .debug_frame   0x00002800       0x68 j:/psoc/psoc creator/4.1/psoc creator/import/gnu/arm/5.4.1/bin/../lib/gcc/arm-none-eabi/5.4.1/../../../../arm-none-eabi/lib/armv7-m\libm.a(lib_a-e_pow.o)
 .debug_frame   0x00002868       0x30 j:/psoc/psoc creator/4.1/psoc creator/import/gnu/arm/5.4.1/bin/../lib/gcc/arm-none-eabi/5.4.1/../../../../arm-none-eabi/lib/armv7-m\libm.a(lib_a-e_sqrt.o)
 .debug_frame   0x00002898       0x38 j:/psoc/psoc creator/4.1/psoc creator/import/gnu/arm/5.4.1/bin/../lib/gcc/arm-none-eabi/5.4.1/../../../../arm-none-eabi/lib/armv7-m\libm.a(lib_a-s_atan.o)
 .debug_frame   0x000028d0       0x20 j:/psoc/psoc creator/4.1/psoc creator/import/gnu/arm/5.4.1/bin/../lib/gcc/arm-none-eabi/5.4.1/../../../../arm-none-eabi/lib/armv7-m\libm.a(lib_a-s_fabs.o)
 .debug_frame   0x000028f0       0x20 j:/psoc/psoc creator/4.1/psoc creator/import/gnu/arm/5.4.1/bin/../lib/gcc/arm-none-eabi/5.4.1/../../../../arm-none-eabi/lib/armv7-m\libm.a(lib_a-s_finite.o)
 .debug_frame   0x00002910       0x20 j:/psoc/psoc creator/4.1/psoc creator/import/gnu/arm/5.4.1/bin/../lib/gcc/arm-none-eabi/5.4.1/../../../../arm-none-eabi/lib/armv7-m\libm.a(lib_a-s_matherr.o)
 .debug_frame   0x00002930       0x20 j:/psoc/psoc creator/4.1/psoc creator/import/gnu/arm/5.4.1/bin/../lib/gcc/arm-none-eabi/5.4.1/../../../../arm-none-eabi/lib/armv7-m\libm.a(lib_a-s_nan.o)
 .debug_frame   0x00002950       0x3c j:/psoc/psoc creator/4.1/psoc creator/import/gnu/arm/5.4.1/bin/../lib/gcc/arm-none-eabi/5.4.1/../../../../arm-none-eabi/lib/armv7-m\libm.a(lib_a-s_rint.o)
 .debug_frame   0x0000298c       0x30 j:/psoc/psoc creator/4.1/psoc creator/import/gnu/arm/5.4.1/bin/../lib/gcc/arm-none-eabi/5.4.1/../../../../arm-none-eabi/lib/armv7-m\libm.a(lib_a-s_scalbn.o)
 .debug_frame   0x000029bc       0x20 j:/psoc/psoc creator/4.1/psoc creator/import/gnu/arm/5.4.1/bin/../lib/gcc/arm-none-eabi/5.4.1/../../../../arm-none-eabi/lib/armv7-m\libm.a(lib_a-s_copysign.o)
 .debug_frame   0x000029dc       0x44 j:/psoc/psoc creator/4.1/psoc creator/import/gnu/arm/5.4.1/bin/../lib/gcc/arm-none-eabi/5.4.1/armv7-m\libgcc.a(_aeabi_ldivmod.o)
 .debug_frame   0x00002a20       0x38 j:/psoc/psoc creator/4.1/psoc creator/import/gnu/arm/5.4.1/bin/../lib/gcc/arm-none-eabi/5.4.1/armv7-m\libgcc.a(_udivmoddi4.o)
 .debug_frame   0x00002a58       0x20 j:/psoc/psoc creator/4.1/psoc creator/import/gnu/arm/5.4.1/bin/../lib/gcc/arm-none-eabi/5.4.1/../../../../arm-none-eabi/lib/armv7-m\libg.a(lib_a-errno.o)
 .debug_frame   0x00002a78       0x28 j:/psoc/psoc creator/4.1/psoc creator/import/gnu/arm/5.4.1/bin/../lib/gcc/arm-none-eabi/5.4.1/../../../../arm-none-eabi/lib/armv7-m\libg.a(lib_a-exit.o)
 .debug_frame   0x00002aa0       0x2c j:/psoc/psoc creator/4.1/psoc creator/import/gnu/arm/5.4.1/bin/../lib/gcc/arm-none-eabi/5.4.1/../../../../arm-none-eabi/lib/armv7-m\libg.a(lib_a-init.o)
 .debug_frame   0x00002acc       0x34 j:/psoc/psoc creator/4.1/psoc creator/import/gnu/arm/5.4.1/bin/../lib/gcc/arm-none-eabi/5.4.1/../../../../arm-none-eabi/lib/armv7-m\libg.a(lib_a-memset.o)
 .debug_frame   0x00002b00       0x78 j:/psoc/psoc creator/4.1/psoc creator/import/gnu/arm/5.4.1/bin/../lib/gcc/arm-none-eabi/5.4.1/../../../../arm-none-eabi/lib/armv7-m\libg.a(lib_a-printf.o)
 .debug_frame   0x00002b78       0x48 j:/psoc/psoc creator/4.1/psoc creator/import/gnu/arm/5.4.1/bin/../lib/gcc/arm-none-eabi/5.4.1/../../../../arm-none-eabi/lib/armv7-m\libg.a(lib_a-puts.o)
 .debug_frame   0x00002bc0       0x78 j:/psoc/psoc creator/4.1/psoc creator/import/gnu/arm/5.4.1/bin/../lib/gcc/arm-none-eabi/5.4.1/../../../../arm-none-eabi/lib/armv7-m\libg.a(lib_a-scanf.o)
 .debug_frame   0x00002c38       0x20 j:/psoc/psoc creator/4.1/psoc creator/import/gnu/arm/5.4.1/bin/../lib/gcc/arm-none-eabi/5.4.1/../../../../arm-none-eabi/lib/armv7-m\libg.a(lib_a-strlen-stub.o)
 .debug_frame   0x00002c58       0x88 j:/psoc/psoc creator/4.1/psoc creator/import/gnu/arm/5.4.1/bin/../lib/gcc/arm-none-eabi/5.4.1/../../../../arm-none-eabi/lib/armv7-m\libg.a(lib_a-vfprintf.o)
 .debug_frame   0x00002ce0       0xbc j:/psoc/psoc creator/4.1/psoc creator/import/gnu/arm/5.4.1/bin/../lib/gcc/arm-none-eabi/5.4.1/../../../../arm-none-eabi/lib/armv7-m\libg.a(lib_a-vfscanf.o)
 .debug_frame   0x00002d9c       0x2c j:/psoc/psoc creator/4.1/psoc creator/import/gnu/arm/5.4.1/bin/../lib/gcc/arm-none-eabi/5.4.1/../../../../arm-none-eabi/lib/armv7-m\libg.a(lib_a-wsetup.o)
 .debug_frame   0x00002dc8       0x50 j:/psoc/psoc creator/4.1/psoc creator/import/gnu/arm/5.4.1/bin/../lib/gcc/arm-none-eabi/5.4.1/../../../../arm-none-eabi/lib/armv7-m\libg.a(lib_a-__call_atexit.o)
 .debug_frame   0x00002e18       0x20 j:/psoc/psoc creator/4.1/psoc creator/import/gnu/arm/5.4.1/bin/../lib/gcc/arm-none-eabi/5.4.1/../../../../arm-none-eabi/lib/armv7-m\libg.a(lib_a-atexit.o)
 .debug_frame   0x00002e38       0x84 j:/psoc/psoc creator/4.1/psoc creator/import/gnu/arm/5.4.1/bin/../lib/gcc/arm-none-eabi/5.4.1/../../../../arm-none-eabi/lib/armv7-m\libg.a(lib_a-dtoa.o)